Archive member included to satisfy reference by file (symbol)

.\CortexM3\ARM_GCC_541\Debug\SPI_Master.a(UART_USB.o)
                              .\CortexM3\ARM_GCC_541\Debug\main.o (UART_USB_Start)
.\CortexM3\ARM_GCC_541\Debug\SPI_Master.a(DMA_RX_dma.o)
                              .\CortexM3\ARM_GCC_541\Debug\main.o (DMA_RX_DmaInitialize)
.\CortexM3\ARM_GCC_541\Debug\SPI_Master.a(SPIM.o)
                              .\CortexM3\ARM_GCC_541\Debug\main.o (SPIM_ReadTxStatus)
.\CortexM3\ARM_GCC_541\Debug\SPI_Master.a(DMA_TX_dma.o)
                              .\CortexM3\ARM_GCC_541\Debug\main.o (DMA_TX_DmaInitialize)
.\CortexM3\ARM_GCC_541\Debug\SPI_Master.a(UART_USB_IntClock.o)
                              .\CortexM3\ARM_GCC_541\Debug\SPI_Master.a(UART_USB.o) (UART_USB_IntClock_Start)
.\CortexM3\ARM_GCC_541\Debug\SPI_Master.a(CyDmac.o)
                              .\CortexM3\ARM_GCC_541\Debug\Cm3Start.o (CyDmacConfigure)
.\CortexM3\ARM_GCC_541\Debug\SPI_Master.a(CyLib.o)
                              .\CortexM3\ARM_GCC_541\Debug\Cm3Start.o (CyResetStatus)
.\CortexM3\ARM_GCC_541\Debug\SPI_Master.a(cyPm.o)
                              .\CortexM3\ARM_GCC_541\Debug\SPI_Master.a(CyLib.o) (CyPmReadStatus)
.\CortexM3\ARM_GCC_541\Debug\SPI_Master.a(CyBootAsmGnu.o)
                              .\CortexM3\ARM_GCC_541\Debug\cyfitter_cfg.o (CyDelayCycles)
.\CortexM3\ARM_GCC_541\Debug\SPI_Master.a(CyFlash.o)
                              .\CortexM3\ARM_GCC_541\Debug\SPI_Master.a(cyPm.o) (CyFlash_SetWaitCycles)
.\CortexM3\ARM_GCC_541\Debug\SPI_Master.a(CySpc.o)
                              .\CortexM3\ARM_GCC_541\Debug\SPI_Master.a(CyFlash.o) (CySpcStart)
c:/program files (x86)/cypress/psoc creator/4.2/psoc creator/import/gnu/arm/5.4.1/bin/../lib/gcc/arm-none-eabi/5.4.1/../../../../arm-none-eabi/lib/armv7-m\libg_nano.a(lib_a-errno.o)
                              .\CortexM3\ARM_GCC_541\Debug\Cm3Start.o (__errno)
c:/program files (x86)/cypress/psoc creator/4.2/psoc creator/import/gnu/arm/5.4.1/bin/../lib/gcc/arm-none-eabi/5.4.1/../../../../arm-none-eabi/lib/armv7-m\libg_nano.a(lib_a-exit.o)
                              c:/program files (x86)/cypress/psoc creator/4.2/psoc creator/import/gnu/arm/5.4.1/bin/../lib/gcc/arm-none-eabi/5.4.1/../../../../arm-none-eabi/lib/armv7-m/crt0.o (exit)
c:/program files (x86)/cypress/psoc creator/4.2/psoc creator/import/gnu/arm/5.4.1/bin/../lib/gcc/arm-none-eabi/5.4.1/../../../../arm-none-eabi/lib/armv7-m\libg_nano.a(lib_a-impure.o)
                              c:/program files (x86)/cypress/psoc creator/4.2/psoc creator/import/gnu/arm/5.4.1/bin/../lib/gcc/arm-none-eabi/5.4.1/../../../../arm-none-eabi/lib/armv7-m\libg_nano.a(lib_a-exit.o) (_global_impure_ptr)
c:/program files (x86)/cypress/psoc creator/4.2/psoc creator/import/gnu/arm/5.4.1/bin/../lib/gcc/arm-none-eabi/5.4.1/../../../../arm-none-eabi/lib/armv7-m\libg_nano.a(lib_a-init.o)
                              c:/program files (x86)/cypress/psoc creator/4.2/psoc creator/import/gnu/arm/5.4.1/bin/../lib/gcc/arm-none-eabi/5.4.1/../../../../arm-none-eabi/lib/armv7-m/crt0.o (__libc_init_array)
c:/program files (x86)/cypress/psoc creator/4.2/psoc creator/import/gnu/arm/5.4.1/bin/../lib/gcc/arm-none-eabi/5.4.1/../../../../arm-none-eabi/lib/armv7-m\libg_nano.a(lib_a-memcpy-stub.o)
                              .\CortexM3\ARM_GCC_541\Debug\cyfitter_cfg.o (memcpy)
c:/program files (x86)/cypress/psoc creator/4.2/psoc creator/import/gnu/arm/5.4.1/bin/../lib/gcc/arm-none-eabi/5.4.1/../../../../arm-none-eabi/lib/armv7-m\libg_nano.a(lib_a-memset.o)
                              c:/program files (x86)/cypress/psoc creator/4.2/psoc creator/import/gnu/arm/5.4.1/bin/../lib/gcc/arm-none-eabi/5.4.1/../../../../arm-none-eabi/lib/armv7-m/crt0.o (memset)

Allocating common symbols
Common symbol       size              file

SPIM_swStatusTx     0x1               .\CortexM3\ARM_GCC_541\Debug\SPI_Master.a(SPIM.o)
txChannel           0x1               .\CortexM3\ARM_GCC_541\Debug\main.o
rxTD                0x1               .\CortexM3\ARM_GCC_541\Debug\main.o
rxBuffer            0x8               .\CortexM3\ARM_GCC_541\Debug\main.o
txTD                0x1               .\CortexM3\ARM_GCC_541\Debug\main.o
dieTemperature      0x2               .\CortexM3\ARM_GCC_541\Debug\SPI_Master.a(CyFlash.o)
SPIM_swStatusRx     0x1               .\CortexM3\ARM_GCC_541\Debug\SPI_Master.a(SPIM.o)
rxChannel           0x1               .\CortexM3\ARM_GCC_541\Debug\main.o

Discarded input sections

 .text          0x00000000        0x0 c:/program files (x86)/cypress/psoc creator/4.2/psoc creator/import/gnu/arm/5.4.1/bin/../lib/gcc/arm-none-eabi/5.4.1/armv7-m/crti.o
 .data          0x00000000        0x0 c:/program files (x86)/cypress/psoc creator/4.2/psoc creator/import/gnu/arm/5.4.1/bin/../lib/gcc/arm-none-eabi/5.4.1/armv7-m/crti.o
 .bss           0x00000000        0x0 c:/program files (x86)/cypress/psoc creator/4.2/psoc creator/import/gnu/arm/5.4.1/bin/../lib/gcc/arm-none-eabi/5.4.1/armv7-m/crti.o
 .data          0x00000000        0x4 c:/program files (x86)/cypress/psoc creator/4.2/psoc creator/import/gnu/arm/5.4.1/bin/../lib/gcc/arm-none-eabi/5.4.1/armv7-m/crtbegin.o
 .text          0x00000000       0x74 c:/program files (x86)/cypress/psoc creator/4.2/psoc creator/import/gnu/arm/5.4.1/bin/../lib/gcc/arm-none-eabi/5.4.1/../../../../arm-none-eabi/lib/armv7-m/crt0.o
 .data          0x00000000        0x0 c:/program files (x86)/cypress/psoc creator/4.2/psoc creator/import/gnu/arm/5.4.1/bin/../lib/gcc/arm-none-eabi/5.4.1/../../../../arm-none-eabi/lib/armv7-m/crt0.o
 .bss           0x00000000        0x0 c:/program files (x86)/cypress/psoc creator/4.2/psoc creator/import/gnu/arm/5.4.1/bin/../lib/gcc/arm-none-eabi/5.4.1/../../../../arm-none-eabi/lib/armv7-m/crt0.o
 .ARM.extab     0x00000000        0x0 c:/program files (x86)/cypress/psoc creator/4.2/psoc creator/import/gnu/arm/5.4.1/bin/../lib/gcc/arm-none-eabi/5.4.1/../../../../arm-none-eabi/lib/armv7-m/crt0.o
 .ARM.exidx     0x00000000        0x8 c:/program files (x86)/cypress/psoc creator/4.2/psoc creator/import/gnu/arm/5.4.1/bin/../lib/gcc/arm-none-eabi/5.4.1/../../../../arm-none-eabi/lib/armv7-m/crt0.o
 .text          0x00000000        0x0 .\CortexM3\ARM_GCC_541\Debug\main.o
 .bss           0x00000000        0x0 .\CortexM3\ARM_GCC_541\Debug\main.o
 .text          0x00000000        0x0 .\CortexM3\ARM_GCC_541\Debug\cyfitter_cfg.o
 .data          0x00000000        0x0 .\CortexM3\ARM_GCC_541\Debug\cyfitter_cfg.o
 .text.CYCONFIGCPYCODE
                0x00000000       0x20 .\CortexM3\ARM_GCC_541\Debug\cyfitter_cfg.o
 .text.SetAnalogRoutingPumps
                0x00000000       0x28 .\CortexM3\ARM_GCC_541\Debug\cyfitter_cfg.o
 .text          0x00000000        0x0 .\CortexM3\ARM_GCC_541\Debug\cymetadata.o
 .data          0x00000000        0x0 .\CortexM3\ARM_GCC_541\Debug\cymetadata.o
 .bss           0x00000000        0x0 .\CortexM3\ARM_GCC_541\Debug\cymetadata.o
 .text          0x00000000        0x0 .\CortexM3\ARM_GCC_541\Debug\Cm3Start.o
 .data          0x00000000        0x4 .\CortexM3\ARM_GCC_541\Debug\Cm3Start.o
 .bss           0x00000000        0x0 .\CortexM3\ARM_GCC_541\Debug\Cm3Start.o
 .text._exit    0x00000000       0x14 .\CortexM3\ARM_GCC_541\Debug\Cm3Start.o
 .text._sbrk    0x00000000       0x50 .\CortexM3\ARM_GCC_541\Debug\Cm3Start.o
 .text          0x00000000        0x0 .\CortexM3\ARM_GCC_541\Debug\SPI_Master.a(UART_USB.o)
 .data          0x00000000        0x0 .\CortexM3\ARM_GCC_541\Debug\SPI_Master.a(UART_USB.o)
 .text.UART_USB_Stop
                0x00000000       0x60 .\CortexM3\ARM_GCC_541\Debug\SPI_Master.a(UART_USB.o)
 .text.UART_USB_ReadControlRegister
                0x00000000       0x10 .\CortexM3\ARM_GCC_541\Debug\SPI_Master.a(UART_USB.o)
 .text.UART_USB_WriteControlRegister
                0x00000000       0x14 .\CortexM3\ARM_GCC_541\Debug\SPI_Master.a(UART_USB.o)
 .text.UART_USB_SetRxInterruptMode
                0x00000000       0x20 .\CortexM3\ARM_GCC_541\Debug\SPI_Master.a(UART_USB.o)
 .text.UART_USB_ReadRxData
                0x00000000       0x1c .\CortexM3\ARM_GCC_541\Debug\SPI_Master.a(UART_USB.o)
 .text.UART_USB_ReadRxStatus
                0x00000000       0x24 .\CortexM3\ARM_GCC_541\Debug\SPI_Master.a(UART_USB.o)
 .text.UART_USB_GetChar
                0x00000000       0x44 .\CortexM3\ARM_GCC_541\Debug\SPI_Master.a(UART_USB.o)
 .text.UART_USB_GetByte
                0x00000000       0x20 .\CortexM3\ARM_GCC_541\Debug\SPI_Master.a(UART_USB.o)
 .text.UART_USB_GetRxBufferSize
                0x00000000       0x2c .\CortexM3\ARM_GCC_541\Debug\SPI_Master.a(UART_USB.o)
 .text.UART_USB_ClearRxBuffer
                0x00000000       0x44 .\CortexM3\ARM_GCC_541\Debug\SPI_Master.a(UART_USB.o)
 .text.UART_USB_SetRxAddressMode
                0x00000000       0x14 .\CortexM3\ARM_GCC_541\Debug\SPI_Master.a(UART_USB.o)
 .text.UART_USB_SetRxAddress1
                0x00000000       0x20 .\CortexM3\ARM_GCC_541\Debug\SPI_Master.a(UART_USB.o)
 .text.UART_USB_SetRxAddress2
                0x00000000       0x20 .\CortexM3\ARM_GCC_541\Debug\SPI_Master.a(UART_USB.o)
 .text.UART_USB_SetTxInterruptMode
                0x00000000       0x20 .\CortexM3\ARM_GCC_541\Debug\SPI_Master.a(UART_USB.o)
 .text.UART_USB_WriteTxData
                0x00000000       0x2c .\CortexM3\ARM_GCC_541\Debug\SPI_Master.a(UART_USB.o)
 .text.UART_USB_ReadTxStatus
                0x00000000       0x18 .\CortexM3\ARM_GCC_541\Debug\SPI_Master.a(UART_USB.o)
 .text.UART_USB_PutArray
                0x00000000       0x44 .\CortexM3\ARM_GCC_541\Debug\SPI_Master.a(UART_USB.o)
 .text.UART_USB_PutCRLF
                0x00000000       0x34 .\CortexM3\ARM_GCC_541\Debug\SPI_Master.a(UART_USB.o)
 .text.UART_USB_GetTxBufferSize
                0x00000000       0x40 .\CortexM3\ARM_GCC_541\Debug\SPI_Master.a(UART_USB.o)
 .text.UART_USB_ClearTxBuffer
                0x00000000       0x44 .\CortexM3\ARM_GCC_541\Debug\SPI_Master.a(UART_USB.o)
 .text.UART_USB_SendBreak
                0x00000000       0x9c .\CortexM3\ARM_GCC_541\Debug\SPI_Master.a(UART_USB.o)
 .text.UART_USB_SetTxAddressMode
                0x00000000       0x14 .\CortexM3\ARM_GCC_541\Debug\SPI_Master.a(UART_USB.o)
 .text          0x00000000        0x0 .\CortexM3\ARM_GCC_541\Debug\SPI_Master.a(DMA_RX_dma.o)
 .bss           0x00000000        0x0 .\CortexM3\ARM_GCC_541\Debug\SPI_Master.a(DMA_RX_dma.o)
 .text.DMA_RX_DmaRelease
                0x00000000       0x18 .\CortexM3\ARM_GCC_541\Debug\SPI_Master.a(DMA_RX_dma.o)
 .text          0x00000000        0x0 .\CortexM3\ARM_GCC_541\Debug\SPI_Master.a(SPIM.o)
 .data          0x00000000        0x0 .\CortexM3\ARM_GCC_541\Debug\SPI_Master.a(SPIM.o)
 .text.SPIM_Stop
                0x00000000       0x50 .\CortexM3\ARM_GCC_541\Debug\SPI_Master.a(SPIM.o)
 .text.SPIM_DisableTxInt
                0x00000000        0xc .\CortexM3\ARM_GCC_541\Debug\SPI_Master.a(SPIM.o)
 .text.SPIM_DisableRxInt
                0x00000000        0xc .\CortexM3\ARM_GCC_541\Debug\SPI_Master.a(SPIM.o)
 .text.SPIM_SetTxInterruptMode
                0x00000000       0x20 .\CortexM3\ARM_GCC_541\Debug\SPI_Master.a(SPIM.o)
 .text.SPIM_SetRxInterruptMode
                0x00000000       0x20 .\CortexM3\ARM_GCC_541\Debug\SPI_Master.a(SPIM.o)
 .text.SPIM_GetRxBufferSize
                0x00000000       0x2c .\CortexM3\ARM_GCC_541\Debug\SPI_Master.a(SPIM.o)
 .text.SPIM_GetTxBufferSize
                0x00000000       0x40 .\CortexM3\ARM_GCC_541\Debug\SPI_Master.a(SPIM.o)
 .text.SPIM_ClearRxBuffer
                0x00000000       0x28 .\CortexM3\ARM_GCC_541\Debug\SPI_Master.a(SPIM.o)
 .text.SPIM_ClearTxBuffer
                0x00000000       0x44 .\CortexM3\ARM_GCC_541\Debug\SPI_Master.a(SPIM.o)
 .text.SPIM_PutArray
                0x00000000       0x3c .\CortexM3\ARM_GCC_541\Debug\SPI_Master.a(SPIM.o)
 .text.SPIM_EnableInt
                0x00000000       0x10 .\CortexM3\ARM_GCC_541\Debug\SPI_Master.a(SPIM.o)
 .text.SPIM_DisableInt
                0x00000000       0x10 .\CortexM3\ARM_GCC_541\Debug\SPI_Master.a(SPIM.o)
 .text.SPIM_SetInterruptMode
                0x00000000       0x30 .\CortexM3\ARM_GCC_541\Debug\SPI_Master.a(SPIM.o)
 .text.SPIM_ReadStatus
                0x00000000       0x34 .\CortexM3\ARM_GCC_541\Debug\SPI_Master.a(SPIM.o)
 COMMON         0x00000000        0x2 .\CortexM3\ARM_GCC_541\Debug\SPI_Master.a(SPIM.o)
 .text          0x00000000        0x0 .\CortexM3\ARM_GCC_541\Debug\SPI_Master.a(DMA_TX_dma.o)
 .bss           0x00000000        0x0 .\CortexM3\ARM_GCC_541\Debug\SPI_Master.a(DMA_TX_dma.o)
 .text.DMA_TX_DmaRelease
                0x00000000       0x18 .\CortexM3\ARM_GCC_541\Debug\SPI_Master.a(DMA_TX_dma.o)
 .text          0x00000000        0x0 .\CortexM3\ARM_GCC_541\Debug\SPI_Master.a(UART_USB_IntClock.o)
 .data          0x00000000        0x0 .\CortexM3\ARM_GCC_541\Debug\SPI_Master.a(UART_USB_IntClock.o)
 .bss           0x00000000        0x0 .\CortexM3\ARM_GCC_541\Debug\SPI_Master.a(UART_USB_IntClock.o)
 .text.UART_USB_IntClock_Stop
                0x00000000       0x34 .\CortexM3\ARM_GCC_541\Debug\SPI_Master.a(UART_USB_IntClock.o)
 .text.UART_USB_IntClock_StopBlock
                0x00000000       0xb0 .\CortexM3\ARM_GCC_541\Debug\SPI_Master.a(UART_USB_IntClock.o)
 .text.UART_USB_IntClock_StandbyPower
                0x00000000       0x40 .\CortexM3\ARM_GCC_541\Debug\SPI_Master.a(UART_USB_IntClock.o)
 .text.UART_USB_IntClock_SetDividerRegister
                0x00000000      0x164 .\CortexM3\ARM_GCC_541\Debug\SPI_Master.a(UART_USB_IntClock.o)
 .text.UART_USB_IntClock_GetDividerRegister
                0x00000000       0x18 .\CortexM3\ARM_GCC_541\Debug\SPI_Master.a(UART_USB_IntClock.o)
 .text.UART_USB_IntClock_SetModeRegister
                0x00000000       0x34 .\CortexM3\ARM_GCC_541\Debug\SPI_Master.a(UART_USB_IntClock.o)
 .text.UART_USB_IntClock_ClearModeRegister
                0x00000000       0x34 .\CortexM3\ARM_GCC_541\Debug\SPI_Master.a(UART_USB_IntClock.o)
 .text.UART_USB_IntClock_GetModeRegister
                0x00000000       0x1c .\CortexM3\ARM_GCC_541\Debug\SPI_Master.a(UART_USB_IntClock.o)
 .text.UART_USB_IntClock_SetSourceRegister
                0x00000000       0xc4 .\CortexM3\ARM_GCC_541\Debug\SPI_Master.a(UART_USB_IntClock.o)
 .text.UART_USB_IntClock_GetSourceRegister
                0x00000000       0x1c .\CortexM3\ARM_GCC_541\Debug\SPI_Master.a(UART_USB_IntClock.o)
 .text          0x00000000        0x0 .\CortexM3\ARM_GCC_541\Debug\SPI_Master.a(CyDmac.o)
 .bss           0x00000000        0x0 .\CortexM3\ARM_GCC_541\Debug\SPI_Master.a(CyDmac.o)
 .text.CyDmacError
                0x00000000       0x1c .\CortexM3\ARM_GCC_541\Debug\SPI_Master.a(CyDmac.o)
 .text.CyDmacClearError
                0x00000000       0x24 .\CortexM3\ARM_GCC_541\Debug\SPI_Master.a(CyDmac.o)
 .text.CyDmacErrorAddress
                0x00000000       0x14 .\CortexM3\ARM_GCC_541\Debug\SPI_Master.a(CyDmac.o)
 .text.CyDmaChAlloc
                0x00000000       0x64 .\CortexM3\ARM_GCC_541\Debug\SPI_Master.a(CyDmac.o)
 .text.CyDmaChFree
                0x00000000       0x4c .\CortexM3\ARM_GCC_541\Debug\SPI_Master.a(CyDmac.o)
 .text.CyDmaChDisable
                0x00000000       0x60 .\CortexM3\ARM_GCC_541\Debug\SPI_Master.a(CyDmac.o)
 .text.CyDmaClearPendingDrq
                0x00000000       0x60 .\CortexM3\ARM_GCC_541\Debug\SPI_Master.a(CyDmac.o)
 .text.CyDmaChSetRequest
                0x00000000       0x58 .\CortexM3\ARM_GCC_541\Debug\SPI_Master.a(CyDmac.o)
 .text.CyDmaChGetRequest
                0x00000000       0x38 .\CortexM3\ARM_GCC_541\Debug\SPI_Master.a(CyDmac.o)
 .text.CyDmaChStatus
                0x00000000       0x60 .\CortexM3\ARM_GCC_541\Debug\SPI_Master.a(CyDmac.o)
 .text.CyDmaTdFree
                0x00000000       0x58 .\CortexM3\ARM_GCC_541\Debug\SPI_Master.a(CyDmac.o)
 .text.CyDmaTdFreeCount
                0x00000000       0x18 .\CortexM3\ARM_GCC_541\Debug\SPI_Master.a(CyDmac.o)
 .text.CyDmaTdGetConfiguration
                0x00000000       0x84 .\CortexM3\ARM_GCC_541\Debug\SPI_Master.a(CyDmac.o)
 .text.CyDmaTdGetAddress
                0x00000000       0x6c .\CortexM3\ARM_GCC_541\Debug\SPI_Master.a(CyDmac.o)
 .text.CyDmaChRoundRobin
                0x00000000       0x70 .\CortexM3\ARM_GCC_541\Debug\SPI_Master.a(CyDmac.o)
 .text          0x00000000        0x0 .\CortexM3\ARM_GCC_541\Debug\SPI_Master.a(CyLib.o)
 .bss           0x00000000       0x19 .\CortexM3\ARM_GCC_541\Debug\SPI_Master.a(CyLib.o)
 .text.CyPLL_OUT_Start
                0x00000000       0xb0 .\CortexM3\ARM_GCC_541\Debug\SPI_Master.a(CyLib.o)
 .text.CyPLL_OUT_Stop
                0x00000000       0x20 .\CortexM3\ARM_GCC_541\Debug\SPI_Master.a(CyLib.o)
 .text.CyPLL_OUT_SetPQ
                0x00000000       0x94 .\CortexM3\ARM_GCC_541\Debug\SPI_Master.a(CyLib.o)
 .text.CyPLL_OUT_SetSource
                0x00000000       0x58 .\CortexM3\ARM_GCC_541\Debug\SPI_Master.a(CyLib.o)
 .text.CyIMO_Start
                0x00000000       0x94 .\CortexM3\ARM_GCC_541\Debug\SPI_Master.a(CyLib.o)
 .text.CyIMO_Stop
                0x00000000       0x34 .\CortexM3\ARM_GCC_541\Debug\SPI_Master.a(CyLib.o)
 .text.CyUSB_PowerOnCheck
                0x00000000       0x60 .\CortexM3\ARM_GCC_541\Debug\SPI_Master.a(CyLib.o)
 .text.CyIMO_SetTrimValue
                0x00000000      0x108 .\CortexM3\ARM_GCC_541\Debug\SPI_Master.a(CyLib.o)
 .text.CyIMO_SetFreq
                0x00000000      0x1b0 .\CortexM3\ARM_GCC_541\Debug\SPI_Master.a(CyLib.o)
 .text.CyIMO_SetSource
                0x00000000       0x8c .\CortexM3\ARM_GCC_541\Debug\SPI_Master.a(CyLib.o)
 .text.CyIMO_EnableDoubler
                0x00000000       0x20 .\CortexM3\ARM_GCC_541\Debug\SPI_Master.a(CyLib.o)
 .text.CyIMO_DisableDoubler
                0x00000000       0x20 .\CortexM3\ARM_GCC_541\Debug\SPI_Master.a(CyLib.o)
 .text.CyMasterClk_SetSource
                0x00000000       0x34 .\CortexM3\ARM_GCC_541\Debug\SPI_Master.a(CyLib.o)
 .text.CyMasterClk_SetDivider
                0x00000000       0x20 .\CortexM3\ARM_GCC_541\Debug\SPI_Master.a(CyLib.o)
 .text.CyBusClk_Internal_SetDivider
                0x00000000       0x78 .\CortexM3\ARM_GCC_541\Debug\SPI_Master.a(CyLib.o)
 .text.CyBusClk_SetDivider
                0x00000000       0xb4 .\CortexM3\ARM_GCC_541\Debug\SPI_Master.a(CyLib.o)
 .text.CyUsbClk_SetSource
                0x00000000       0x34 .\CortexM3\ARM_GCC_541\Debug\SPI_Master.a(CyLib.o)
 .text.CyILO_Start1K
                0x00000000       0x20 .\CortexM3\ARM_GCC_541\Debug\SPI_Master.a(CyLib.o)
 .text.CyILO_Stop1K
                0x00000000       0x20 .\CortexM3\ARM_GCC_541\Debug\SPI_Master.a(CyLib.o)
 .text.CyILO_Start100K
                0x00000000       0x20 .\CortexM3\ARM_GCC_541\Debug\SPI_Master.a(CyLib.o)
 .text.CyILO_Stop100K
                0x00000000       0x20 .\CortexM3\ARM_GCC_541\Debug\SPI_Master.a(CyLib.o)
 .text.CyILO_Enable33K
                0x00000000       0x20 .\CortexM3\ARM_GCC_541\Debug\SPI_Master.a(CyLib.o)
 .text.CyILO_Disable33K
                0x00000000       0x20 .\CortexM3\ARM_GCC_541\Debug\SPI_Master.a(CyLib.o)
 .text.CyILO_SetSource
                0x00000000       0x38 .\CortexM3\ARM_GCC_541\Debug\SPI_Master.a(CyLib.o)
 .text.CyILO_SetPowerMode
                0x00000000       0x4c .\CortexM3\ARM_GCC_541\Debug\SPI_Master.a(CyLib.o)
 .text.CyXTAL_32KHZ_Start
                0x00000000       0x88 .\CortexM3\ARM_GCC_541\Debug\SPI_Master.a(CyLib.o)
 .text.CyXTAL_32KHZ_Stop
                0x00000000       0x50 .\CortexM3\ARM_GCC_541\Debug\SPI_Master.a(CyLib.o)
 .text.CyXTAL_32KHZ_ReadStatus
                0x00000000       0x1c .\CortexM3\ARM_GCC_541\Debug\SPI_Master.a(CyLib.o)
 .text.CyXTAL_32KHZ_SetPowerMode
                0x00000000       0xb4 .\CortexM3\ARM_GCC_541\Debug\SPI_Master.a(CyLib.o)
 .text.CyXTAL_Start
                0x00000000       0xd0 .\CortexM3\ARM_GCC_541\Debug\SPI_Master.a(CyLib.o)
 .text.CyXTAL_Stop
                0x00000000       0x20 .\CortexM3\ARM_GCC_541\Debug\SPI_Master.a(CyLib.o)
 .text.CyXTAL_EnableErrStatus
                0x00000000       0x20 .\CortexM3\ARM_GCC_541\Debug\SPI_Master.a(CyLib.o)
 .text.CyXTAL_DisableErrStatus
                0x00000000       0x20 .\CortexM3\ARM_GCC_541\Debug\SPI_Master.a(CyLib.o)
 .text.CyXTAL_ReadStatus
                0x00000000       0x24 .\CortexM3\ARM_GCC_541\Debug\SPI_Master.a(CyLib.o)
 .text.CyXTAL_EnableFaultRecovery
                0x00000000       0x20 .\CortexM3\ARM_GCC_541\Debug\SPI_Master.a(CyLib.o)
 .text.CyXTAL_DisableFaultRecovery
                0x00000000       0x20 .\CortexM3\ARM_GCC_541\Debug\SPI_Master.a(CyLib.o)
 .text.CyXTAL_SetStartup
                0x00000000       0x34 .\CortexM3\ARM_GCC_541\Debug\SPI_Master.a(CyLib.o)
 .text.CyXTAL_SetFbVoltage
                0x00000000       0x34 .\CortexM3\ARM_GCC_541\Debug\SPI_Master.a(CyLib.o)
 .text.CyXTAL_SetWdVoltage
                0x00000000       0x38 .\CortexM3\ARM_GCC_541\Debug\SPI_Master.a(CyLib.o)
 .text.CyHalt   0x00000000       0x18 .\CortexM3\ARM_GCC_541\Debug\SPI_Master.a(CyLib.o)
 .text.CySoftwareReset
                0x00000000       0x20 .\CortexM3\ARM_GCC_541\Debug\SPI_Master.a(CyLib.o)
 .text.CyDelayFreq
                0x00000000       0x7c .\CortexM3\ARM_GCC_541\Debug\SPI_Master.a(CyLib.o)
 .text.CyWdtStart
                0x00000000       0x8c .\CortexM3\ARM_GCC_541\Debug\SPI_Master.a(CyLib.o)
 .text.CyWdtClear
                0x00000000       0x18 .\CortexM3\ARM_GCC_541\Debug\SPI_Master.a(CyLib.o)
 .text.CyVdLvDigitEnable
                0x00000000       0xcc .\CortexM3\ARM_GCC_541\Debug\SPI_Master.a(CyLib.o)
 .text.CyVdLvAnalogEnable
                0x00000000       0xcc .\CortexM3\ARM_GCC_541\Debug\SPI_Master.a(CyLib.o)
 .text.CyVdLvDigitDisable
                0x00000000       0x48 .\CortexM3\ARM_GCC_541\Debug\SPI_Master.a(CyLib.o)
 .text.CyVdLvAnalogDisable
                0x00000000       0x44 .\CortexM3\ARM_GCC_541\Debug\SPI_Master.a(CyLib.o)
 .text.CyVdHvAnalogEnable
                0x00000000       0x7c .\CortexM3\ARM_GCC_541\Debug\SPI_Master.a(CyLib.o)
 .text.CyVdHvAnalogDisable
                0x00000000       0x30 .\CortexM3\ARM_GCC_541\Debug\SPI_Master.a(CyLib.o)
 .text.CyVdStickyStatus
                0x00000000       0x5c .\CortexM3\ARM_GCC_541\Debug\SPI_Master.a(CyLib.o)
 .text.CyVdRealTimeStatus
                0x00000000       0x30 .\CortexM3\ARM_GCC_541\Debug\SPI_Master.a(CyLib.o)
 .text.CyDisableInts
                0x00000000       0x34 .\CortexM3\ARM_GCC_541\Debug\SPI_Master.a(CyLib.o)
 .text.CyEnableInts
                0x00000000       0x2c .\CortexM3\ARM_GCC_541\Debug\SPI_Master.a(CyLib.o)
 .text.CyFlushCache
                0x00000000       0x5c .\CortexM3\ARM_GCC_541\Debug\SPI_Master.a(CyLib.o)
 .text.CyIntSetSysVector
                0x00000000       0x4c .\CortexM3\ARM_GCC_541\Debug\SPI_Master.a(CyLib.o)
 .text.CyIntGetSysVector
                0x00000000       0x38 .\CortexM3\ARM_GCC_541\Debug\SPI_Master.a(CyLib.o)
 .text.CyIntSetVector
                0x00000000       0x50 .\CortexM3\ARM_GCC_541\Debug\SPI_Master.a(CyLib.o)
 .text.CyIntGetVector
                0x00000000       0x38 .\CortexM3\ARM_GCC_541\Debug\SPI_Master.a(CyLib.o)
 .text.CyIntSetPriority
                0x00000000       0x48 .\CortexM3\ARM_GCC_541\Debug\SPI_Master.a(CyLib.o)
 .text.CyIntGetPriority
                0x00000000       0x38 .\CortexM3\ARM_GCC_541\Debug\SPI_Master.a(CyLib.o)
 .text.CyIntGetState
                0x00000000       0x44 .\CortexM3\ARM_GCC_541\Debug\SPI_Master.a(CyLib.o)
 .text.CySysTickStart
                0x00000000       0x24 .\CortexM3\ARM_GCC_541\Debug\SPI_Master.a(CyLib.o)
 .text.CySysTickInit
                0x00000000       0x6c .\CortexM3\ARM_GCC_541\Debug\SPI_Master.a(CyLib.o)
 .text.CySysTickEnable
                0x00000000       0x1c .\CortexM3\ARM_GCC_541\Debug\SPI_Master.a(CyLib.o)
 .text.CySysTickStop
                0x00000000       0x1c .\CortexM3\ARM_GCC_541\Debug\SPI_Master.a(CyLib.o)
 .text.CySysTickEnableInterrupt
                0x00000000       0x1c .\CortexM3\ARM_GCC_541\Debug\SPI_Master.a(CyLib.o)
 .text.CySysTickDisableInterrupt
                0x00000000       0x1c .\CortexM3\ARM_GCC_541\Debug\SPI_Master.a(CyLib.o)
 .text.CySysTickSetReload
                0x00000000       0x20 .\CortexM3\ARM_GCC_541\Debug\SPI_Master.a(CyLib.o)
 .text.CySysTickGetReload
                0x00000000       0x18 .\CortexM3\ARM_GCC_541\Debug\SPI_Master.a(CyLib.o)
 .text.CySysTickGetValue
                0x00000000       0x18 .\CortexM3\ARM_GCC_541\Debug\SPI_Master.a(CyLib.o)
 .text.CySysTickSetClockSource
                0x00000000       0x38 .\CortexM3\ARM_GCC_541\Debug\SPI_Master.a(CyLib.o)
 .text.CySysTickGetClockSource
                0x00000000       0x1c .\CortexM3\ARM_GCC_541\Debug\SPI_Master.a(CyLib.o)
 .text.CySysTickGetCountFlag
                0x00000000       0x1c .\CortexM3\ARM_GCC_541\Debug\SPI_Master.a(CyLib.o)
 .text.CySysTickClear
                0x00000000       0x18 .\CortexM3\ARM_GCC_541\Debug\SPI_Master.a(CyLib.o)
 .text.CySysTickSetCallback
                0x00000000       0x30 .\CortexM3\ARM_GCC_541\Debug\SPI_Master.a(CyLib.o)
 .text.CySysTickGetCallback
                0x00000000       0x20 .\CortexM3\ARM_GCC_541\Debug\SPI_Master.a(CyLib.o)
 .text.CySysTickServiceCallbacks
                0x00000000       0x44 .\CortexM3\ARM_GCC_541\Debug\SPI_Master.a(CyLib.o)
 .text.CyGetUniqueId
                0x00000000       0xc4 .\CortexM3\ARM_GCC_541\Debug\SPI_Master.a(CyLib.o)
 .text          0x00000000        0x0 .\CortexM3\ARM_GCC_541\Debug\SPI_Master.a(cyPm.o)
 .data          0x00000000        0x0 .\CortexM3\ARM_GCC_541\Debug\SPI_Master.a(cyPm.o)
 .bss           0x00000000       0x43 .\CortexM3\ARM_GCC_541\Debug\SPI_Master.a(cyPm.o)
 .rodata        0x00000000        0xf .\CortexM3\ARM_GCC_541\Debug\SPI_Master.a(cyPm.o)
 .text.CyPmSaveClocks
                0x00000000      0x288 .\CortexM3\ARM_GCC_541\Debug\SPI_Master.a(cyPm.o)
 .text.CyPmRestoreClocks
                0x00000000      0x2f0 .\CortexM3\ARM_GCC_541\Debug\SPI_Master.a(cyPm.o)
 .text.CyPmAltAct
                0x00000000       0xbc .\CortexM3\ARM_GCC_541\Debug\SPI_Master.a(cyPm.o)
 .text.CyPmSleep
                0x00000000      0x170 .\CortexM3\ARM_GCC_541\Debug\SPI_Master.a(cyPm.o)
 .text.CyPmHibernate
                0x00000000       0x10 .\CortexM3\ARM_GCC_541\Debug\SPI_Master.a(cyPm.o)
 .text.CyPmHibernateEx
                0x00000000      0x158 .\CortexM3\ARM_GCC_541\Debug\SPI_Master.a(cyPm.o)
 .text.CyPmReadStatus
                0x00000000       0x5c .\CortexM3\ARM_GCC_541\Debug\SPI_Master.a(cyPm.o)
 .text.CyPmHibSaveSet
                0x00000000       0xe8 .\CortexM3\ARM_GCC_541\Debug\SPI_Master.a(cyPm.o)
 .text.CyPmHibRestore
                0x00000000       0x78 .\CortexM3\ARM_GCC_541\Debug\SPI_Master.a(cyPm.o)
 .text.CyPmCtwSetInterval
                0x00000000       0x94 .\CortexM3\ARM_GCC_541\Debug\SPI_Master.a(cyPm.o)
 .text.CyPmOppsSet
                0x00000000       0x44 .\CortexM3\ARM_GCC_541\Debug\SPI_Master.a(cyPm.o)
 .text.CyPmFtwSetInterval
                0x00000000       0x94 .\CortexM3\ARM_GCC_541\Debug\SPI_Master.a(cyPm.o)
 .text.CyPmHibSlpSaveSet
                0x00000000      0x280 .\CortexM3\ARM_GCC_541\Debug\SPI_Master.a(cyPm.o)
 .text.CyPmHibSlpRestore
                0x00000000      0x18c .\CortexM3\ARM_GCC_541\Debug\SPI_Master.a(cyPm.o)
 .text.CyPmHviLviSaveDisable
                0x00000000       0xd8 .\CortexM3\ARM_GCC_541\Debug\SPI_Master.a(cyPm.o)
 .text.CyPmHviLviRestore
                0x00000000       0x58 .\CortexM3\ARM_GCC_541\Debug\SPI_Master.a(cyPm.o)
 .data          0x00000000        0x0 .\CortexM3\ARM_GCC_541\Debug\SPI_Master.a(CyBootAsmGnu.o)
 .bss           0x00000000        0x0 .\CortexM3\ARM_GCC_541\Debug\SPI_Master.a(CyBootAsmGnu.o)
 .text          0x00000000        0x0 .\CortexM3\ARM_GCC_541\Debug\SPI_Master.a(CyFlash.o)
 .data          0x00000000        0x0 .\CortexM3\ARM_GCC_541\Debug\SPI_Master.a(CyFlash.o)
 .bss           0x00000000        0x4 .\CortexM3\ARM_GCC_541\Debug\SPI_Master.a(CyFlash.o)
 .text.CyFlash_Start
                0x00000000       0x8c .\CortexM3\ARM_GCC_541\Debug\SPI_Master.a(CyFlash.o)
 .text.CyFlash_Stop
                0x00000000       0x48 .\CortexM3\ARM_GCC_541\Debug\SPI_Master.a(CyFlash.o)
 .text.CySetTempInt
                0x00000000       0x7c .\CortexM3\ARM_GCC_541\Debug\SPI_Master.a(CyFlash.o)
 .text.CyFlashGetSpcAlgorithm
                0x00000000       0x70 .\CortexM3\ARM_GCC_541\Debug\SPI_Master.a(CyFlash.o)
 .text.CySetTemp
                0x00000000       0x24 .\CortexM3\ARM_GCC_541\Debug\SPI_Master.a(CyFlash.o)
 .text.CySetFlashEEBuffer
                0x00000000       0x54 .\CortexM3\ARM_GCC_541\Debug\SPI_Master.a(CyFlash.o)
 .text.CyWriteRowData
                0x00000000       0x38 .\CortexM3\ARM_GCC_541\Debug\SPI_Master.a(CyFlash.o)
 .text.CyWriteRowFull
                0x00000000      0x154 .\CortexM3\ARM_GCC_541\Debug\SPI_Master.a(CyFlash.o)
 .text.CyFlash_SetWaitCycles
                0x00000000       0xbc .\CortexM3\ARM_GCC_541\Debug\SPI_Master.a(CyFlash.o)
 .text.CyEEPROM_Start
                0x00000000       0x8c .\CortexM3\ARM_GCC_541\Debug\SPI_Master.a(CyFlash.o)
 .text.CyEEPROM_Stop
                0x00000000       0x48 .\CortexM3\ARM_GCC_541\Debug\SPI_Master.a(CyFlash.o)
 .text.CyEEPROM_ReadReserve
                0x00000000       0x30 .\CortexM3\ARM_GCC_541\Debug\SPI_Master.a(CyFlash.o)
 .text.CyEEPROM_ReadRelease
                0x00000000       0x20 .\CortexM3\ARM_GCC_541\Debug\SPI_Master.a(CyFlash.o)
 COMMON         0x00000000        0x2 .\CortexM3\ARM_GCC_541\Debug\SPI_Master.a(CyFlash.o)
 .text          0x00000000        0x0 .\CortexM3\ARM_GCC_541\Debug\SPI_Master.a(CySpc.o)
 .data          0x00000000        0x0 .\CortexM3\ARM_GCC_541\Debug\SPI_Master.a(CySpc.o)
 .bss           0x00000000        0x8 .\CortexM3\ARM_GCC_541\Debug\SPI_Master.a(CySpc.o)
 .text.CySpcStart
                0x00000000       0x48 .\CortexM3\ARM_GCC_541\Debug\SPI_Master.a(CySpc.o)
 .text.CySpcStop
                0x00000000       0x48 .\CortexM3\ARM_GCC_541\Debug\SPI_Master.a(CySpc.o)
 .text.CySpcReadData
                0x00000000       0x54 .\CortexM3\ARM_GCC_541\Debug\SPI_Master.a(CySpc.o)
 .text.CySpcLoadMultiByte
                0x00000000       0xd0 .\CortexM3\ARM_GCC_541\Debug\SPI_Master.a(CySpc.o)
 .text.CySpcLoadRow
                0x00000000       0x88 .\CortexM3\ARM_GCC_541\Debug\SPI_Master.a(CySpc.o)
 .text.CySpcLoadRowFull
                0x00000000       0xcc .\CortexM3\ARM_GCC_541\Debug\SPI_Master.a(CySpc.o)
 .text.CySpcWriteRow
                0x00000000       0x98 .\CortexM3\ARM_GCC_541\Debug\SPI_Master.a(CySpc.o)
 .text.CySpcEraseSector
                0x00000000       0x70 .\CortexM3\ARM_GCC_541\Debug\SPI_Master.a(CySpc.o)
 .text.CySpcGetTemp
                0x00000000       0x64 .\CortexM3\ARM_GCC_541\Debug\SPI_Master.a(CySpc.o)
 .text.CySpcLock
                0x00000000       0x68 .\CortexM3\ARM_GCC_541\Debug\SPI_Master.a(CySpc.o)
 .text.CySpcUnlock
                0x00000000       0x50 .\CortexM3\ARM_GCC_541\Debug\SPI_Master.a(CySpc.o)
 .text.CySpcGetAlgorithm
                0x00000000       0x44 .\CortexM3\ARM_GCC_541\Debug\SPI_Master.a(CySpc.o)
 .text          0x00000000        0x0 c:/program files (x86)/cypress/psoc creator/4.2/psoc creator/import/gnu/arm/5.4.1/bin/../lib/gcc/arm-none-eabi/5.4.1/../../../../arm-none-eabi/lib/armv7-m\libg_nano.a(lib_a-errno.o)
 .data          0x00000000        0x0 c:/program files (x86)/cypress/psoc creator/4.2/psoc creator/import/gnu/arm/5.4.1/bin/../lib/gcc/arm-none-eabi/5.4.1/../../../../arm-none-eabi/lib/armv7-m\libg_nano.a(lib_a-errno.o)
 .bss           0x00000000        0x0 c:/program files (x86)/cypress/psoc creator/4.2/psoc creator/import/gnu/arm/5.4.1/bin/../lib/gcc/arm-none-eabi/5.4.1/../../../../arm-none-eabi/lib/armv7-m\libg_nano.a(lib_a-errno.o)
 .text          0x00000000        0x0 c:/program files (x86)/cypress/psoc creator/4.2/psoc creator/import/gnu/arm/5.4.1/bin/../lib/gcc/arm-none-eabi/5.4.1/../../../../arm-none-eabi/lib/armv7-m\libg_nano.a(lib_a-exit.o)
 .data          0x00000000        0x0 c:/program files (x86)/cypress/psoc creator/4.2/psoc creator/import/gnu/arm/5.4.1/bin/../lib/gcc/arm-none-eabi/5.4.1/../../../../arm-none-eabi/lib/armv7-m\libg_nano.a(lib_a-exit.o)
 .bss           0x00000000        0x0 c:/program files (x86)/cypress/psoc creator/4.2/psoc creator/import/gnu/arm/5.4.1/bin/../lib/gcc/arm-none-eabi/5.4.1/../../../../arm-none-eabi/lib/armv7-m\libg_nano.a(lib_a-exit.o)
 .text.exit     0x00000000       0x28 c:/program files (x86)/cypress/psoc creator/4.2/psoc creator/import/gnu/arm/5.4.1/bin/../lib/gcc/arm-none-eabi/5.4.1/../../../../arm-none-eabi/lib/armv7-m\libg_nano.a(lib_a-exit.o)
 .text          0x00000000        0x0 c:/program files (x86)/cypress/psoc creator/4.2/psoc creator/import/gnu/arm/5.4.1/bin/../lib/gcc/arm-none-eabi/5.4.1/../../../../arm-none-eabi/lib/armv7-m\libg_nano.a(lib_a-impure.o)
 .data          0x00000000        0x0 c:/program files (x86)/cypress/psoc creator/4.2/psoc creator/import/gnu/arm/5.4.1/bin/../lib/gcc/arm-none-eabi/5.4.1/../../../../arm-none-eabi/lib/armv7-m\libg_nano.a(lib_a-impure.o)
 .bss           0x00000000        0x0 c:/program files (x86)/cypress/psoc creator/4.2/psoc creator/import/gnu/arm/5.4.1/bin/../lib/gcc/arm-none-eabi/5.4.1/../../../../arm-none-eabi/lib/armv7-m\libg_nano.a(lib_a-impure.o)
 .rodata._global_impure_ptr
                0x00000000        0x4 c:/program files (x86)/cypress/psoc creator/4.2/psoc creator/import/gnu/arm/5.4.1/bin/../lib/gcc/arm-none-eabi/5.4.1/../../../../arm-none-eabi/lib/armv7-m\libg_nano.a(lib_a-impure.o)
 .text          0x00000000        0x0 c:/program files (x86)/cypress/psoc creator/4.2/psoc creator/import/gnu/arm/5.4.1/bin/../lib/gcc/arm-none-eabi/5.4.1/../../../../arm-none-eabi/lib/armv7-m\libg_nano.a(lib_a-init.o)
 .data          0x00000000        0x0 c:/program files (x86)/cypress/psoc creator/4.2/psoc creator/import/gnu/arm/5.4.1/bin/../lib/gcc/arm-none-eabi/5.4.1/../../../../arm-none-eabi/lib/armv7-m\libg_nano.a(lib_a-init.o)
 .bss           0x00000000        0x0 c:/program files (x86)/cypress/psoc creator/4.2/psoc creator/import/gnu/arm/5.4.1/bin/../lib/gcc/arm-none-eabi/5.4.1/../../../../arm-none-eabi/lib/armv7-m\libg_nano.a(lib_a-init.o)
 .text          0x00000000        0x0 c:/program files (x86)/cypress/psoc creator/4.2/psoc creator/import/gnu/arm/5.4.1/bin/../lib/gcc/arm-none-eabi/5.4.1/../../../../arm-none-eabi/lib/armv7-m\libg_nano.a(lib_a-memcpy-stub.o)
 .data          0x00000000        0x0 c:/program files (x86)/cypress/psoc creator/4.2/psoc creator/import/gnu/arm/5.4.1/bin/../lib/gcc/arm-none-eabi/5.4.1/../../../../arm-none-eabi/lib/armv7-m\libg_nano.a(lib_a-memcpy-stub.o)
 .bss           0x00000000        0x0 c:/program files (x86)/cypress/psoc creator/4.2/psoc creator/import/gnu/arm/5.4.1/bin/../lib/gcc/arm-none-eabi/5.4.1/../../../../arm-none-eabi/lib/armv7-m\libg_nano.a(lib_a-memcpy-stub.o)
 .text          0x00000000        0x0 c:/program files (x86)/cypress/psoc creator/4.2/psoc creator/import/gnu/arm/5.4.1/bin/../lib/gcc/arm-none-eabi/5.4.1/../../../../arm-none-eabi/lib/armv7-m\libg_nano.a(lib_a-memset.o)
 .data          0x00000000        0x0 c:/program files (x86)/cypress/psoc creator/4.2/psoc creator/import/gnu/arm/5.4.1/bin/../lib/gcc/arm-none-eabi/5.4.1/../../../../arm-none-eabi/lib/armv7-m\libg_nano.a(lib_a-memset.o)
 .bss           0x00000000        0x0 c:/program files (x86)/cypress/psoc creator/4.2/psoc creator/import/gnu/arm/5.4.1/bin/../lib/gcc/arm-none-eabi/5.4.1/../../../../arm-none-eabi/lib/armv7-m\libg_nano.a(lib_a-memset.o)
 .text          0x00000000        0x0 c:/program files (x86)/cypress/psoc creator/4.2/psoc creator/import/gnu/arm/5.4.1/bin/../lib/gcc/arm-none-eabi/5.4.1/armv7-m/crtend.o
 .data          0x00000000        0x0 c:/program files (x86)/cypress/psoc creator/4.2/psoc creator/import/gnu/arm/5.4.1/bin/../lib/gcc/arm-none-eabi/5.4.1/armv7-m/crtend.o
 .bss           0x00000000        0x0 c:/program files (x86)/cypress/psoc creator/4.2/psoc creator/import/gnu/arm/5.4.1/bin/../lib/gcc/arm-none-eabi/5.4.1/armv7-m/crtend.o
 .text          0x00000000        0x0 c:/program files (x86)/cypress/psoc creator/4.2/psoc creator/import/gnu/arm/5.4.1/bin/../lib/gcc/arm-none-eabi/5.4.1/armv7-m/crtn.o
 .data          0x00000000        0x0 c:/program files (x86)/cypress/psoc creator/4.2/psoc creator/import/gnu/arm/5.4.1/bin/../lib/gcc/arm-none-eabi/5.4.1/armv7-m/crtn.o
 .bss           0x00000000        0x0 c:/program files (x86)/cypress/psoc creator/4.2/psoc creator/import/gnu/arm/5.4.1/bin/../lib/gcc/arm-none-eabi/5.4.1/armv7-m/crtn.o

Memory Configuration

Name             Origin             Length             Attributes
rom              0x00000000         0x00040000         xr
ram              0x1fff8000         0x00010000         xrw
*default*        0x00000000         0xffffffff

Linker script and memory map

LOAD c:/program files (x86)/cypress/psoc creator/4.2/psoc creator/import/gnu/arm/5.4.1/bin/../lib/gcc/arm-none-eabi/5.4.1/armv7-m/crti.o
LOAD c:/program files (x86)/cypress/psoc creator/4.2/psoc creator/import/gnu/arm/5.4.1/bin/../lib/gcc/arm-none-eabi/5.4.1/armv7-m/crtbegin.o
LOAD c:/program files (x86)/cypress/psoc creator/4.2/psoc creator/import/gnu/arm/5.4.1/bin/../lib/gcc/arm-none-eabi/5.4.1/../../../../arm-none-eabi/lib/armv7-m/crt0.o
START GROUP
LOAD .\CortexM3\ARM_GCC_541\Debug\main.o
LOAD .\CortexM3\ARM_GCC_541\Debug\cyfitter_cfg.o
LOAD .\CortexM3\ARM_GCC_541\Debug\cymetadata.o
LOAD .\CortexM3\ARM_GCC_541\Debug\Cm3Start.o
LOAD .\CortexM3\ARM_GCC_541\Debug\SPI_Master.a
LOAD C:\Program Files (x86)\Cypress\PSoC Creator\4.2\PSoC Creator\psoc\content\cycomponentlibrary\CyComponentLibrary.cylib\CortexM3\ARM_GCC_541\Debug\CyComponentLibrary.a
END GROUP
START GROUP
LOAD c:/program files (x86)/cypress/psoc creator/4.2/psoc creator/import/gnu/arm/5.4.1/bin/../lib/gcc/arm-none-eabi/5.4.1/armv7-m\libgcc.a
LOAD c:/program files (x86)/cypress/psoc creator/4.2/psoc creator/import/gnu/arm/5.4.1/bin/../lib/gcc/arm-none-eabi/5.4.1/../../../../arm-none-eabi/lib/armv7-m\libg_nano.a
LOAD c:/program files (x86)/cypress/psoc creator/4.2/psoc creator/import/gnu/arm/5.4.1/bin/../lib/gcc/arm-none-eabi/5.4.1/../../../../arm-none-eabi/lib/armv7-m\libc_nano.a
END GROUP
START GROUP
LOAD c:/program files (x86)/cypress/psoc creator/4.2/psoc creator/import/gnu/arm/5.4.1/bin/../lib/gcc/arm-none-eabi/5.4.1/armv7-m\libgcc.a
LOAD c:/program files (x86)/cypress/psoc creator/4.2/psoc creator/import/gnu/arm/5.4.1/bin/../lib/gcc/arm-none-eabi/5.4.1/../../../../arm-none-eabi/lib/armv7-m\libc_nano.a
END GROUP
LOAD c:/program files (x86)/cypress/psoc creator/4.2/psoc creator/import/gnu/arm/5.4.1/bin/../lib/gcc/arm-none-eabi/5.4.1/armv7-m/crtend.o
LOAD c:/program files (x86)/cypress/psoc creator/4.2/psoc creator/import/gnu/arm/5.4.1/bin/../lib/gcc/arm-none-eabi/5.4.1/armv7-m/crtn.o
START GROUP
LOAD c:/program files (x86)/cypress/psoc creator/4.2/psoc creator/import/gnu/arm/5.4.1/bin/../lib/gcc/arm-none-eabi/5.4.1/armv7-m\libgcc.a
LOAD c:/program files (x86)/cypress/psoc creator/4.2/psoc creator/import/gnu/arm/5.4.1/bin/../lib/gcc/arm-none-eabi/5.4.1/../../../../arm-none-eabi/lib/armv7-m\libc.a
LOAD c:/program files (x86)/cypress/psoc creator/4.2/psoc creator/import/gnu/arm/5.4.1/bin/../lib/gcc/arm-none-eabi/5.4.1/../../../../arm-none-eabi/lib/armv7-m\libnosys.a
END GROUP
                0x00000000                CY_APPL_ORIGIN = 0x0
                0x00000100                CY_FLASH_ROW_SIZE = 0x100
                0x00000020                CY_ECC_ROW_SIZE = 0x20
                0x00000000                CY_EE_IN_BTLDR = 0x0
                0x00000000                CY_APPL_LOADABLE = 0x0
                0x00000800                CY_EE_SIZE = 0x800
                0x00000001                CY_APPL_NUM = 0x1
                0x00000001                CY_APPL_MAX = 0x1
                0x00000040                CY_METADATA_SIZE = 0x40
                0x00000000                CY_APPL_LOADABLE = 0x0
                0x00000000                CY_CHECKSUM_EXCLUDE_SIZE = ALIGN (0x0, CY_FLASH_ROW_SIZE)
                [!provide]                PROVIDE (__cy_heap_start, _end)
                0x00000001                PROVIDE (__cy_region_num, ((__cy_regions_end - __cy_regions) / 0x10))
                0x20008000                PROVIDE (__cy_stack, (ORIGIN (ram) + LENGTH (ram)))
                [!provide]                PROVIDE (__cy_heap_end, (__cy_stack - 0x800))

.cybootloader   0x00000000        0x0
 *(.cybootloader)
                0x00000000                appl1_start = CY_APPL_ORIGIN?CY_APPL_ORIGIN:ALIGN (CY_FLASH_ROW_SIZE)
                0x0001ff00                appl2_start = (appl1_start + ALIGN ((((LENGTH (rom) - appl1_start) - (0x2 * CY_FLASH_ROW_SIZE)) / 0x2), CY_FLASH_ROW_SIZE))
                0x00000000                appl_start = (CY_APPL_NUM == 0x1)?appl1_start:appl2_start
                0x00000000                ecc_offset = ((appl_start / CY_FLASH_ROW_SIZE) * CY_ECC_ROW_SIZE)
                0x00000000                ee_offset = (CY_APPL_LOADABLE && ! (CY_EE_IN_BTLDR))?((CY_EE_SIZE / CY_APPL_MAX) * (CY_APPL_NUM - 0x1)):0x0
                0x00000800                ee_size = (CY_APPL_LOADABLE && ! (CY_EE_IN_BTLDR))?(CY_EE_SIZE / CY_APPL_MAX):CY_EE_SIZE
                [!provide]                PROVIDE (CY_ECC_OFFSET, ecc_offset)

.text           0x00000000     0x1226
 CREATE_OBJECT_SYMBOLS
                0x00000000                PROVIDE (__cy_interrupt_vector, RomVectors)
 *(.romvectors)
 .romvectors    0x00000000       0x10 .\CortexM3\ARM_GCC_541\Debug\Cm3Start.o
                0x00000000                RomVectors
                0x00000001                ASSERT ((. != __cy_interrupt_vector), No interrupt vector)
                0x00000001                ASSERT (CY_APPL_ORIGIN?(SIZEOF (.cybootloader) <= CY_APPL_ORIGIN):0x1, Wrong image location)
                0x00000010                PROVIDE (__cy_reset, Reset)
 *(.text.Reset)
 .text.Reset    0x00000010       0x18 .\CortexM3\ARM_GCC_541\Debug\Cm3Start.o
                0x00000010                Reset
                0x00000001                ASSERT ((. != __cy_reset), No reset code)
 *(.dma_init)
 .dma_init      0x00000028      0x1d8 .\CortexM3\ARM_GCC_541\Debug\cyfitter_cfg.o
                0x00000001                ASSERT ((((appl_start + .) <= 0x10000) || 0x0), DMA Init must be within the first 64k of flash)
 *(.text .text.* .gnu.linkonce.t.*)
 .text          0x00000200       0x5c c:/program files (x86)/cypress/psoc creator/4.2/psoc creator/import/gnu/arm/5.4.1/bin/../lib/gcc/arm-none-eabi/5.4.1/armv7-m/crtbegin.o
 .text.main     0x0000025c       0xb8 .\CortexM3\ARM_GCC_541\Debug\main.o
                0x0000025c                main
 .text.DmaTxConfiguration
                0x00000314       0x68 .\CortexM3\ARM_GCC_541\Debug\main.o
                0x00000314                DmaTxConfiguration
 .text.DmaRxConfiguration
                0x0000037c       0x68 .\CortexM3\ARM_GCC_541\Debug\main.o
                0x0000037c                DmaRxConfiguration
 .text.CYMEMZERO
                0x000003e4       0x1c .\CortexM3\ARM_GCC_541\Debug\cyfitter_cfg.o
 .text.CYCONFIGCPY
                0x00000400       0x20 .\CortexM3\ARM_GCC_541\Debug\cyfitter_cfg.o
 .text.CyClockStartupError
                0x00000420        0xc .\CortexM3\ARM_GCC_541\Debug\cyfitter_cfg.o
 .text.cfg_dma_init
                0x0000042c      0x180 .\CortexM3\ARM_GCC_541\Debug\cyfitter_cfg.o
 .text.ClockSetup
                0x000005ac      0x118 .\CortexM3\ARM_GCC_541\Debug\cyfitter_cfg.o
 .text.AnalogSetDefault
                0x000006c4       0x44 .\CortexM3\ARM_GCC_541\Debug\cyfitter_cfg.o
 .text.cyfitter_cfg
                0x00000708      0x104 .\CortexM3\ARM_GCC_541\Debug\cyfitter_cfg.o
                0x00000708                cyfitter_cfg
 .text.IntDefaultHandler
                0x0000080c       0x14 .\CortexM3\ARM_GCC_541\Debug\Cm3Start.o
                0x0000080c                IntDefaultHandler
 .text.Start_c  0x00000820       0x98 .\CortexM3\ARM_GCC_541\Debug\Cm3Start.o
                0x00000820                Start_c
 .text.initialize_psoc
                0x000008b8       0x94 .\CortexM3\ARM_GCC_541\Debug\Cm3Start.o
                0x000008b8                initialize_psoc
 .text.UART_USB_Start
                0x0000094c       0x24 .\CortexM3\ARM_GCC_541\Debug\SPI_Master.a(UART_USB.o)
                0x0000094c                UART_USB_Start
 .text.UART_USB_Init
                0x00000970       0x40 .\CortexM3\ARM_GCC_541\Debug\SPI_Master.a(UART_USB.o)
                0x00000970                UART_USB_Init
 .text.UART_USB_Enable
                0x000009b0       0x60 .\CortexM3\ARM_GCC_541\Debug\SPI_Master.a(UART_USB.o)
                0x000009b0                UART_USB_Enable
 .text.UART_USB_PutChar
                0x00000a10       0x34 .\CortexM3\ARM_GCC_541\Debug\SPI_Master.a(UART_USB.o)
                0x00000a10                UART_USB_PutChar
 .text.UART_USB_PutString
                0x00000a44       0x44 .\CortexM3\ARM_GCC_541\Debug\SPI_Master.a(UART_USB.o)
                0x00000a44                UART_USB_PutString
 .text.DMA_RX_DmaInitialize
                0x00000a88       0x64 .\CortexM3\ARM_GCC_541\Debug\SPI_Master.a(DMA_RX_dma.o)
                0x00000a88                DMA_RX_DmaInitialize
 .text.SPIM_Init
                0x00000aec       0x34 .\CortexM3\ARM_GCC_541\Debug\SPI_Master.a(SPIM.o)
                0x00000aec                SPIM_Init
 .text.SPIM_Enable
                0x00000b20       0x64 .\CortexM3\ARM_GCC_541\Debug\SPI_Master.a(SPIM.o)
                0x00000b20                SPIM_Enable
 .text.SPIM_Start
                0x00000b84       0x24 .\CortexM3\ARM_GCC_541\Debug\SPI_Master.a(SPIM.o)
                0x00000b84                SPIM_Start
 .text.SPIM_EnableTxInt
                0x00000ba8        0xc .\CortexM3\ARM_GCC_541\Debug\SPI_Master.a(SPIM.o)
                0x00000ba8                SPIM_EnableTxInt
 .text.SPIM_EnableRxInt
                0x00000bb4        0xc .\CortexM3\ARM_GCC_541\Debug\SPI_Master.a(SPIM.o)
                0x00000bb4                SPIM_EnableRxInt
 .text.SPIM_ReadTxStatus
                0x00000bc0       0x1c .\CortexM3\ARM_GCC_541\Debug\SPI_Master.a(SPIM.o)
                0x00000bc0                SPIM_ReadTxStatus
 .text.SPIM_ReadRxStatus
                0x00000bdc       0x1c .\CortexM3\ARM_GCC_541\Debug\SPI_Master.a(SPIM.o)
                0x00000bdc                SPIM_ReadRxStatus
 .text.SPIM_WriteTxData
                0x00000bf8       0x34 .\CortexM3\ARM_GCC_541\Debug\SPI_Master.a(SPIM.o)
                0x00000bf8                SPIM_WriteTxData
 .text.SPIM_ReadRxData
                0x00000c2c       0x1c .\CortexM3\ARM_GCC_541\Debug\SPI_Master.a(SPIM.o)
                0x00000c2c                SPIM_ReadRxData
 .text.SPIM_ClearFIFO
                0x00000c48       0x60 .\CortexM3\ARM_GCC_541\Debug\SPI_Master.a(SPIM.o)
                0x00000c48                SPIM_ClearFIFO
 .text.DMA_TX_DmaInitialize
                0x00000ca8       0x64 .\CortexM3\ARM_GCC_541\Debug\SPI_Master.a(DMA_TX_dma.o)
                0x00000ca8                DMA_TX_DmaInitialize
 .text.UART_USB_IntClock_Start
                0x00000d0c       0x34 .\CortexM3\ARM_GCC_541\Debug\SPI_Master.a(UART_USB_IntClock.o)
                0x00000d0c                UART_USB_IntClock_Start
 .text.CyDmacConfigure
                0x00000d40       0x5c .\CortexM3\ARM_GCC_541\Debug\SPI_Master.a(CyDmac.o)
                0x00000d40                CyDmacConfigure
 .text.CyDmaChEnable
                0x00000d9c       0x8c .\CortexM3\ARM_GCC_541\Debug\SPI_Master.a(CyDmac.o)
                0x00000d9c                CyDmaChEnable
 .text.CyDmaChPriority
                0x00000e28       0x64 .\CortexM3\ARM_GCC_541\Debug\SPI_Master.a(CyDmac.o)
                0x00000e28                CyDmaChPriority
 .text.CyDmaChSetExtendedAddress
                0x00000e8c       0x78 .\CortexM3\ARM_GCC_541\Debug\SPI_Master.a(CyDmac.o)
                0x00000e8c                CyDmaChSetExtendedAddress
 .text.CyDmaChSetInitialTd
                0x00000f04       0x3c .\CortexM3\ARM_GCC_541\Debug\SPI_Master.a(CyDmac.o)
                0x00000f04                CyDmaChSetInitialTd
 .text.CyDmaChSetConfiguration
                0x00000f40       0xa0 .\CortexM3\ARM_GCC_541\Debug\SPI_Master.a(CyDmac.o)
                0x00000f40                CyDmaChSetConfiguration
 .text.CyDmaTdAllocate
                0x00000fe0       0x5c .\CortexM3\ARM_GCC_541\Debug\SPI_Master.a(CyDmac.o)
                0x00000fe0                CyDmaTdAllocate
 .text.CyDmaTdSetConfiguration
                0x0000103c       0x80 .\CortexM3\ARM_GCC_541\Debug\SPI_Master.a(CyDmac.o)
                0x0000103c                CyDmaTdSetConfiguration
 .text.CyDmaTdSetAddress
                0x000010bc       0x5c .\CortexM3\ARM_GCC_541\Debug\SPI_Master.a(CyDmac.o)
                0x000010bc                CyDmaTdSetAddress
 .text.CyDelay  0x00001118       0x44 .\CortexM3\ARM_GCC_541\Debug\SPI_Master.a(CyLib.o)
                0x00001118                CyDelay
 .text.CyDelayUs
                0x0000115c       0x28 .\CortexM3\ARM_GCC_541\Debug\SPI_Master.a(CyLib.o)
                0x0000115c                CyDelayUs
 *fill*         0x00001184        0x4 
 .text          0x00001188       0x20 .\CortexM3\ARM_GCC_541\Debug\SPI_Master.a(CyBootAsmGnu.o)
                0x00001188                CyDelayCycles
                0x00001198                CyEnterCriticalSection
                0x000011a0                CyExitCriticalSection
 .text.__errno  0x000011a8        0xc c:/program files (x86)/cypress/psoc creator/4.2/psoc creator/import/gnu/arm/5.4.1/bin/../lib/gcc/arm-none-eabi/5.4.1/../../../../arm-none-eabi/lib/armv7-m\libg_nano.a(lib_a-errno.o)
                0x000011a8                __errno
 .text.__libc_init_array
                0x000011b4       0x4c c:/program files (x86)/cypress/psoc creator/4.2/psoc creator/import/gnu/arm/5.4.1/bin/../lib/gcc/arm-none-eabi/5.4.1/../../../../arm-none-eabi/lib/armv7-m\libg_nano.a(lib_a-init.o)
                0x000011b4                __libc_init_array
 .text.memcpy   0x00001200       0x16 c:/program files (x86)/cypress/psoc creator/4.2/psoc creator/import/gnu/arm/5.4.1/bin/../lib/gcc/arm-none-eabi/5.4.1/../../../../arm-none-eabi/lib/armv7-m\libg_nano.a(lib_a-memcpy-stub.o)
                0x00001200                memcpy
 .text.memset   0x00001216       0x10 c:/program files (x86)/cypress/psoc creator/4.2/psoc creator/import/gnu/arm/5.4.1/bin/../lib/gcc/arm-none-eabi/5.4.1/../../../../arm-none-eabi/lib/armv7-m\libg_nano.a(lib_a-memset.o)
                0x00001216                memset
 *(.plt)
 *(.gnu.warning)
 *(.glue_7t)
 .glue_7t       0x00001226        0x0 linker stubs
 *(.glue_7)
 .glue_7        0x00001226        0x0 linker stubs
 *(.vfp11_veneer)
 .vfp11_veneer  0x00001226        0x0 linker stubs
 *(.bootloader)
 *(.ARM.extab* .gnu.linkonce.armextab.*)
 *(.gcc_except_table)

.v4_bx          0x00001228        0x0
 .v4_bx         0x00001228        0x0 linker stubs

.iplt           0x00001228        0x0
 .iplt          0x00001228        0x0 c:/program files (x86)/cypress/psoc creator/4.2/psoc creator/import/gnu/arm/5.4.1/bin/../lib/gcc/arm-none-eabi/5.4.1/armv7-m/crtbegin.o

.eh_frame_hdr
 *(.eh_frame_hdr)

.eh_frame       0x00001228        0x4
 *(.eh_frame)
 .eh_frame      0x00001228        0x0 c:/program files (x86)/cypress/psoc creator/4.2/psoc creator/import/gnu/arm/5.4.1/bin/../lib/gcc/arm-none-eabi/5.4.1/armv7-m/crtbegin.o
 .eh_frame      0x00001228        0x4 c:/program files (x86)/cypress/psoc creator/4.2/psoc creator/import/gnu/arm/5.4.1/bin/../lib/gcc/arm-none-eabi/5.4.1/armv7-m/crtend.o
                [!provide]                PROVIDE (__exidx_start, .)

.ARM.exidx
 *(.ARM.exidx* .gnu.linkonce.armexidx.*)
                0x0000122c                __exidx_end = .

.rodata         0x0000122c      0x134
 *(.rodata .rodata.* .gnu.linkonce.r.*)
 .rodata        0x0000122c       0x24 .\CortexM3\ARM_GCC_541\Debug\main.o
 .rodata        0x00001250       0xd8 .\CortexM3\ARM_GCC_541\Debug\cyfitter_cfg.o
 .rodata.str1.1
                0x00001328        0x2 c:/program files (x86)/cypress/psoc creator/4.2/psoc creator/import/gnu/arm/5.4.1/bin/../lib/gcc/arm-none-eabi/5.4.1/../../../../arm-none-eabi/lib/armv7-m\libg_nano.a(lib_a-impure.o)
                0x0000132c                . = ALIGN (0x4)
 *fill*         0x0000132a        0x2 
 *(.init)
 .init          0x0000132c        0x4 c:/program files (x86)/cypress/psoc creator/4.2/psoc creator/import/gnu/arm/5.4.1/bin/../lib/gcc/arm-none-eabi/5.4.1/armv7-m/crti.o
                0x0000132c                _init
 .init          0x00001330        0x8 c:/program files (x86)/cypress/psoc creator/4.2/psoc creator/import/gnu/arm/5.4.1/bin/../lib/gcc/arm-none-eabi/5.4.1/armv7-m/crtn.o
                0x00001338                . = ALIGN (0x4)
                0x00001338                __preinit_array_start = .
 *(.preinit_array)
                0x00001338                __preinit_array_end = .
                0x00001338                . = ALIGN (0x4)
                0x00001338                __init_array_start = .
 *(SORT(.init_array.*))
 *(.init_array)
 .init_array    0x00001338        0x4 c:/program files (x86)/cypress/psoc creator/4.2/psoc creator/import/gnu/arm/5.4.1/bin/../lib/gcc/arm-none-eabi/5.4.1/armv7-m/crtbegin.o
 .init_array    0x0000133c        0x4 .\CortexM3\ARM_GCC_541\Debug\Cm3Start.o
                0x00001340                __init_array_end = .
                0x00001340                . = ALIGN (0x4)
 *(.fini)
 .fini          0x00001340        0x4 c:/program files (x86)/cypress/psoc creator/4.2/psoc creator/import/gnu/arm/5.4.1/bin/../lib/gcc/arm-none-eabi/5.4.1/armv7-m/crti.o
                0x00001340                _fini
 .fini          0x00001344        0x8 c:/program files (x86)/cypress/psoc creator/4.2/psoc creator/import/gnu/arm/5.4.1/bin/../lib/gcc/arm-none-eabi/5.4.1/armv7-m/crtn.o
                0x0000134c                . = ALIGN (0x4)
                0x0000134c                __fini_array_start = .
 *(.fini_array)
 .fini_array    0x0000134c        0x4 c:/program files (x86)/cypress/psoc creator/4.2/psoc creator/import/gnu/arm/5.4.1/bin/../lib/gcc/arm-none-eabi/5.4.1/armv7-m/crtbegin.o
 *(SORT(.fini_array.*))
                0x00001350                __fini_array_end = .
                0x00001350                . = ALIGN (0x4)
 *crtbegin.o(.ctors)
 *(EXCLUDE_FILE(*crtend.o) .ctors)
 *(SORT(.ctors.*))
 *crtend.o(.ctors)
                0x00001350                . = ALIGN (0x4)
 *crtbegin.o(.dtors)
 *(EXCLUDE_FILE(*crtend.o) .dtors)
 *(SORT(.dtors.*))
 *crtend.o(.dtors)
                0x00001350                . = ALIGN (0x4)
                0x00001350                __cy_regions = .
                0x00001350        0x4 LONG 0x1360 __cy_region_init_ram
                0x00001354        0x4 LONG 0x1fff80c8 __cy_region_start_data
                0x00001358        0x4 LONG 0x90 __cy_region_init_size_ram
                0x0000135c        0x4 LONG 0x38 __cy_region_zero_size_ram
                0x00001360                __cy_regions_end = .
                0x00001360                . = ALIGN (0x8)
                0x00001360                _etext = .

.cy_checksum_exclude
                0x00001360        0x0
 *(.cy_checksum_exclude)

.ramvectors     0x1fff8000       0xc0
                0x1fff8000                __cy_region_start_ram = .
 *(.ramvectors)
 .ramvectors    0x1fff8000       0xc0 .\CortexM3\ARM_GCC_541\Debug\Cm3Start.o
                0x1fff8000                CyRamVectors

.noinit         0x1fff80c0        0x5
 *(.noinit)
 .noinit        0x1fff80c0        0x4 .\CortexM3\ARM_GCC_541\Debug\Cm3Start.o
 .noinit        0x1fff80c4        0x1 .\CortexM3\ARM_GCC_541\Debug\SPI_Master.a(CyLib.o)
                0x1fff80c4                CyResetStatus

.data           0x1fff80c8       0x90 load address 0x00001360
                0x1fff80c8                __cy_region_start_data = .
 *(.jcr)
 .jcr           0x1fff80c8        0x0 c:/program files (x86)/cypress/psoc creator/4.2/psoc creator/import/gnu/arm/5.4.1/bin/../lib/gcc/arm-none-eabi/5.4.1/armv7-m/crtbegin.o
 .jcr           0x1fff80c8        0x4 c:/program files (x86)/cypress/psoc creator/4.2/psoc creator/import/gnu/arm/5.4.1/bin/../lib/gcc/arm-none-eabi/5.4.1/armv7-m/crtend.o
 *(.got.plt)
 *(.got)
 *(.shdata)
 *(.data .data.* .gnu.linkonce.d.*)
 .data          0x1fff80cc        0x8 .\CortexM3\ARM_GCC_541\Debug\main.o
                0x1fff80cc                txBuffer
 .data          0x1fff80d4        0x1 .\CortexM3\ARM_GCC_541\Debug\SPI_Master.a(DMA_RX_dma.o)
                0x1fff80d4                DMA_RX_DmaHandle
 .data          0x1fff80d5        0x1 .\CortexM3\ARM_GCC_541\Debug\SPI_Master.a(DMA_TX_dma.o)
                0x1fff80d5                DMA_TX_DmaHandle
 *fill*         0x1fff80d6        0x2 
 .data          0x1fff80d8        0x8 .\CortexM3\ARM_GCC_541\Debug\SPI_Master.a(CyDmac.o)
 .data          0x1fff80e0       0x10 .\CortexM3\ARM_GCC_541\Debug\SPI_Master.a(CyLib.o)
                0x1fff80e0                cydelay_freq_hz
                0x1fff80e4                cydelay_freq_khz
                0x1fff80e8                cydelay_freq_mhz
                0x1fff80ec                cydelay_32k_ms
 .data.impure_data
                0x1fff80f0       0x60 c:/program files (x86)/cypress/psoc creator/4.2/psoc creator/import/gnu/arm/5.4.1/bin/../lib/gcc/arm-none-eabi/5.4.1/../../../../arm-none-eabi/lib/armv7-m\libg_nano.a(lib_a-impure.o)
 .data._impure_ptr
                0x1fff8150        0x4 c:/program files (x86)/cypress/psoc creator/4.2/psoc creator/import/gnu/arm/5.4.1/bin/../lib/gcc/arm-none-eabi/5.4.1/../../../../arm-none-eabi/lib/armv7-m\libg_nano.a(lib_a-impure.o)
                0x1fff8150                _impure_ptr
                0x1fff8158                . = ALIGN (0x8)
 *fill*         0x1fff8154        0x4 
 *(.ram)
                0x1fff8158                _edata = .

.igot.plt       0x1fff8158        0x0 load address 0x000013f0
 .igot.plt      0x1fff8158        0x0 c:/program files (x86)/cypress/psoc creator/4.2/psoc creator/import/gnu/arm/5.4.1/bin/../lib/gcc/arm-none-eabi/5.4.1/armv7-m/crtbegin.o

.bss            0x1fff8158       0x38 load address 0x000013f0
                0x1fff8158                PROVIDE (__bss_start__, .)
 *(.shbss)
 *(.bss .bss.* .gnu.linkonce.b.*)
 .bss           0x1fff8158       0x1c c:/program files (x86)/cypress/psoc creator/4.2/psoc creator/import/gnu/arm/5.4.1/bin/../lib/gcc/arm-none-eabi/5.4.1/armv7-m/crtbegin.o
 *fill*         0x1fff8174        0x4 
 .bss           0x1fff8178        0x4 .\CortexM3\ARM_GCC_541\Debug\cyfitter_cfg.o
 .bss           0x1fff817c        0x2 .\CortexM3\ARM_GCC_541\Debug\SPI_Master.a(UART_USB.o)
                0x1fff817c                UART_USB_initVar
 .bss           0x1fff817e        0x1 .\CortexM3\ARM_GCC_541\Debug\SPI_Master.a(SPIM.o)
                0x1fff817e                SPIM_initVar
 *(COMMON)
 *fill*         0x1fff817f        0x1 
 COMMON         0x1fff8180        0xe .\CortexM3\ARM_GCC_541\Debug\main.o
                0x1fff8180                txChannel
                0x1fff8181                rxTD
                0x1fff8184                rxBuffer
                0x1fff818c                txTD
                0x1fff818d                rxChannel
                0x1fff8190                . = ALIGN (0x8)
 *fill*         0x1fff818e        0x2 
 *(.ram.b)
                0x1fff8190                _end = .
                0x1fff8190                __end = .
                0x1fff8190                PROVIDE (end, .)
                0x1fff8190                PROVIDE (__bss_end__, .)
                0x00001360                __cy_region_init_ram = LOADADDR (.data)
                0x00000090                __cy_region_init_size_ram = (_edata - ADDR (.data))
                0x00000038                __cy_region_zero_size_ram = (_end - _edata)

.heap           0x1fff8190       0x80 load address 0x000013f0
                0x1fff8190                . = _end
                0x1fff8210                . = (. + 0x80)
 *fill*         0x1fff8190       0x80 
                0x1fff8210                __cy_heap_limit = .

.stack          0x20007800      0x800
                0x20007800                __cy_stack_limit = .
                0x20008000                . = (. + 0x800)
 *fill*         0x20007800      0x800 
                0x00000001                ASSERT ((__cy_stack_limit >= __cy_heap_limit), region RAM overflowed with stack)
                0x00000000                cy_checksum_exclude_size = (CY_APPL_LOADABLE == 0x1)?SIZEOF (.cy_checksum_exclude):0x0
                0x00000001                ASSERT ((cy_checksum_exclude_size <= CY_CHECKSUM_EXCLUDE_SIZE), CY_BOOT: Section .cy_checksum_exclude size exceedes specified limit.)

.cyloadermeta
 *(.cyloadermeta)

.cyloadablemeta
 *(.cyloadablemeta)

.cyconfigecc    0x80000000      0xe94
 *(.cyconfigecc)
 .cyconfigecc   0x80000000      0xe94 .\CortexM3\ARM_GCC_541\Debug\cymetadata.o
                0x80000000                cy_meta_configecc

.cycustnvl      0x90000000        0x4
 *(.cycustnvl)
 .cycustnvl     0x90000000        0x4 .\CortexM3\ARM_GCC_541\Debug\cymetadata.o
                0x90000000                cy_meta_custnvl

.cywolatch      0x90100000        0x4
 *(.cywolatch)
 .cywolatch     0x90100000        0x4 .\CortexM3\ARM_GCC_541\Debug\cymetadata.o
                0x90100000                cy_meta_wonvl

.cyeeprom       0x90200000        0x0
 *(.cyeeprom)
                0x00000001                ASSERT ((. <= ((0x90200000 + ee_offset) + ee_size)), .cyeeprom data will not fit in EEPROM)

.cyflashprotect
                0x90400000      0x100
 *(.cyflashprotect)
 .cyflashprotect
                0x90400000      0x100 .\CortexM3\ARM_GCC_541\Debug\cymetadata.o
                0x90400000                cy_meta_flashprotect

.cymeta         0x90500000        0xc
 *(.cymeta)
 .cymeta        0x90500000        0xc .\CortexM3\ARM_GCC_541\Debug\cymetadata.o
                0x90500000                cy_metadata

.rel.dyn        0x000013f0        0x0 load address 0x9050000c
 .rel.iplt      0x000013f0        0x0 c:/program files (x86)/cypress/psoc creator/4.2/psoc creator/import/gnu/arm/5.4.1/bin/../lib/gcc/arm-none-eabi/5.4.1/armv7-m/crtbegin.o

.stab
 *(.stab)

.stabstr
 *(.stabstr)

.debug
 *(.debug)

.line
 *(.line)

.debug_srcinfo
 *(.debug_srcinfo)

.debug_sfnames
 *(.debug_sfnames)

.debug_aranges  0x00000000      0x8a0
 *(.debug_aranges)
 .debug_aranges
                0x00000000       0x30 .\CortexM3\ARM_GCC_541\Debug\main.o
 .debug_aranges
                0x00000030       0x60 .\CortexM3\ARM_GCC_541\Debug\cyfitter_cfg.o
 .debug_aranges
                0x00000090       0x18 .\CortexM3\ARM_GCC_541\Debug\cymetadata.o
 .debug_aranges
                0x000000a8       0x48 .\CortexM3\ARM_GCC_541\Debug\Cm3Start.o
 .debug_aranges
                0x000000f0       0xf0 .\CortexM3\ARM_GCC_541\Debug\SPI_Master.a(UART_USB.o)
 .debug_aranges
                0x000001e0       0x28 .\CortexM3\ARM_GCC_541\Debug\SPI_Master.a(DMA_RX_dma.o)
 .debug_aranges
                0x00000208       0xd8 .\CortexM3\ARM_GCC_541\Debug\SPI_Master.a(SPIM.o)
 .debug_aranges
                0x000002e0       0x28 .\CortexM3\ARM_GCC_541\Debug\SPI_Master.a(DMA_TX_dma.o)
 .debug_aranges
                0x00000308       0x70 .\CortexM3\ARM_GCC_541\Debug\SPI_Master.a(UART_USB_IntClock.o)
 .debug_aranges
                0x00000378       0xd8 .\CortexM3\ARM_GCC_541\Debug\SPI_Master.a(CyDmac.o)
 .debug_aranges
                0x00000450      0x2a0 .\CortexM3\ARM_GCC_541\Debug\SPI_Master.a(CyLib.o)
 .debug_aranges
                0x000006f0       0x98 .\CortexM3\ARM_GCC_541\Debug\SPI_Master.a(cyPm.o)
 .debug_aranges
                0x00000788       0x20 .\CortexM3\ARM_GCC_541\Debug\SPI_Master.a(CyBootAsmGnu.o)
 .debug_aranges
                0x000007a8       0x80 .\CortexM3\ARM_GCC_541\Debug\SPI_Master.a(CyFlash.o)
 .debug_aranges
                0x00000828       0x78 .\CortexM3\ARM_GCC_541\Debug\SPI_Master.a(CySpc.o)

.debug_pubnames
 *(.debug_pubnames)

.debug_info     0x00000000     0x3c5c
 *(.debug_info .gnu.linkonce.wi.*)
 .debug_info    0x00000000      0x1a9 .\CortexM3\ARM_GCC_541\Debug\main.o
 .debug_info    0x000001a9      0x3ce .\CortexM3\ARM_GCC_541\Debug\cyfitter_cfg.o
 .debug_info    0x00000577      0x139 .\CortexM3\ARM_GCC_541\Debug\cymetadata.o
 .debug_info    0x000006b0      0x32b .\CortexM3\ARM_GCC_541\Debug\Cm3Start.o
 .debug_info    0x000009db      0x50a .\CortexM3\ARM_GCC_541\Debug\SPI_Master.a(UART_USB.o)
 .debug_info    0x00000ee5      0x11b .\CortexM3\ARM_GCC_541\Debug\SPI_Master.a(DMA_RX_dma.o)
 .debug_info    0x00001000      0x3f4 .\CortexM3\ARM_GCC_541\Debug\SPI_Master.a(SPIM.o)
 .debug_info    0x000013f4      0x11b .\CortexM3\ARM_GCC_541\Debug\SPI_Master.a(DMA_TX_dma.o)
 .debug_info    0x0000150f      0x25d .\CortexM3\ARM_GCC_541\Debug\SPI_Master.a(UART_USB_IntClock.o)
 .debug_info    0x0000176c      0x8c0 .\CortexM3\ARM_GCC_541\Debug\SPI_Master.a(CyDmac.o)
 .debug_info    0x0000202c      0xe51 .\CortexM3\ARM_GCC_541\Debug\SPI_Master.a(CyLib.o)
 .debug_info    0x00002e7d      0x57a .\CortexM3\ARM_GCC_541\Debug\SPI_Master.a(cyPm.o)
 .debug_info    0x000033f7       0x9a .\CortexM3\ARM_GCC_541\Debug\SPI_Master.a(CyBootAsmGnu.o)
 .debug_info    0x00003491      0x371 .\CortexM3\ARM_GCC_541\Debug\SPI_Master.a(CyFlash.o)
 .debug_info    0x00003802      0x45a .\CortexM3\ARM_GCC_541\Debug\SPI_Master.a(CySpc.o)

.debug_abbrev   0x00000000     0x1144
 *(.debug_abbrev)
 .debug_abbrev  0x00000000       0xc0 .\CortexM3\ARM_GCC_541\Debug\main.o
 .debug_abbrev  0x000000c0      0x183 .\CortexM3\ARM_GCC_541\Debug\cyfitter_cfg.o
 .debug_abbrev  0x00000243       0x77 .\CortexM3\ARM_GCC_541\Debug\cymetadata.o
 .debug_abbrev  0x000002ba      0x1d6 .\CortexM3\ARM_GCC_541\Debug\Cm3Start.o
 .debug_abbrev  0x00000490      0x163 .\CortexM3\ARM_GCC_541\Debug\SPI_Master.a(UART_USB.o)
 .debug_abbrev  0x000005f3       0x8b .\CortexM3\ARM_GCC_541\Debug\SPI_Master.a(DMA_RX_dma.o)
 .debug_abbrev  0x0000067e      0x156 .\CortexM3\ARM_GCC_541\Debug\SPI_Master.a(SPIM.o)
 .debug_abbrev  0x000007d4       0x8b .\CortexM3\ARM_GCC_541\Debug\SPI_Master.a(DMA_TX_dma.o)
 .debug_abbrev  0x0000085f      0x11d .\CortexM3\ARM_GCC_541\Debug\SPI_Master.a(UART_USB_IntClock.o)
 .debug_abbrev  0x0000097c      0x194 .\CortexM3\ARM_GCC_541\Debug\SPI_Master.a(CyDmac.o)
 .debug_abbrev  0x00000b10      0x217 .\CortexM3\ARM_GCC_541\Debug\SPI_Master.a(CyLib.o)
 .debug_abbrev  0x00000d27      0x161 .\CortexM3\ARM_GCC_541\Debug\SPI_Master.a(cyPm.o)
 .debug_abbrev  0x00000e88       0x14 .\CortexM3\ARM_GCC_541\Debug\SPI_Master.a(CyBootAsmGnu.o)
 .debug_abbrev  0x00000e9c      0x13c .\CortexM3\ARM_GCC_541\Debug\SPI_Master.a(CyFlash.o)
 .debug_abbrev  0x00000fd8      0x16c .\CortexM3\ARM_GCC_541\Debug\SPI_Master.a(CySpc.o)

.debug_line     0x00000000     0x2242
 *(.debug_line)
 .debug_line    0x00000000      0x1de .\CortexM3\ARM_GCC_541\Debug\main.o
 .debug_line    0x000001de      0x21c .\CortexM3\ARM_GCC_541\Debug\cyfitter_cfg.o
 .debug_line    0x000003fa      0x141 .\CortexM3\ARM_GCC_541\Debug\cymetadata.o
 .debug_line    0x0000053b      0x1db .\CortexM3\ARM_GCC_541\Debug\Cm3Start.o
 .debug_line    0x00000716      0x2e6 .\CortexM3\ARM_GCC_541\Debug\SPI_Master.a(UART_USB.o)
 .debug_line    0x000009fc       0x79 .\CortexM3\ARM_GCC_541\Debug\SPI_Master.a(DMA_RX_dma.o)
 .debug_line    0x00000a75      0x260 .\CortexM3\ARM_GCC_541\Debug\SPI_Master.a(SPIM.o)
 .debug_line    0x00000cd5       0x79 .\CortexM3\ARM_GCC_541\Debug\SPI_Master.a(DMA_TX_dma.o)
 .debug_line    0x00000d4e      0x1b0 .\CortexM3\ARM_GCC_541\Debug\SPI_Master.a(UART_USB_IntClock.o)
 .debug_line    0x00000efe      0x2b6 .\CortexM3\ARM_GCC_541\Debug\SPI_Master.a(CyDmac.o)
 .debug_line    0x000011b4      0x883 .\CortexM3\ARM_GCC_541\Debug\SPI_Master.a(CyLib.o)
 .debug_line    0x00001a37      0x38e .\CortexM3\ARM_GCC_541\Debug\SPI_Master.a(cyPm.o)
 .debug_line    0x00001dc5       0x66 .\CortexM3\ARM_GCC_541\Debug\SPI_Master.a(CyBootAsmGnu.o)
 .debug_line    0x00001e2b      0x205 .\CortexM3\ARM_GCC_541\Debug\SPI_Master.a(CyFlash.o)
 .debug_line    0x00002030      0x212 .\CortexM3\ARM_GCC_541\Debug\SPI_Master.a(CySpc.o)

.debug_frame    0x00000000     0x2390
 *(.debug_frame)
 .debug_frame   0x00000000       0x68 .\CortexM3\ARM_GCC_541\Debug\main.o
 .debug_frame   0x00000068      0x160 .\CortexM3\ARM_GCC_541\Debug\cyfitter_cfg.o
 .debug_frame   0x000001c8       0xd8 .\CortexM3\ARM_GCC_541\Debug\Cm3Start.o
 .debug_frame   0x000002a0      0x42c .\CortexM3\ARM_GCC_541\Debug\SPI_Master.a(UART_USB.o)
 .debug_frame   0x000006cc       0x58 .\CortexM3\ARM_GCC_541\Debug\SPI_Master.a(DMA_RX_dma.o)
 .debug_frame   0x00000724      0x38c .\CortexM3\ARM_GCC_541\Debug\SPI_Master.a(SPIM.o)
 .debug_frame   0x00000ab0       0x58 .\CortexM3\ARM_GCC_541\Debug\SPI_Master.a(DMA_TX_dma.o)
 .debug_frame   0x00000b08      0x1b4 .\CortexM3\ARM_GCC_541\Debug\SPI_Master.a(UART_USB_IntClock.o)
 .debug_frame   0x00000cbc      0x3d0 .\CortexM3\ARM_GCC_541\Debug\SPI_Master.a(CyDmac.o)
 .debug_frame   0x0000108c      0xc0c .\CortexM3\ARM_GCC_541\Debug\SPI_Master.a(CyLib.o)
 .debug_frame   0x00001c98      0x234 .\CortexM3\ARM_GCC_541\Debug\SPI_Master.a(cyPm.o)
 .debug_frame   0x00001ecc      0x210 .\CortexM3\ARM_GCC_541\Debug\SPI_Master.a(CyFlash.o)
 .debug_frame   0x000020dc      0x1f8 .\CortexM3\ARM_GCC_541\Debug\SPI_Master.a(CySpc.o)
 .debug_frame   0x000022d4       0x20 c:/program files (x86)/cypress/psoc creator/4.2/psoc creator/import/gnu/arm/5.4.1/bin/../lib/gcc/arm-none-eabi/5.4.1/../../../../arm-none-eabi/lib/armv7-m\libg_nano.a(lib_a-errno.o)
 .debug_frame   0x000022f4       0x28 c:/program files (x86)/cypress/psoc creator/4.2/psoc creator/import/gnu/arm/5.4.1/bin/../lib/gcc/arm-none-eabi/5.4.1/../../../../arm-none-eabi/lib/armv7-m\libg_nano.a(lib_a-exit.o)
 .debug_frame   0x0000231c       0x2c c:/program files (x86)/cypress/psoc creator/4.2/psoc creator/import/gnu/arm/5.4.1/bin/../lib/gcc/arm-none-eabi/5.4.1/../../../../arm-none-eabi/lib/armv7-m\libg_nano.a(lib_a-init.o)
 .debug_frame   0x00002348       0x28 c:/program files (x86)/cypress/psoc creator/4.2/psoc creator/import/gnu/arm/5.4.1/bin/../lib/gcc/arm-none-eabi/5.4.1/../../../../arm-none-eabi/lib/armv7-m\libg_nano.a(lib_a-memcpy-stub.o)
 .debug_frame   0x00002370       0x20 c:/program files (x86)/cypress/psoc creator/4.2/psoc creator/import/gnu/arm/5.4.1/bin/../lib/gcc/arm-none-eabi/5.4.1/../../../../arm-none-eabi/lib/armv7-m\libg_nano.a(lib_a-memset.o)

.debug_str      0x00000000     0x1de0
 *(.debug_str)
 .debug_str     0x00000000      0x1d7 .\CortexM3\ARM_GCC_541\Debug\main.o
                                0x21f (size before relaxing)
 .debug_str     0x000001d7      0x186 .\CortexM3\ARM_GCC_541\Debug\cyfitter_cfg.o
                                0x329 (size before relaxing)
 .debug_str     0x0000035d       0x7f .\CortexM3\ARM_GCC_541\Debug\cymetadata.o
                                0x1ee (size before relaxing)
 .debug_str     0x000003dc      0x124 .\CortexM3\ARM_GCC_541\Debug\Cm3Start.o
                                0x2e1 (size before relaxing)
 .debug_str     0x00000500      0x2f4 .\CortexM3\ARM_GCC_541\Debug\SPI_Master.a(UART_USB.o)
                                0x49f (size before relaxing)
 .debug_str     0x000007f4       0x97 .\CortexM3\ARM_GCC_541\Debug\SPI_Master.a(DMA_RX_dma.o)
                                0x229 (size before relaxing)
 .debug_str     0x0000088b      0x1fb .\CortexM3\ARM_GCC_541\Debug\SPI_Master.a(SPIM.o)
                                0x3c2 (size before relaxing)
 .debug_str     0x00000a86       0x5c .\CortexM3\ARM_GCC_541\Debug\SPI_Master.a(DMA_TX_dma.o)
                                0x229 (size before relaxing)
 .debug_str     0x00000ae2      0x1e0 .\CortexM3\ARM_GCC_541\Debug\SPI_Master.a(UART_USB_IntClock.o)
                                0x370 (size before relaxing)
 .debug_str     0x00000cc2      0x375 .\CortexM3\ARM_GCC_541\Debug\SPI_Master.a(CyDmac.o)
                                0x527 (size before relaxing)
 .debug_str     0x00001037      0x7d4 .\CortexM3\ARM_GCC_541\Debug\SPI_Master.a(CyLib.o)
                                0x9f4 (size before relaxing)
 .debug_str     0x0000180b      0x371 .\CortexM3\ARM_GCC_541\Debug\SPI_Master.a(cyPm.o)
                                0x54d (size before relaxing)
 .debug_str     0x00001b7c      0x13e .\CortexM3\ARM_GCC_541\Debug\SPI_Master.a(CyFlash.o)
                                0x300 (size before relaxing)
 .debug_str     0x00001cba      0x126 .\CortexM3\ARM_GCC_541\Debug\SPI_Master.a(CySpc.o)
                                0x2fd (size before relaxing)

.debug_loc
 *(.debug_loc)

.debug_macinfo
 *(.debug_macinfo)

.debug_ranges   0x00000000      0x798
 *(.debug_ranges)
 .debug_ranges  0x00000000       0x20 .\CortexM3\ARM_GCC_541\Debug\main.o
 .debug_ranges  0x00000020       0x50 .\CortexM3\ARM_GCC_541\Debug\cyfitter_cfg.o
 .debug_ranges  0x00000070       0x38 .\CortexM3\ARM_GCC_541\Debug\Cm3Start.o
 .debug_ranges  0x000000a8       0xe0 .\CortexM3\ARM_GCC_541\Debug\SPI_Master.a(UART_USB.o)
 .debug_ranges  0x00000188       0x18 .\CortexM3\ARM_GCC_541\Debug\SPI_Master.a(DMA_RX_dma.o)
 .debug_ranges  0x000001a0       0xc8 .\CortexM3\ARM_GCC_541\Debug\SPI_Master.a(SPIM.o)
 .debug_ranges  0x00000268       0x18 .\CortexM3\ARM_GCC_541\Debug\SPI_Master.a(DMA_TX_dma.o)
 .debug_ranges  0x00000280       0x60 .\CortexM3\ARM_GCC_541\Debug\SPI_Master.a(UART_USB_IntClock.o)
 .debug_ranges  0x000002e0       0xc8 .\CortexM3\ARM_GCC_541\Debug\SPI_Master.a(CyDmac.o)
 .debug_ranges  0x000003a8      0x290 .\CortexM3\ARM_GCC_541\Debug\SPI_Master.a(CyLib.o)
 .debug_ranges  0x00000638       0x88 .\CortexM3\ARM_GCC_541\Debug\SPI_Master.a(cyPm.o)
 .debug_ranges  0x000006c0       0x70 .\CortexM3\ARM_GCC_541\Debug\SPI_Master.a(CyFlash.o)
 .debug_ranges  0x00000730       0x68 .\CortexM3\ARM_GCC_541\Debug\SPI_Master.a(CySpc.o)

.comment        0x00000000       0x6e
 .comment       0x00000000       0x6e .\CortexM3\ARM_GCC_541\Debug\main.o
                                 0x6f (size before relaxing)
 .comment       0x0000006e       0x6f .\CortexM3\ARM_GCC_541\Debug\cyfitter_cfg.o
 .comment       0x0000006e       0x6f .\CortexM3\ARM_GCC_541\Debug\cymetadata.o
 .comment       0x0000006e       0x6f .\CortexM3\ARM_GCC_541\Debug\Cm3Start.o
 .comment       0x0000006e       0x6f .\CortexM3\ARM_GCC_541\Debug\SPI_Master.a(UART_USB.o)
 .comment       0x0000006e       0x6f .\CortexM3\ARM_GCC_541\Debug\SPI_Master.a(DMA_RX_dma.o)
 .comment       0x0000006e       0x6f .\CortexM3\ARM_GCC_541\Debug\SPI_Master.a(SPIM.o)
 .comment       0x0000006e       0x6f .\CortexM3\ARM_GCC_541\Debug\SPI_Master.a(DMA_TX_dma.o)
 .comment       0x0000006e       0x6f .\CortexM3\ARM_GCC_541\Debug\SPI_Master.a(UART_USB_IntClock.o)
 .comment       0x0000006e       0x6f .\CortexM3\ARM_GCC_541\Debug\SPI_Master.a(CyDmac.o)
 .comment       0x0000006e       0x6f .\CortexM3\ARM_GCC_541\Debug\SPI_Master.a(CyLib.o)
 .comment       0x0000006e       0x6f .\CortexM3\ARM_GCC_541\Debug\SPI_Master.a(cyPm.o)
 .comment       0x0000006e       0x6f .\CortexM3\ARM_GCC_541\Debug\SPI_Master.a(CyFlash.o)
 .comment       0x0000006e       0x6f .\CortexM3\ARM_GCC_541\Debug\SPI_Master.a(CySpc.o)

.debug_weaknames
 *(.debug_weaknames)

.debug_funcnames
 *(.debug_funcnames)

.debug_typenames
 *(.debug_typenames)

.debug_varnames
 *(.debug_varnames)

.note.gnu.arm.ident
 *(.note.gnu.arm.ident)

.ARM.attributes
                0x00000000       0x29
 *(.ARM.attributes)
 .ARM.attributes
                0x00000000       0x1d c:/program files (x86)/cypress/psoc creator/4.2/psoc creator/import/gnu/arm/5.4.1/bin/../lib/gcc/arm-none-eabi/5.4.1/armv7-m/crti.o
 .ARM.attributes
                0x0000001d       0x2d c:/program files (x86)/cypress/psoc creator/4.2/psoc creator/import/gnu/arm/5.4.1/bin/../lib/gcc/arm-none-eabi/5.4.1/armv7-m/crtbegin.o
 .ARM.attributes
                0x0000004a       0x1b c:/program files (x86)/cypress/psoc creator/4.2/psoc creator/import/gnu/arm/5.4.1/bin/../lib/gcc/arm-none-eabi/5.4.1/../../../../arm-none-eabi/lib/armv7-m/crt0.o
 .ARM.attributes
                0x00000065       0x33 .\CortexM3\ARM_GCC_541\Debug\main.o
 .ARM.attributes
                0x00000098       0x33 .\CortexM3\ARM_GCC_541\Debug\cyfitter_cfg.o
 .ARM.attributes
                0x000000cb       0x33 .\CortexM3\ARM_GCC_541\Debug\cymetadata.o
 .ARM.attributes
                0x000000fe       0x33 .\CortexM3\ARM_GCC_541\Debug\Cm3Start.o
 .ARM.attributes
                0x00000131       0x33 .\CortexM3\ARM_GCC_541\Debug\SPI_Master.a(UART_USB.o)
 .ARM.attributes
                0x00000164       0x33 .\CortexM3\ARM_GCC_541\Debug\SPI_Master.a(DMA_RX_dma.o)
 .ARM.attributes
                0x00000197       0x33 .\CortexM3\ARM_GCC_541\Debug\SPI_Master.a(SPIM.o)
 .ARM.attributes
                0x000001ca       0x33 .\CortexM3\ARM_GCC_541\Debug\SPI_Master.a(DMA_TX_dma.o)
 .ARM.attributes
                0x000001fd       0x33 .\CortexM3\ARM_GCC_541\Debug\SPI_Master.a(UART_USB_IntClock.o)
 .ARM.attributes
                0x00000230       0x33 .\CortexM3\ARM_GCC_541\Debug\SPI_Master.a(CyDmac.o)
 .ARM.attributes
                0x00000263       0x33 .\CortexM3\ARM_GCC_541\Debug\SPI_Master.a(CyLib.o)
 .ARM.attributes
                0x00000296       0x33 .\CortexM3\ARM_GCC_541\Debug\SPI_Master.a(cyPm.o)
 .ARM.attributes
                0x000002c9       0x21 .\CortexM3\ARM_GCC_541\Debug\SPI_Master.a(CyBootAsmGnu.o)
 .ARM.attributes
                0x000002ea       0x33 .\CortexM3\ARM_GCC_541\Debug\SPI_Master.a(CyFlash.o)
 .ARM.attributes
                0x0000031d       0x33 .\CortexM3\ARM_GCC_541\Debug\SPI_Master.a(CySpc.o)
 .ARM.attributes
                0x00000350       0x2d c:/program files (x86)/cypress/psoc creator/4.2/psoc creator/import/gnu/arm/5.4.1/bin/../lib/gcc/arm-none-eabi/5.4.1/../../../../arm-none-eabi/lib/armv7-m\libg_nano.a(lib_a-errno.o)
 .ARM.attributes
                0x0000037d       0x2d c:/program files (x86)/cypress/psoc creator/4.2/psoc creator/import/gnu/arm/5.4.1/bin/../lib/gcc/arm-none-eabi/5.4.1/../../../../arm-none-eabi/lib/armv7-m\libg_nano.a(lib_a-exit.o)
 .ARM.attributes
                0x000003aa       0x2d c:/program files (x86)/cypress/psoc creator/4.2/psoc creator/import/gnu/arm/5.4.1/bin/../lib/gcc/arm-none-eabi/5.4.1/../../../../arm-none-eabi/lib/armv7-m\libg_nano.a(lib_a-impure.o)
 .ARM.attributes
                0x000003d7       0x2d c:/program files (x86)/cypress/psoc creator/4.2/psoc creator/import/gnu/arm/5.4.1/bin/../lib/gcc/arm-none-eabi/5.4.1/../../../../arm-none-eabi/lib/armv7-m\libg_nano.a(lib_a-init.o)
 .ARM.attributes
                0x00000404       0x2d c:/program files (x86)/cypress/psoc creator/4.2/psoc creator/import/gnu/arm/5.4.1/bin/../lib/gcc/arm-none-eabi/5.4.1/../../../../arm-none-eabi/lib/armv7-m\libg_nano.a(lib_a-memcpy-stub.o)
 .ARM.attributes
                0x00000431       0x2d c:/program files (x86)/cypress/psoc creator/4.2/psoc creator/import/gnu/arm/5.4.1/bin/../lib/gcc/arm-none-eabi/5.4.1/../../../../arm-none-eabi/lib/armv7-m\libg_nano.a(lib_a-memset.o)
 .ARM.attributes
                0x0000045e       0x2d c:/program files (x86)/cypress/psoc creator/4.2/psoc creator/import/gnu/arm/5.4.1/bin/../lib/gcc/arm-none-eabi/5.4.1/armv7-m/crtend.o
 .ARM.attributes
                0x0000048b       0x1d c:/program files (x86)/cypress/psoc creator/4.2/psoc creator/import/gnu/arm/5.4.1/bin/../lib/gcc/arm-none-eabi/5.4.1/armv7-m/crtn.o

/DISCARD/
 *(.note.GNU-stack)
OUTPUT(C:\Users\Albert Sandager\Documents\PSoC Creator\SPI_Master\SPI_Master.cydsn\CortexM3\ARM_GCC_541\Debug\SPI_Master.elf elf32-littlearm)
