------------------------------------------------------------
TimeQuest Timing Analyzer Summary
------------------------------------------------------------

Type  : Slow 1200mV 85C Model Setup 'sclk'
Slack : -2.825
TNS   : -43.914

Type  : Slow 1200mV 85C Model Setup 'rx_req'
Slack : -0.113
TNS   : -0.270

Type  : Slow 1200mV 85C Model Hold 'rx_req'
Slack : -0.180
TNS   : -0.816

Type  : Slow 1200mV 85C Model Hold 'sclk'
Slack : 0.094
TNS   : 0.000

Type  : Slow 1200mV 85C Model Recovery 'sclk'
Slack : -0.212
TNS   : -3.458

Type  : Slow 1200mV 85C Model Recovery 'reset_n'
Slack : 0.408
TNS   : 0.000

Type  : Slow 1200mV 85C Model Recovery 'rx_req'
Slack : 0.472
TNS   : 0.000

Type  : Slow 1200mV 85C Model Removal 'reset_n'
Slack : -0.796
TNS   : -6.187

Type  : Slow 1200mV 85C Model Removal 'rx_req'
Slack : -0.785
TNS   : -6.106

Type  : Slow 1200mV 85C Model Removal 'sclk'
Slack : 0.027
TNS   : 0.000

Type  : Slow 1200mV 85C Model Minimum Pulse Width 'sclk'
Slack : -3.000
TNS   : -43.000

Type  : Slow 1200mV 85C Model Minimum Pulse Width 'reset_n'
Slack : -3.000
TNS   : -3.000

Type  : Slow 1200mV 85C Model Minimum Pulse Width 'rx_req'
Slack : -3.000
TNS   : -3.000

Type  : Slow 1200mV 0C Model Setup 'sclk'
Slack : -2.453
TNS   : -36.908

Type  : Slow 1200mV 0C Model Setup 'rx_req'
Slack : -0.040
TNS   : -0.059

Type  : Slow 1200mV 0C Model Hold 'rx_req'
Slack : -0.097
TNS   : -0.205

Type  : Slow 1200mV 0C Model Hold 'sclk'
Slack : 0.025
TNS   : 0.000

Type  : Slow 1200mV 0C Model Recovery 'sclk'
Slack : -0.125
TNS   : -1.165

Type  : Slow 1200mV 0C Model Recovery 'reset_n'
Slack : 0.394
TNS   : 0.000

Type  : Slow 1200mV 0C Model Recovery 'rx_req'
Slack : 0.427
TNS   : 0.000

Type  : Slow 1200mV 0C Model Removal 'reset_n'
Slack : -0.714
TNS   : -5.499

Type  : Slow 1200mV 0C Model Removal 'rx_req'
Slack : -0.702
TNS   : -5.271

Type  : Slow 1200mV 0C Model Removal 'sclk'
Slack : 0.004
TNS   : 0.000

Type  : Slow 1200mV 0C Model Minimum Pulse Width 'sclk'
Slack : -3.000
TNS   : -43.000

Type  : Slow 1200mV 0C Model Minimum Pulse Width 'reset_n'
Slack : -3.000
TNS   : -3.000

Type  : Slow 1200mV 0C Model Minimum Pulse Width 'rx_req'
Slack : -3.000
TNS   : -3.000

Type  : Fast 1200mV 0C Model Setup 'sclk'
Slack : -1.679
TNS   : -17.404

Type  : Fast 1200mV 0C Model Setup 'rx_req'
Slack : 0.325
TNS   : 0.000

Type  : Fast 1200mV 0C Model Hold 'rx_req'
Slack : -0.148
TNS   : -0.783

Type  : Fast 1200mV 0C Model Hold 'sclk'
Slack : 0.012
TNS   : 0.000

Type  : Fast 1200mV 0C Model Recovery 'sclk'
Slack : -0.230
TNS   : -4.829

Type  : Fast 1200mV 0C Model Recovery 'rx_req'
Slack : 0.738
TNS   : 0.000

Type  : Fast 1200mV 0C Model Recovery 'reset_n'
Slack : 0.788
TNS   : 0.000

Type  : Fast 1200mV 0C Model Removal 'reset_n'
Slack : -0.535
TNS   : -4.183

Type  : Fast 1200mV 0C Model Removal 'rx_req'
Slack : -0.516
TNS   : -4.031

Type  : Fast 1200mV 0C Model Removal 'sclk'
Slack : -0.030
TNS   : -0.256

Type  : Fast 1200mV 0C Model Minimum Pulse Width 'sclk'
Slack : -3.000
TNS   : -49.249

Type  : Fast 1200mV 0C Model Minimum Pulse Width 'reset_n'
Slack : -3.000
TNS   : -3.000

Type  : Fast 1200mV 0C Model Minimum Pulse Width 'rx_req'
Slack : -3.000
TNS   : -3.000

------------------------------------------------------------
