------------------------------------------------------------
TimeQuest Timing Analyzer Summary
------------------------------------------------------------

Type  : Slow 1200mV 85C Model Setup 'ecg_sclk'
Slack : -2.703
TNS   : -74.479

Type  : Slow 1200mV 85C Model Setup 'rec_sclk'
Slack : -2.209
TNS   : -76.166

Type  : Slow 1200mV 85C Model Setup 'rec_ss_n'
Slack : -1.954
TNS   : -40.740

Type  : Slow 1200mV 85C Model Setup 'i2s_clk'
Slack : -0.890
TNS   : -28.635

Type  : Slow 1200mV 85C Model Hold 'rec_ss_n'
Slack : -0.431
TNS   : -5.888

Type  : Slow 1200mV 85C Model Hold 'rec_sclk'
Slack : 0.236
TNS   : 0.000

Type  : Slow 1200mV 85C Model Hold 'i2s_clk'
Slack : 0.359
TNS   : 0.000

Type  : Slow 1200mV 85C Model Hold 'ecg_sclk'
Slack : 0.381
TNS   : 0.000

Type  : Slow 1200mV 85C Model Recovery 'ecg_sclk'
Slack : -2.135
TNS   : -73.873

Type  : Slow 1200mV 85C Model Recovery 'rec_sclk'
Slack : -0.368
TNS   : -1.169

Type  : Slow 1200mV 85C Model Removal 'rec_sclk'
Slack : -0.147
TNS   : -3.488

Type  : Slow 1200mV 85C Model Removal 'ecg_sclk'
Slack : 0.540
TNS   : 0.000

Type  : Slow 1200mV 85C Model Minimum Pulse Width 'rec_sclk'
Slack : -3.000
TNS   : -90.000

Type  : Slow 1200mV 85C Model Minimum Pulse Width 'ecg_sclk'
Slack : -3.000
TNS   : -66.000

Type  : Slow 1200mV 85C Model Minimum Pulse Width 'i2s_clk'
Slack : -3.000
TNS   : -55.000

Type  : Slow 1200mV 85C Model Minimum Pulse Width 'ecg_ss_n'
Slack : -3.000
TNS   : -3.000

Type  : Slow 1200mV 85C Model Minimum Pulse Width 'rec_ss_n'
Slack : -3.000
TNS   : -3.000

Type  : Slow 1200mV 0C Model Setup 'ecg_sclk'
Slack : -2.333
TNS   : -62.977

Type  : Slow 1200mV 0C Model Setup 'rec_sclk'
Slack : -1.918
TNS   : -63.281

Type  : Slow 1200mV 0C Model Setup 'rec_ss_n'
Slack : -1.708
TNS   : -34.229

Type  : Slow 1200mV 0C Model Setup 'i2s_clk'
Slack : -0.710
TNS   : -20.987

Type  : Slow 1200mV 0C Model Hold 'rec_ss_n'
Slack : -0.303
TNS   : -3.066

Type  : Slow 1200mV 0C Model Hold 'rec_sclk'
Slack : 0.194
TNS   : 0.000

Type  : Slow 1200mV 0C Model Hold 'i2s_clk'
Slack : 0.313
TNS   : 0.000

Type  : Slow 1200mV 0C Model Hold 'ecg_sclk'
Slack : 0.333
TNS   : 0.000

Type  : Slow 1200mV 0C Model Recovery 'ecg_sclk'
Slack : -1.807
TNS   : -61.637

Type  : Slow 1200mV 0C Model Recovery 'rec_sclk'
Slack : -0.286
TNS   : -0.582

Type  : Slow 1200mV 0C Model Removal 'rec_sclk'
Slack : -0.151
TNS   : -3.983

Type  : Slow 1200mV 0C Model Removal 'ecg_sclk'
Slack : 0.481
TNS   : 0.000

Type  : Slow 1200mV 0C Model Minimum Pulse Width 'rec_sclk'
Slack : -3.000
TNS   : -90.000

Type  : Slow 1200mV 0C Model Minimum Pulse Width 'ecg_sclk'
Slack : -3.000
TNS   : -66.000

Type  : Slow 1200mV 0C Model Minimum Pulse Width 'i2s_clk'
Slack : -3.000
TNS   : -55.000

Type  : Slow 1200mV 0C Model Minimum Pulse Width 'ecg_ss_n'
Slack : -3.000
TNS   : -3.000

Type  : Slow 1200mV 0C Model Minimum Pulse Width 'rec_ss_n'
Slack : -3.000
TNS   : -3.000

Type  : Fast 1200mV 0C Model Setup 'ecg_sclk'
Slack : -1.744
TNS   : -43.061

Type  : Fast 1200mV 0C Model Setup 'rec_sclk'
Slack : -1.279
TNS   : -29.049

Type  : Fast 1200mV 0C Model Setup 'rec_ss_n'
Slack : -0.657
TNS   : -9.769

Type  : Fast 1200mV 0C Model Setup 'i2s_clk'
Slack : -0.079
TNS   : -1.158

Type  : Fast 1200mV 0C Model Hold 'rec_ss_n'
Slack : -0.365
TNS   : -5.712

Type  : Fast 1200mV 0C Model Hold 'rec_sclk'
Slack : 0.096
TNS   : 0.000

Type  : Fast 1200mV 0C Model Hold 'i2s_clk'
Slack : 0.188
TNS   : 0.000

Type  : Fast 1200mV 0C Model Hold 'ecg_sclk'
Slack : 0.199
TNS   : 0.000

Type  : Fast 1200mV 0C Model Recovery 'ecg_sclk'
Slack : -1.419
TNS   : -52.823

Type  : Fast 1200mV 0C Model Recovery 'rec_sclk'
Slack : -0.160
TNS   : -6.762

Type  : Fast 1200mV 0C Model Removal 'rec_sclk'
Slack : -0.088
TNS   : -2.441

Type  : Fast 1200mV 0C Model Removal 'ecg_sclk'
Slack : 0.317
TNS   : 0.000

Type  : Fast 1200mV 0C Model Minimum Pulse Width 'rec_sclk'
Slack : -3.000
TNS   : -100.077

Type  : Fast 1200mV 0C Model Minimum Pulse Width 'ecg_sclk'
Slack : -3.000
TNS   : -74.095

Type  : Fast 1200mV 0C Model Minimum Pulse Width 'i2s_clk'
Slack : -3.000
TNS   : -58.603

Type  : Fast 1200mV 0C Model Minimum Pulse Width 'rec_ss_n'
Slack : -3.000
TNS   : -3.364

Type  : Fast 1200mV 0C Model Minimum Pulse Width 'ecg_ss_n'
Slack : -3.000
TNS   : -3.021

------------------------------------------------------------
