Archive member included to satisfy reference by file (symbol)

.\CortexM3\ARM_GCC_541\Debug\SDCard.a(LCD.o)
                              .\CortexM3\ARM_GCC_541\Debug\main.o (LCD_WriteControl)
.\CortexM3\ARM_GCC_541\Debug\SDCard.a(CyLib.o)
                              .\CortexM3\ARM_GCC_541\Debug\Cm3Start.o (CyResetStatus)
.\CortexM3\ARM_GCC_541\Debug\SDCard.a(cyPm.o)
                              .\CortexM3\ARM_GCC_541\Debug\SDCard.a(CyLib.o) (CyPmReadStatus)
.\CortexM3\ARM_GCC_541\Debug\SDCard.a(UART.o)
                              .\CortexM3\ARM_GCC_541\Debug\main.o (UART_Start)
.\CortexM3\ARM_GCC_541\Debug\SDCard.a(UART_IntClock.o)
                              .\CortexM3\ARM_GCC_541\Debug\SDCard.a(UART.o) (UART_IntClock_Start)
.\CortexM3\ARM_GCC_541\Debug\SDCard.a(CyBootAsmGnu.o)
                              .\CortexM3\ARM_GCC_541\Debug\cyfitter_cfg.o (CyDelayCycles)
.\CortexM3\ARM_GCC_541\Debug\SDCard.a(CyFlash.o)
                              .\CortexM3\ARM_GCC_541\Debug\SDCard.a(cyPm.o) (CyFlash_SetWaitCycles)
.\CortexM3\ARM_GCC_541\Debug\SDCard.a(CySpc.o)
                              .\CortexM3\ARM_GCC_541\Debug\SDCard.a(CyFlash.o) (CySpcStart)
..\emFile_V322c\emFile_V322c\LinkLibrary\PSoC5\GCC\libemf32nosnlfn.a(FAT_FormatSD.o)
                              .\CortexM3\ARM_GCC_541\Debug\main.o (FS_FormatSD)
..\emFile_V322c\emFile_V322c\LinkLibrary\PSoC5\GCC\libemf32nosnlfn.a(FAT_Misc.o)
                              ..\emFile_V322c\emFile_V322c\LinkLibrary\PSoC5\GCC\libemf32nosnlfn.a(FAT_FormatSD.o) (FS_FAT_GetFATType)
..\emFile_V322c\emFile_V322c\LinkLibrary\PSoC5\GCC\libemf32nosnlfn.a(FAT_Open.o)
                              ..\emFile_V322c\emFile_V322c\LinkLibrary\PSoC5\GCC\libemf32nosnlfn.a(FAT_Misc.o) (FS_FAT_InitDirEntryScan)
..\emFile_V322c\emFile_V322c\LinkLibrary\PSoC5\GCC\libemf32nosnlfn.a(FAT_Write.o)
                              ..\emFile_V322c\emFile_V322c\LinkLibrary\PSoC5\GCC\libemf32nosnlfn.a(FAT_Misc.o) (FS_FAT_Close)
..\emFile_V322c\emFile_V322c\LinkLibrary\PSoC5\GCC\libemf32nosnlfn.a(FS_CLib.o)
                              ..\emFile_V322c\emFile_V322c\LinkLibrary\PSoC5\GCC\libemf32nosnlfn.a(FAT_Open.o) (FS__CLIB_memcmp)
..\emFile_V322c\emFile_V322c\LinkLibrary\PSoC5\GCC\libemf32nosnlfn.a(FS_CopyFile.o)
                              .\CortexM3\ARM_GCC_541\Debug\main.o (FS_CopyFile)
..\emFile_V322c\emFile_V322c\LinkLibrary\PSoC5\GCC\libemf32nosnlfn.a(FS_Core.o)
                              ..\emFile_V322c\emFile_V322c\LinkLibrary\PSoC5\GCC\libemf32nosnlfn.a(FAT_FormatSD.o) (FS__DivideU32Up)
..\emFile_V322c\emFile_V322c\LinkLibrary\PSoC5\GCC\libemf32nosnlfn.a(FS_Dir.o)
                              .\CortexM3\ARM_GCC_541\Debug\main.o (FS_MkDir)
..\emFile_V322c\emFile_V322c\LinkLibrary\PSoC5\GCC\libemf32nosnlfn.a(FS_GetFileSize.o)
                              ..\emFile_V322c\emFile_V322c\LinkLibrary\PSoC5\GCC\libemf32nosnlfn.a(FS_CopyFile.o) (FS__GetFileSize)
..\emFile_V322c\emFile_V322c\LinkLibrary\PSoC5\GCC\libemf32nosnlfn.a(FS_LogBlock.o)
                              ..\emFile_V322c\emFile_V322c\LinkLibrary\PSoC5\GCC\libemf32nosnlfn.a(FAT_FormatSD.o) (FS_LB_GetStatus)
..\emFile_V322c\emFile_V322c\LinkLibrary\PSoC5\GCC\libemf32nosnlfn.a(FS_memcpy.o)
                              ..\emFile_V322c\emFile_V322c\LinkLibrary\PSoC5\GCC\libemf32nosnlfn.a(FAT_Open.o) (FS_memcpy)
..\emFile_V322c\emFile_V322c\LinkLibrary\PSoC5\GCC\libemf32nosnlfn.a(FS_Misc.o)
                              ..\emFile_V322c\emFile_V322c\LinkLibrary\PSoC5\GCC\libemf32nosnlfn.a(FAT_FormatSD.o) (FS__AllocSectorBuffer)
..\emFile_V322c\emFile_V322c\LinkLibrary\PSoC5\GCC\libemf32nosnlfn.a(FS_Read.o)
                              ..\emFile_V322c\emFile_V322c\LinkLibrary\PSoC5\GCC\libemf32nosnlfn.a(FS_CopyFile.o) (FS__Read)
..\emFile_V322c\emFile_V322c\LinkLibrary\PSoC5\GCC\libemf32nosnlfn.a(FS_SetEndOfFile.o)
                              ..\emFile_V322c\emFile_V322c\LinkLibrary\PSoC5\GCC\libemf32nosnlfn.a(FS_CopyFile.o) (FS__SetEndOfFile)
..\emFile_V322c\emFile_V322c\LinkLibrary\PSoC5\GCC\libemf32nosnlfn.a(FS_Storage.o)
                              .\CortexM3\ARM_GCC_541\Debug\main.o (FS_GetVolumeName)
..\emFile_V322c\emFile_V322c\LinkLibrary\PSoC5\GCC\libemf32nosnlfn.a(FS_Time.o)
                              ..\emFile_V322c\emFile_V322c\LinkLibrary\PSoC5\GCC\libemf32nosnlfn.a(FS_CopyFile.o) (FS__SetFileTimeEx)
..\emFile_V322c\emFile_V322c\LinkLibrary\PSoC5\GCC\libemf32nosnlfn.a(FS_Unmount.o)
                              ..\emFile_V322c\emFile_V322c\LinkLibrary\PSoC5\GCC\libemf32nosnlfn.a(FS_Misc.o) (FS__UnmountForcedNL)
..\emFile_V322c\emFile_V322c\LinkLibrary\PSoC5\GCC\libemf32nosnlfn.a(FS_Volume.o)
                              ..\emFile_V322c\emFile_V322c\LinkLibrary\PSoC5\GCC\libemf32nosnlfn.a(FAT_Misc.o) (FS__AutoMount)
..\emFile_V322c\emFile_V322c\LinkLibrary\PSoC5\GCC\libemf32nosnlfn.a(FS_Write.o)
[...]
Memory Configuration

Name             Origin             Length             Attributes
rom              0x00000000         0x00040000         xr
ram              0x1fff8000         0x00010000         xrw
*default*        0x00000000         0xffffffff

Linker script and memory map

LOAD c:/program files (x86)/cypress/psoc creator/4.2/psoc creator/import/gnu/arm/5.4.1/bin/../lib/gcc/arm-none-eabi/5.4.1/armv7-m/crti.o
LOAD c:/program files (x86)/cypress/psoc creator/4.2/psoc creator/import/gnu/arm/5.4.1/bin/../lib/gcc/arm-none-eabi/5.4.1/armv7-m/crtbegin.o
LOAD c:/program files (x86)/cypress/psoc creator/4.2/psoc creator/import/gnu/arm/5.4.1/bin/../lib/gcc/arm-none-eabi/5.4.1/../../../../arm-none-eabi/lib/armv7-m/crt0.o
START GROUP
LOAD .\CortexM3\ARM_GCC_541\Debug\main.o
LOAD .\CortexM3\ARM_GCC_541\Debug\cyfitter_cfg.o
LOAD .\CortexM3\ARM_GCC_541\Debug\cymetadata.o
LOAD .\CortexM3\ARM_GCC_541\Debug\Cm3Start.o
LOAD .\CortexM3\ARM_GCC_541\Debug\SDCard.a
LOAD C:\Program Files (x86)\Cypress\PSoC Creator\4.2\PSoC Creator\psoc\content\cycomponentlibrary\CyComponentLibrary.cylib\CortexM3\ARM_GCC_541\Debug\CyComponentLibrary.a
LOAD ..\emFile_V322c\emFile_V322c\LinkLibrary\PSoC5\GCC\libemf32nosnlfn.a
END GROUP
START GROUP
LOAD c:/program files (x86)/cypress/psoc creator/4.2/psoc creator/import/gnu/arm/5.4.1/bin/../lib/gcc/arm-none-eabi/5.4.1/armv7-m\libgcc.a
LOAD c:/program files (x86)/cypress/psoc creator/4.2/psoc creator/import/gnu/arm/5.4.1/bin/../lib/gcc/arm-none-eabi/5.4.1/../../../../arm-none-eabi/lib/armv7-m\libg_nano.a
LOAD c:/program files (x86)/cypress/psoc creator/4.2/psoc creator/import/gnu/arm/5.4.1/bin/../lib/gcc/arm-none-eabi/5.4.1/../../../../arm-none-eabi/lib/armv7-m\libc_nano.a
END GROUP
START GROUP
LOAD c:/program files (x86)/cypress/psoc creator/4.2/psoc creator/import/gnu/arm/5.4.1/bin/../lib/gcc/arm-none-eabi/5.4.1/armv7-m\libgcc.a
LOAD c:/program files (x86)/cypress/psoc creator/4.2/psoc creator/import/gnu/arm/5.4.1/bin/../lib/gcc/arm-none-eabi/5.4.1/../../../../arm-none-eabi/lib/armv7-m\libc_nano.a
END GROUP
LOAD c:/program files (x86)/cypress/psoc creator/4.2/psoc creator/import/gnu/arm/5.4.1/bin/../lib/gcc/arm-none-eabi/5.4.1/armv7-m/crtend.o
LOAD c:/program files (x86)/cypress/psoc creator/4.2/psoc creator/import/gnu/arm/5.4.1/bin/../lib/gcc/arm-none-eabi/5.4.1/armv7-m/crtn.o
START GROUP
LOAD c:/program files (x86)/cypress/psoc creator/4.2/psoc creator/import/gnu/arm/5.4.1/bin/../lib/gcc/arm-none-eabi/5.4.1/armv7-m\libgcc.a
LOAD c:/program files (x86)/cypress/psoc creator/4.2/psoc creator/import/gnu/arm/5.4.1/bin/../lib/gcc/arm-none-eabi/5.4.1/../../../../arm-none-eabi/lib/armv7-m\libc.a
LOAD c:/program files (x86)/cypress/psoc creator/4.2/psoc creator/import/gnu/arm/5.4.1/bin/../lib/gcc/arm-none-eabi/5.4.1/../../../../arm-none-eabi/lib/armv7-m\libnosys.a
END GROUP
                0x00000000                CY_APPL_ORIGIN = 0x0
                0x00000100                CY_FLASH_ROW_SIZE = 0x100
                0x00000020                CY_ECC_ROW_SIZE = 0x20
                0x00000000                CY_EE_IN_BTLDR = 0x0
                0x00000000                CY_APPL_LOADABLE = 0x0
                0x00000800                CY_EE_SIZE = 0x800
                0x00000001                CY_APPL_NUM = 0x1
                0x00000001                CY_APPL_MAX = 0x1
                0x00000040                CY_METADATA_SIZE = 0x40
                0x00000000                CY_APPL_LOADABLE = 0x0
                0x00000000                CY_CHECKSUM_EXCLUDE_SIZE = ALIGN (0x0, CY_FLASH_ROW_SIZE)
                [!provide]                PROVIDE (__cy_heap_start, _end)
                0x00000001                PROVIDE (__cy_region_num, ((__cy_regions_end - __cy_regions) / 0x10))
                0x20008000                PROVIDE (__cy_stack, (ORIGIN (ram) + LENGTH (ram)))
                [!provide]                PROVIDE (__cy_heap_end, (__cy_stack - 0x800))

.cybootloader   0x00000000        0x0
 *(.cybootloader)
                0x00000000                appl1_start = CY_APPL_ORIGIN?CY_APPL_ORIGIN:ALIGN (CY_FLASH_ROW_SIZE)
                0x0001ff00                appl2_start = (appl1_start + ALIGN ((((LENGTH (rom) - appl1_start) - (0x2 * CY_FLASH_ROW_SIZE)) / 0x2), CY_FLASH_ROW_SIZE))
                0x00000000                appl_start = (CY_APPL_NUM == 0x1)?appl1_start:appl2_start
                0x00000000                ecc_offset = ((appl_start / CY_FLASH_ROW_SIZE) * CY_ECC_ROW_SIZE)
                0x00000000                ee_offset = (CY_APPL_LOADABLE && ! (CY_EE_IN_BTLDR))?((CY_EE_SIZE / CY_APPL_MAX) * (CY_APPL_NUM - 0x1)):0x0
                0x00000800                ee_size = (CY_APPL_LOADABLE && ! (CY_EE_IN_BTLDR))?(CY_EE_SIZE / CY_APPL_MAX):CY_EE_SIZE
                [!provide]                PROVIDE (CY_ECC_OFFSET, ecc_offset)

.text           0x00000000     0x4f5a
 CREATE_OBJECT_SYMBOLS
                0x00000000                PROVIDE (__cy_interrupt_vector, RomVectors)
 *(.romvectors)
 .romvectors    0x00000000       0x10 .\CortexM3\ARM_GCC_541\Debug\Cm3Start.o
                0x00000000                RomVectors
                0x00000001                ASSERT ((. != __cy_interrupt_vector), No interrupt vector)
                0x00000001                ASSERT (CY_APPL_ORIGIN?(SIZEOF (.cybootloader) <= CY_APPL_ORIGIN):0x1, Wrong image location)
                0x00000010                PROVIDE (__cy_reset, Reset)
 *(.text.Reset)
 .text.Reset    0x00000010       0x18 .\CortexM3\ARM_GCC_541\Debug\Cm3Start.o
                0x00000010                Reset
                0x00000001                ASSERT ((. != __cy_reset), No reset code)
 *(.dma_init)
 .dma_init      0x00000028      0x228 .\CortexM3\ARM_GCC_541\Debug\cyfitter_cfg.o
                0x00000001                ASSERT ((((appl_start + .) <= 0x10000) || 0x0), DMA Init must be within the first 64k of flash)
 *(.text .text.* .gnu.linkonce.t.*)
 .text          0x00000250       0x5c c:/program files (x86)/cypress/psoc creator/4.2/psoc creator/import/gnu/arm/5.4.1/bin/../lib/gcc/arm-none-eabi/5.4.1/armv7-m/crtbegin.o
 .text.main     0x000002ac      0x21c .\CortexM3\ARM_GCC_541\Debug\main.o
                0x000002ac                main
 .text.CYCONFIGCPY
                0x000004c8       0x20 .\CortexM3\ARM_GCC_541\Debug\cyfitter_cfg.o
 .text.CyClockStartupError
                0x000004e8        0xc .\CortexM3\ARM_GCC_541\Debug\cyfitter_cfg.o
 .text.cfg_dma_init
                0x000004f4      0x174 .\CortexM3\ARM_GCC_541\Debug\cyfitter_cfg.o
 .text.ClockSetup
                0x00000668      0x178 .\CortexM3\ARM_GCC_541\Debug\cyfitter_cfg.o
 .text.AnalogSetDefault
                0x000007e0       0x44 .\CortexM3\ARM_GCC_541\Debug\cyfitter_cfg.o
 .text.cyfitter_cfg
                0x00000824      0x100 .\CortexM3\ARM_GCC_541\Debug\cyfitter_cfg.o
                0x00000824                cyfitter_cfg
 .text.IntDefaultHandler
                0x00000924       0x14 .\CortexM3\ARM_GCC_541\Debug\Cm3Start.o
                0x00000924                IntDefaultHandler
 .text.Start_c  0x00000938       0x98 .\CortexM3\ARM_GCC_541\Debug\Cm3Start.o
                0x00000938                Start_c
 .text.initialize_psoc
                0x000009d0       0x90 .\CortexM3\ARM_GCC_541\Debug\Cm3Start.o
                0x000009d0                initialize_psoc
 .text.LCD_Position
                0x00000a60       0x70 .\CortexM3\ARM_GCC_541\Debug\SDCard.a(LCD.o)
                0x00000a60                LCD_Position
 .text.LCD_WriteControl
                0x00000ad0       0x34 .\CortexM3\ARM_GCC_541\Debug\SDCard.a(LCD.o)
                0x00000ad0                LCD_WriteControl
 .text.LCD_IsReady
                0x00000b04      0x178 .\CortexM3\ARM_GCC_541\Debug\SDCard.a(LCD.o)
                0x00000b04                LCD_IsReady
 .text.LCD_WrCntrlNib
                0x00000c7c       0x64 .\CortexM3\ARM_GCC_541\Debug\SDCard.a(LCD.o)
 .text.CyDelay  0x00000ce0       0x44 .\CortexM3\ARM_GCC_541\Debug\SDCard.a(CyLib.o)
                0x00000ce0                CyDelay
 .text.CyDelayUs
                0x00000d24       0x28 .\CortexM3\ARM_GCC_541\Debug\SDCard.a(CyLib.o)
                0x00000d24                CyDelayUs
 .text.UART_Start
                0x00000d4c       0x24 .\CortexM3\ARM_GCC_541\Debug\SDCard.a(UART.o)
                0x00000d4c                UART_Start
 .text.UART_Init
                0x00000d70       0x40 .\CortexM3\ARM_GCC_541\Debug\SDCard.a(UART.o)
                0x00000d70                UART_Init
 .text.UART_Enable
                0x00000db0       0x60 .\CortexM3\ARM_GCC_541\Debug\SDCard.a(UART.o)
                0x00000db0                UART_Enable
 .text.UART_PutChar
                0x00000e10       0x34 .\CortexM3\ARM_GCC_541\Debug\SDCard.a(UART.o)
                0x00000e10                UART_PutChar
 .text.UART_PutString
                0x00000e44       0x44 .\CortexM3\ARM_GCC_541\Debug\SDCard.a(UART.o)
                0x00000e44                UART_PutString
 .text.UART_IntClock_Start
                0x00000e88       0x34 .\CortexM3\ARM_GCC_541\Debug\SDCard.a(UART_IntClock.o)
                0x00000e88                UART_IntClock_Start
 *fill*         0x00000ebc        0x4 
 .text          0x00000ec0       0x20 .\CortexM3\ARM_GCC_541\Debug\SDCard.a(CyBootAsmGnu.o)
                0x00000ec0                CyDelayCycles
                0x00000ed0                CyEnterCriticalSection
                0x00000ed8                CyExitCriticalSection
 .text.FS__SD_Format
                0x00000ee0      0x26c ..\emFile_V322c\emFile_V322c\LinkLibrary\PSoC5\GCC\libemf32nosnlfn.a(FAT_FormatSD.o)
                0x00000ee0                FS__SD_Format
 .text.FS_FormatSD
                0x0000114c       0x10 ..\emFile_V322c\emFile_V322c\LinkLibrary\PSoC5\GCC\libemf32nosnlfn.a(FAT_FormatSD.o)
                0x0000114c                FS_FormatSD
 .text._ClusterId2FATOff
                0x0000115c       0x18 ..\emFile_V322c\emFile_V322c\LinkLibrary\PSoC5\GCC\libemf32nosnlfn.a(FAT_Misc.o)
 .text._CalcLogClusterPos
                0x00001174        0xe ..\emFile_V322c\emFile_V322c\LinkLibrary\PSoC5\GCC\libemf32nosnlfn.a(FAT_Misc.o)
 .text._ReadFromFreeClusterCache
                0x00001182       0x46 ..\emFile_V322c\emFile_V322c\LinkLibrary\PSoC5\GCC\libemf32nosnlfn.a(FAT_Misc.o)
 .text.FS_FAT_GetFATType
                0x000011c8       0x1a ..\emFile_V322c\emFile_V322c\LinkLibrary\PSoC5\GCC\libemf32nosnlfn.a(FAT_Misc.o)
                0x000011c8                FS_FAT_GetFATType
 .text.FS_FAT_ClusterId2SectorNo
                0x000011e2        0xc ..\emFile_V322c\emFile_V322c\LinkLibrary\PSoC5\GCC\libemf32nosnlfn.a(FAT_Misc.o)
                0x000011e2                FS_FAT_ClusterId2SectorNo
 .text.FS_FAT_IsValidShortNameChar
                0x000011ee       0x34 ..\emFile_V322c\emFile_V322c\LinkLibrary\PSoC5\GCC\libemf32nosnlfn.a(FAT_Misc.o)
                0x000011ee                FS_FAT_IsValidShortNameChar
 .text.FS_FAT_CopyShortName
                0x00001222       0x56 ..\emFile_V322c\emFile_V322c\LinkLibrary\PSoC5\GCC\libemf32nosnlfn.a(FAT_Misc.o)
                0x00001222                FS_FAT_CopyShortName
 .text._SFN_CreateDirEntry
                0x00001278       0x5a ..\emFile_V322c\emFile_V322c\LinkLibrary\PSoC5\GCC\libemf32nosnlfn.a(FAT_Misc.o)
 .text._SFN_FindDirEntry
                0x000012d2       0x10 ..\emFile_V322c\emFile_V322c\LinkLibrary\PSoC5\GCC\libemf32nosnlfn.a(FAT_Misc.o)
 *fill*         0x000012e2        0x2 
 .text.FS_FAT_FindDirEntry
                0x000012e4       0x60 ..\emFile_V322c\emFile_V322c\LinkLibrary\PSoC5\GCC\libemf32nosnlfn.a(FAT_Misc.o)
                0x000012e4                FS_FAT_FindDirEntry
 .text.FS_FAT_CopyDirEntryInfo
                0x00001344       0x50 ..\emFile_V322c\emFile_V322c\LinkLibrary\PSoC5\GCC\libemf32nosnlfn.a(FAT_Misc.o)
                0x00001344                FS_FAT_CopyDirEntryInfo
 .text._SFN_ReadDirEntryInfo
                0x00001394       0x6e ..\emFile_V322c\emFile_V322c\LinkLibrary\PSoC5\GCC\libemf32nosnlfn.a(FAT_Misc.o)
 .text._SetFATSector
                0x00001402        0x6 ..\emFile_V322c\emFile_V322c\LinkLibrary\PSoC5\GCC\libemf32nosnlfn.a(FAT_Misc.o)
 .text.FS_FAT_ReadFATEntry
                0x00001408       0xb2 ..\emFile_V322c\emFile_V322c\LinkLibrary\PSoC5\GCC\libemf32nosnlfn.a(FAT_Misc.o)
                0x00001408                FS_FAT_ReadFATEntry
 *fill*         0x000014ba        0x2 
 .text.FS_FAT_GetNumAdjClustersInChain
                0x000014bc       0x64 ..\emFile_V322c\emFile_V322c\LinkLibrary\PSoC5\GCC\libemf32nosnlfn.a(FAT_Misc.o)
                0x000014bc                FS_FAT_GetNumAdjClustersInChain
 .text.FS_FAT_WalkClusterEx
                0x00001520       0x5c ..\emFile_V322c\emFile_V322c\LinkLibrary\PSoC5\GCC\libemf32nosnlfn.a(FAT_Misc.o)
                0x00001520                FS_FAT_WalkClusterEx
 .text.FS_FAT_GotoCluster
                0x0000157c       0x88 ..\emFile_V322c\emFile_V322c\LinkLibrary\PSoC5\GCC\libemf32nosnlfn.a(FAT_Misc.o)
                0x0000157c                FS_FAT_GotoCluster
 .text.FS_FAT_WalkCluster
                0x00001604       0x18 ..\emFile_V322c\emFile_V322c\LinkLibrary\PSoC5\GCC\libemf32nosnlfn.a(FAT_Misc.o)
                0x00001604                FS_FAT_WalkCluster
 .text.FS_FAT_FindLastCluster
                0x0000161c       0x34 ..\emFile_V322c\emFile_V322c\LinkLibrary\PSoC5\GCC\libemf32nosnlfn.a(FAT_Misc.o)
                0x0000161c                FS_FAT_FindLastCluster
 .text._WriteFATEntry
                0x00001650      0x18e ..\emFile_V322c\emFile_V322c\LinkLibrary\PSoC5\GCC\libemf32nosnlfn.a(FAT_Misc.o)
 .text.FS_FAT_MarkClusterEOC
                0x000017de        0x8 ..\emFile_V322c\emFile_V322c\LinkLibrary\PSoC5\GCC\libemf32nosnlfn.a(FAT_Misc.o)
                0x000017de                FS_FAT_MarkClusterEOC
 .text.FS_FAT_SyncFAT
                0x000017e6       0x3c ..\emFile_V322c\emFile_V322c\LinkLibrary\PSoC5\GCC\libemf32nosnlfn.a(FAT_Misc.o)
                0x000017e6                FS_FAT_SyncFAT
 .text.FS_FAT_LinkCluster
                0x00001822       0x1c ..\emFile_V322c\emFile_V322c\LinkLibrary\PSoC5\GCC\libemf32nosnlfn.a(FAT_Misc.o)
                0x00001822                FS_FAT_LinkCluster
 *fill*         0x0000183e        0x2 
 .text._CalcFreeClusterCnt
                0x00001840       0x88 ..\emFile_V322c\emFile_V322c\LinkLibrary\PSoC5\GCC\libemf32nosnlfn.a(FAT_Misc.o)
 .text.FS_FAT_FindFreeCluster
                0x000018c8       0xa8 ..\emFile_V322c\emFile_V322c\LinkLibrary\PSoC5\GCC\libemf32nosnlfn.a(FAT_Misc.o)
                0x000018c8                FS_FAT_FindFreeCluster
 .text.FS_FAT_AllocCluster
                0x00001970       0x20 ..\emFile_V322c\emFile_V322c\LinkLibrary\PSoC5\GCC\libemf32nosnlfn.a(FAT_Misc.o)
                0x00001970                FS_FAT_AllocCluster
 .text._WriteEmptyFATSectors
                0x00001990       0x3c ..\emFile_V322c\emFile_V322c\LinkLibrary\PSoC5\GCC\libemf32nosnlfn.a(FAT_Misc.o)
 .text.FS_FAT_FreeClusterChain
                0x000019cc       0xe0 ..\emFile_V322c\emFile_V322c\LinkLibrary\PSoC5\GCC\libemf32nosnlfn.a(FAT_Misc.o)
                0x000019cc                FS_FAT_FreeClusterChain
 .text.FS_FAT_CheckBPB
                0x00001aac      0x1cc ..\emFile_V322c\emFile_V322c\LinkLibrary\PSoC5\GCC\libemf32nosnlfn.a(FAT_Misc.o)
                0x00001aac                FS_FAT_CheckBPB
 .text.FS_FAT_InitDirEntryScan
                0x00001c78       0x14 ..\emFile_V322c\emFile_V322c\LinkLibrary\PSoC5\GCC\libemf32nosnlfn.a(FAT_Open.o)
                0x00001c78                FS_FAT_InitDirEntryScan
 .text.FS_FAT_IncDirPos
                0x00001c8c        0x8 ..\emFile_V322c\emFile_V322c\LinkLibrary\PSoC5\GCC\libemf32nosnlfn.a(FAT_Open.o)
                0x00001c8c                FS_FAT_IncDirPos
 .text._CopyDirText
                0x00001c94       0x44 ..\emFile_V322c\emFile_V322c\LinkLibrary\PSoC5\GCC\libemf32nosnlfn.a(FAT_Open.o)
 .text.FS_FAT_Make83Name
                0x00001cd8       0xb0 ..\emFile_V322c\emFile_V322c\LinkLibrary\PSoC5\GCC\libemf32nosnlfn.a(FAT_Open.o)
                0x00001cd8                FS_FAT_Make83Name
 .text.FS_FAT_GetDirEntry
                0x00001d88       0xb2 ..\emFile_V322c\emFile_V322c\LinkLibrary\PSoC5\GCC\libemf32nosnlfn.a(FAT_Open.o)
                0x00001d88                FS_FAT_GetDirEntry
 .text.FS_FAT_FindDirEntryShortEx
                0x00001e3a       0x5a ..\emFile_V322c\emFile_V322c\LinkLibrary\PSoC5\GCC\libemf32nosnlfn.a(FAT_Open.o)
                0x00001e3a                FS_FAT_FindDirEntryShortEx
 .text.FS_FAT_FindDirEntryShort
                0x00001e94       0x36 ..\emFile_V322c\emFile_V322c\LinkLibrary\PSoC5\GCC\libemf32nosnlfn.a(FAT_Open.o)
                0x00001e94                FS_FAT_FindDirEntryShort
 .text.FS_FAT_FindEmptyDirEntry
                0x00001eca       0xb0 ..\emFile_V322c\emFile_V322c\LinkLibrary\PSoC5\GCC\libemf32nosnlfn.a(FAT_Open.o)
                0x00001eca                FS_FAT_FindEmptyDirEntry
 .text.FS_FAT_GetFirstCluster
                0x00001f7a       0x1a ..\emFile_V322c\emFile_V322c\LinkLibrary\PSoC5\GCC\libemf32nosnlfn.a(FAT_Open.o)
                0x00001f7a                FS_FAT_GetFirstCluster
 .text.FS_FAT_FindPath
                0x00001f94       0x7a ..\emFile_V322c\emFile_V322c\LinkLibrary\PSoC5\GCC\libemf32nosnlfn.a(FAT_Open.o)
                0x00001f94                FS_FAT_FindPath
 .text.FS_FAT_DeleteFileOrDir
                0x0000200e       0x48 ..\emFile_V322c\emFile_V322c\LinkLibrary\PSoC5\GCC\libemf32nosnlfn.a(FAT_Open.o)
                0x0000200e                FS_FAT_DeleteFileOrDir
 *fill*         0x00002056        0x2 
 .text.FS_FAT_Open
                0x00002058      0x1dc ..\emFile_V322c\emFile_V322c\LinkLibrary\PSoC5\GCC\libemf32nosnlfn.a(FAT_Open.o)
                0x00002058                FS_FAT_Open
 .text.FS_FAT_WriteDirEntryCluster
                0x00002234       0x1c ..\emFile_V322c\emFile_V322c\LinkLibrary\PSoC5\GCC\libemf32nosnlfn.a(FAT_Open.o)
                0x00002234                FS_FAT_WriteDirEntryCluster
 .text.FS_FAT_WriteDirEntry83
                0x00002250       0x6c ..\emFile_V322c\emFile_V322c\LinkLibrary\PSoC5\GCC\libemf32nosnlfn.a(FAT_Open.o)
                0x00002250                FS_FAT_WriteDirEntry83
 .text._WriteBurst
                0x000022bc       0x24 ..\emFile_V322c\emFile_V322c\LinkLibrary\PSoC5\GCC\libemf32nosnlfn.a(FAT_Write.o)
 .text.FS_FAT_GotoClusterAllocIfReq
                0x000022e0       0xa8 ..\emFile_V322c\emFile_V322c\LinkLibrary\PSoC5\GCC\libemf32nosnlfn.a(FAT_Write.o)
                0x000022e0                FS_FAT_GotoClusterAllocIfReq
 .text.FS_FAT_UpdateDirEntry
                0x00002388       0x68 ..\emFile_V322c\emFile_V322c\LinkLibrary\PSoC5\GCC\libemf32nosnlfn.a(FAT_Write.o)
                0x00002388                FS_FAT_UpdateDirEntry
 .text.FS_FAT_Close
                0x000023f0       0x44 ..\emFile_V322c\emFile_V322c\LinkLibrary\PSoC5\GCC\libemf32nosnlfn.a(FAT_Write.o)
                0x000023f0                FS_FAT_Close
 .text.FS_FAT_Write
                0x00002434      0x1c8 ..\emFile_V322c\emFile_V322c\LinkLibrary\PSoC5\GCC\libemf32nosnlfn.a(FAT_Write.o)
                0x00002434                FS_FAT_Write
 .text.FS__CLIB_memcmp
                0x000025fc       0x20 ..\emFile_V322c\emFile_V322c\LinkLibrary\PSoC5\GCC\libemf32nosnlfn.a(FS_CLib.o)
                0x000025fc                FS__CLIB_memcmp
 .text.FS__CLIB_memset
                0x0000261c       0x6c ..\emFile_V322c\emFile_V322c\LinkLibrary\PSoC5\GCC\libemf32nosnlfn.a(FS_CLib.o)
                0x0000261c                FS__CLIB_memset
 .text.FS__CLIB_strcmp
                0x00002688       0x1a ..\emFile_V322c\emFile_V322c\LinkLibrary\PSoC5\GCC\libemf32nosnlfn.a(FS_CLib.o)
                0x00002688                FS__CLIB_strcmp
 .text.FS__CLIB_strlen
                0x000026a2       0x10 ..\emFile_V322c\emFile_V322c\LinkLibrary\PSoC5\GCC\libemf32nosnlfn.a(FS_CLib.o)
                0x000026a2                FS__CLIB_strlen
 .text.FS__CLIB_strncmp
                0x000026b2       0x26 ..\emFile_V322c\emFile_V322c\LinkLibrary\PSoC5\GCC\libemf32nosnlfn.a(FS_CLib.o)
                0x000026b2                FS__CLIB_strncmp
 .text.FS__CLIB_strncpy
                0x000026d8       0x2e ..\emFile_V322c\emFile_V322c\LinkLibrary\PSoC5\GCC\libemf32nosnlfn.a(FS_CLib.o)
                0x000026d8                FS__CLIB_strncpy
 .text.FS__CLIB_toupper
                0x00002706        0xe ..\emFile_V322c\emFile_V322c\LinkLibrary\PSoC5\GCC\libemf32nosnlfn.a(FS_CLib.o)
                0x00002706                FS__CLIB_toupper
 .text.FS__CopyFile
                0x00002714       0xd6 ..\emFile_V322c\emFile_V322c\LinkLibrary\PSoC5\GCC\libemf32nosnlfn.a(FS_CopyFile.o)
                0x00002714                FS__CopyFile
 .text.FS_CopyFile
                0x000027ea        0x4 ..\emFile_V322c\emFile_V322c\LinkLibrary\PSoC5\GCC\libemf32nosnlfn.a(FS_CopyFile.o)
                0x000027ea                FS_CopyFile
 .text.FS__DivideU32Up
                0x000027ee        0xa ..\emFile_V322c\emFile_V322c\LinkLibrary\PSoC5\GCC\libemf32nosnlfn.a(FS_Core.o)
                0x000027ee                FS__DivideU32Up
 .text.FS__strchr
                0x000027f8       0x14 ..\emFile_V322c\emFile_V322c\LinkLibrary\PSoC5\GCC\libemf32nosnlfn.a(FS_Core.o)
                0x000027f8                FS__strchr
 .text.FS_LoadU32BE
                0x0000280c       0x18 ..\emFile_V322c\emFile_V322c\LinkLibrary\PSoC5\GCC\libemf32nosnlfn.a(FS_Core.o)
                0x0000280c                FS_LoadU32BE
 .text.FS_LoadU32LE
                0x00002824       0x16 ..\emFile_V322c\emFile_V322c\LinkLibrary\PSoC5\GCC\libemf32nosnlfn.a(FS_Core.o)
                0x00002824                FS_LoadU32LE
 .text.FS_StoreU32LE
                0x0000283a       0x14 ..\emFile_V322c\emFile_V322c\LinkLibrary\PSoC5\GCC\libemf32nosnlfn.a(FS_Core.o)
                0x0000283a                FS_StoreU32LE
 .text.FS_StoreU16LE
                0x0000284e        0x8 ..\emFile_V322c\emFile_V322c\LinkLibrary\PSoC5\GCC\libemf32nosnlfn.a(FS_Core.o)
                0x0000284e                FS_StoreU16LE
 .text.FS_LoadU16LE
                0x00002856        0xa ..\emFile_V322c\emFile_V322c\LinkLibrary\PSoC5\GCC\libemf32nosnlfn.a(FS_Core.o)
                0x00002856                FS_LoadU16LE
 .text._Alloc   0x00002860       0x30 ..\emFile_V322c\emFile_V322c\LinkLibrary\PSoC5\GCC\libemf32nosnlfn.a(FS_Core.o)
 .text.FS_Alloc
                0x00002890        0xc ..\emFile_V322c\emFile_V322c\LinkLibrary\PSoC5\GCC\libemf32nosnlfn.a(FS_Core.o)
                0x00002890                FS_Alloc
 .text.FS_TryAlloc
                0x0000289c        0x4 ..\emFile_V322c\emFile_V322c\LinkLibrary\PSoC5\GCC\libemf32nosnlfn.a(FS_Core.o)
                0x0000289c                FS_TryAlloc
 .text.FS_Free  0x000028a0       0x1c ..\emFile_V322c\emFile_V322c\LinkLibrary\PSoC5\GCC\libemf32nosnlfn.a(FS_Core.o)
                0x000028a0                FS_Free
 .text.FS_AssignMemory
                0x000028bc        0xc ..\emFile_V322c\emFile_V322c\LinkLibrary\PSoC5\GCC\libemf32nosnlfn.a(FS_Core.o)
                0x000028bc                FS_AssignMemory
 .text.FS_AllocZeroed
                0x000028c8       0x16 ..\emFile_V322c\emFile_V322c\LinkLibrary\PSoC5\GCC\libemf32nosnlfn.a(FS_Core.o)
                0x000028c8                FS_AllocZeroed
 *fill*         0x000028de        0x2 
 .text.FS_STORAGE_Init
                0x000028e0       0x28 ..\emFile_V322c\emFile_V322c\LinkLibrary\PSoC5\GCC\libemf32nosnlfn.a(FS_Core.o)
                0x000028e0                FS_STORAGE_Init
 .text.FS__MkDir
                0x00002908       0x24 ..\emFile_V322c\emFile_V322c\LinkLibrary\PSoC5\GCC\libemf32nosnlfn.a(FS_Dir.o)
                0x00002908                FS__MkDir
 .text.FS_MkDir
                0x0000292c        0x4 ..\emFile_V322c\emFile_V322c\LinkLibrary\PSoC5\GCC\libemf32nosnlfn.a(FS_Dir.o)
                0x0000292c                FS_MkDir
 .text.FS__GetFileSize
                0x00002930        0xc ..\emFile_V322c\emFile_V322c\LinkLibrary\PSoC5\GCC\libemf32nosnlfn.a(FS_GetFileSize.o)
                0x00002930                FS__GetFileSize
 .text._ClrBusyLED
                0x0000293c        0xc ..\emFile_V322c\emFile_V322c\LinkLibrary\PSoC5\GCC\libemf32nosnlfn.a(FS_LogBlock.o)
 .text._SetBusyLED
                0x00002948        0xc ..\emFile_V322c\emFile_V322c\LinkLibrary\PSoC5\GCC\libemf32nosnlfn.a(FS_LogBlock.o)
 .text._Read    0x00002954        0xc ..\emFile_V322c\emFile_V322c\LinkLibrary\PSoC5\GCC\libemf32nosnlfn.a(FS_LogBlock.o)
 .text._Write   0x00002960       0x12 ..\emFile_V322c\emFile_V322c\LinkLibrary\PSoC5\GCC\libemf32nosnlfn.a(FS_LogBlock.o)
 .text.FS_LB_GetStatus
                0x00002972        0xc ..\emFile_V322c\emFile_V322c\LinkLibrary\PSoC5\GCC\libemf32nosnlfn.a(FS_LogBlock.o)
                0x00002972                FS_LB_GetStatus
 .text.FS_LB_InitMedium
                0x0000297e       0x1a ..\emFile_V322c\emFile_V322c\LinkLibrary\PSoC5\GCC\libemf32nosnlfn.a(FS_LogBlock.o)
                0x0000297e                FS_LB_InitMedium
 .text.FS_LB_InitMediumIfRequired
                0x00002998       0x10 ..\emFile_V322c\emFile_V322c\LinkLibrary\PSoC5\GCC\libemf32nosnlfn.a(FS_LogBlock.o)
                0x00002998                FS_LB_InitMediumIfRequired
 .text.FS_LB_ReadDevice
                0x000029a8       0x2e ..\emFile_V322c\emFile_V322c\LinkLibrary\PSoC5\GCC\libemf32nosnlfn.a(FS_LogBlock.o)
                0x000029a8                FS_LB_ReadDevice
 .text.FS_LB_ReadPart
                0x000029d6        0xe ..\emFile_V322c\emFile_V322c\LinkLibrary\PSoC5\GCC\libemf32nosnlfn.a(FS_LogBlock.o)
                0x000029d6                FS_LB_ReadPart
 .text.FS_LB_ReadBurst
                0x000029e4       0x38 ..\emFile_V322c\emFile_V322c\LinkLibrary\PSoC5\GCC\libemf32nosnlfn.a(FS_LogBlock.o)
                0x000029e4                FS_LB_ReadBurst
 .text.FS_LB_ReadBurstPart
                0x00002a1c       0x14 ..\emFile_V322c\emFile_V322c\LinkLibrary\PSoC5\GCC\libemf32nosnlfn.a(FS_LogBlock.o)
                0x00002a1c                FS_LB_ReadBurstPart
 .text.FS_LB_WriteBurst
                0x00002a30       0x30 ..\emFile_V322c\emFile_V322c\LinkLibrary\PSoC5\GCC\libemf32nosnlfn.a(FS_LogBlock.o)
                0x00002a30                FS_LB_WriteBurst
 .text.FS_LB_WriteBurstPart
                0x00002a60       0x14 ..\emFile_V322c\emFile_V322c\LinkLibrary\PSoC5\GCC\libemf32nosnlfn.a(FS_LogBlock.o)
                0x00002a60                FS_LB_WriteBurstPart
 .text.FS_LB_WriteMultiple
                0x00002a74       0x30 ..\emFile_V322c\emFile_V322c\LinkLibrary\PSoC5\GCC\libemf32nosnlfn.a(FS_LogBlock.o)
                0x00002a74                FS_LB_WriteMultiple
 .text.FS_LB_WriteMultiplePart
                0x00002aa4       0x14 ..\emFile_V322c\emFile_V322c\LinkLibrary\PSoC5\GCC\libemf32nosnlfn.a(FS_LogBlock.o)
                0x00002aa4                FS_LB_WriteMultiplePart
 .text.FS_LB_WriteDevice
                0x00002ab8       0x36 ..\emFile_V322c\emFile_V322c\LinkLibrary\PSoC5\GCC\libemf32nosnlfn.a(FS_LogBlock.o)
                0x00002ab8                FS_LB_WriteDevice
 .text.FS_LB_WritePart
                0x00002aee        0xe ..\emFile_V322c\emFile_V322c\LinkLibrary\PSoC5\GCC\libemf32nosnlfn.a(FS_LogBlock.o)
                0x00002aee                FS_LB_WritePart
 .text.FS_GetSectorSize
                0x00002afc       0x28 ..\emFile_V322c\emFile_V322c\LinkLibrary\PSoC5\GCC\libemf32nosnlfn.a(FS_LogBlock.o)
                0x00002afc                FS_GetSectorSize
 .text.FS_LB_GetDeviceInfo
                0x00002b24       0x26 ..\emFile_V322c\emFile_V322c\LinkLibrary\PSoC5\GCC\libemf32nosnlfn.a(FS_LogBlock.o)
                0x00002b24                FS_LB_GetDeviceInfo
 .text.FS_memcpy
                0x00002b4a      0x120 ..\emFile_V322c\emFile_V322c\LinkLibrary\PSoC5\GCC\libemf32nosnlfn.a(FS_memcpy.o)
                0x00002b4a                FS_memcpy
 *fill*         0x00002c6a        0x2 
 .text.FS__AllocSectorBuffer
                0x00002c6c       0x2c ..\emFile_V322c\emFile_V322c\LinkLibrary\PSoC5\GCC\libemf32nosnlfn.a(FS_Misc.o)
                0x00002c6c                FS__AllocSectorBuffer
 .text.FS__FreeSectorBuffer
                0x00002c98       0x28 ..\emFile_V322c\emFile_V322c\LinkLibrary\PSoC5\GCC\libemf32nosnlfn.a(FS_Misc.o)
                0x00002c98                FS__FreeSectorBuffer
 .text.FS__SB_MarkDirty
                0x00002cc0        0x6 ..\emFile_V322c\emFile_V322c\LinkLibrary\PSoC5\GCC\libemf32nosnlfn.a(FS_Misc.o)
                0x00002cc0                FS__SB_MarkDirty
 .text.FS__SB_MarkNotDirty
                0x00002cc6        0x6 ..\emFile_V322c\emFile_V322c\LinkLibrary\PSoC5\GCC\libemf32nosnlfn.a(FS_Misc.o)
                0x00002cc6                FS__SB_MarkNotDirty
 .text.FS__FreeFileHandle
                0x00002ccc        0xa ..\emFile_V322c\emFile_V322c\LinkLibrary\PSoC5\GCC\libemf32nosnlfn.a(FS_Misc.o)
                0x00002ccc                FS__FreeFileHandle
 .text.FS__FreeFileObj
                0x00002cd6        0xc ..\emFile_V322c\emFile_V322c\LinkLibrary\PSoC5\GCC\libemf32nosnlfn.a(FS_Misc.o)
                0x00002cd6                FS__FreeFileObj
 .text.FS__FSeek
                0x00002ce2       0x42 ..\emFile_V322c\emFile_V322c\LinkLibrary\PSoC5\GCC\libemf32nosnlfn.a(FS_Misc.o)
                0x00002ce2                FS__FSeek
 .text.FS_Init  0x00002d24       0x58 ..\emFile_V322c\emFile_V322c\LinkLibrary\PSoC5\GCC\libemf32nosnlfn.a(FS_Misc.o)
                0x00002d24                FS_Init
 .text.FS__SB_Create
                0x00002d7c       0x28 ..\emFile_V322c\emFile_V322c\LinkLibrary\PSoC5\GCC\libemf32nosnlfn.a(FS_Misc.o)
                0x00002d7c                FS__SB_Create
 .text.FS__FCloseNL
                0x00002da4       0x1e ..\emFile_V322c\emFile_V322c\LinkLibrary\PSoC5\GCC\libemf32nosnlfn.a(FS_Misc.o)
                0x00002da4                FS__FCloseNL
 .text.FS__FClose
                0x00002dc2       0x1a ..\emFile_V322c\emFile_V322c\LinkLibrary\PSoC5\GCC\libemf32nosnlfn.a(FS_Misc.o)
                0x00002dc2                FS__FClose
 .text.FS_FClose
                0x00002ddc        0xa ..\emFile_V322c\emFile_V322c\LinkLibrary\PSoC5\GCC\libemf32nosnlfn.a(FS_Misc.o)
                0x00002ddc                FS_FClose
 *fill*         0x00002de6        0x2 
 .text.FS__AllocFileObj
                0x00002de8       0x48 ..\emFile_V322c\emFile_V322c\LinkLibrary\PSoC5\GCC\libemf32nosnlfn.a(FS_Misc.o)
                0x00002de8                FS__AllocFileObj
 .text.FS__AllocFileHandle
                0x00002e30       0x40 ..\emFile_V322c\emFile_V322c\LinkLibrary\PSoC5\GCC\libemf32nosnlfn.a(FS_Misc.o)
                0x00002e30                FS__AllocFileHandle
 .text.FS__OpenEx
                0x00002e70       0x58 ..\emFile_V322c\emFile_V322c\LinkLibrary\PSoC5\GCC\libemf32nosnlfn.a(FS_Misc.o)
                0x00002e70                FS__OpenEx
 .text.FS__FOpenEx
                0x00002ec8       0x56 ..\emFile_V322c\emFile_V322c\LinkLibrary\PSoC5\GCC\libemf32nosnlfn.a(FS_Misc.o)
                0x00002ec8                FS__FOpenEx
 *fill*         0x00002f1e        0x2 
 .text.FS__FOpen
                0x00002f20       0x48 ..\emFile_V322c\emFile_V322c\LinkLibrary\PSoC5\GCC\libemf32nosnlfn.a(FS_Misc.o)
                0x00002f20                FS__FOpen
 .text.FS_FOpen
                0x00002f68        0x4 ..\emFile_V322c\emFile_V322c\LinkLibrary\PSoC5\GCC\libemf32nosnlfn.a(FS_Misc.o)
                0x00002f68                FS_FOpen
 .text.FS__Remove
                0x00002f6c       0x28 ..\emFile_V322c\emFile_V322c\LinkLibrary\PSoC5\GCC\libemf32nosnlfn.a(FS_Misc.o)
                0x00002f6c                FS__Remove
 .text.FS__SB_Write
                0x00002f94       0x24 ..\emFile_V322c\emFile_V322c\LinkLibrary\PSoC5\GCC\libemf32nosnlfn.a(FS_Misc.o)
                0x00002f94                FS__SB_Write
 .text._SB_Clean
                0x00002fb8       0x24 ..\emFile_V322c\emFile_V322c\LinkLibrary\PSoC5\GCC\libemf32nosnlfn.a(FS_Misc.o)
 .text.FS__SB_SetSector
                0x00002fdc       0x20 ..\emFile_V322c\emFile_V322c\LinkLibrary\PSoC5\GCC\libemf32nosnlfn.a(FS_Misc.o)
                0x00002fdc                FS__SB_SetSector
 .text.FS__SB_MarkValid
                0x00002ffc       0x10 ..\emFile_V322c\emFile_V322c\LinkLibrary\PSoC5\GCC\libemf32nosnlfn.a(FS_Misc.o)
                0x00002ffc                FS__SB_MarkValid
 .text.FS__SB_Clean
                0x0000300c        0x4 ..\emFile_V322c\emFile_V322c\LinkLibrary\PSoC5\GCC\libemf32nosnlfn.a(FS_Misc.o)
                0x0000300c                FS__SB_Clean
 .text.FS__SB_Delete
                0x00003010       0x12 ..\emFile_V322c\emFile_V322c\LinkLibrary\PSoC5\GCC\libemf32nosnlfn.a(FS_Misc.o)
                0x00003010                FS__SB_Delete
 .text.FS__SB_Flush
                0x00003022        0x8 ..\emFile_V322c\emFile_V322c\LinkLibrary\PSoC5\GCC\libemf32nosnlfn.a(FS_Misc.o)
                0x00003022                FS__SB_Flush
 .text.FS__SB_Read
                0x0000302a       0x2a ..\emFile_V322c\emFile_V322c\LinkLibrary\PSoC5\GCC\libemf32nosnlfn.a(FS_Misc.o)
                0x0000302a                FS__SB_Read
 .text.FS__Read
                0x00003054       0x2e ..\emFile_V322c\emFile_V322c\LinkLibrary\PSoC5\GCC\libemf32nosnlfn.a(FS_Read.o)
                0x00003054                FS__Read
 .text.FS__SetEndOfFile
                0x00003082       0x12 ..\emFile_V322c\emFile_V322c\LinkLibrary\PSoC5\GCC\libemf32nosnlfn.a(FS_SetEndOfFile.o)
                0x00003082                FS__SetEndOfFile
 .text.FS__AddPhysDevice
                0x00003094       0x10 ..\emFile_V322c\emFile_V322c\LinkLibrary\PSoC5\GCC\libemf32nosnlfn.a(FS_Storage.o)
                0x00003094                FS__AddPhysDevice
 .text.FS_GetVolumeName
                0x000030a4       0x60 ..\emFile_V322c\emFile_V322c\LinkLibrary\PSoC5\GCC\libemf32nosnlfn.a(FS_Storage.o)
                0x000030a4                FS_GetVolumeName
 .text.FS__FindVolume
                0x00003104       0x78 ..\emFile_V322c\emFile_V322c\LinkLibrary\PSoC5\GCC\libemf32nosnlfn.a(FS_Storage.o)
                0x00003104                FS__FindVolume
 .text.FS__AddDevice
                0x0000317c       0x68 ..\emFile_V322c\emFile_V322c\LinkLibrary\PSoC5\GCC\libemf32nosnlfn.a(FS_Storage.o)
                0x0000317c                FS__AddDevice
 .text.FS_AddDevice
                0x000031e4        0x4 ..\emFile_V322c\emFile_V322c\LinkLibrary\PSoC5\GCC\libemf32nosnlfn.a(FS_Storage.o)
                0x000031e4                FS_AddDevice
 .text.FS__SetFileTimeEx
                0x000031e8       0x44 ..\emFile_V322c\emFile_V322c\LinkLibrary\PSoC5\GCC\libemf32nosnlfn.a(FS_Time.o)
                0x000031e8                FS__SetFileTimeEx
 .text.FS__GetFileTimeEx
                0x0000322c       0x42 ..\emFile_V322c\emFile_V322c\LinkLibrary\PSoC5\GCC\libemf32nosnlfn.a(FS_Time.o)
                0x0000322c                FS__GetFileTimeEx
 .text._Mount   0x0000326e       0x2e ..\emFile_V322c\emFile_V322c\LinkLibrary\PSoC5\GCC\libemf32nosnlfn.a(FS_Volume.o)
 .text.FS__AutoMount
                0x0000329c       0x14 ..\emFile_V322c\emFile_V322c\LinkLibrary\PSoC5\GCC\libemf32nosnlfn.a(FS_Volume.o)
                0x0000329c                FS__AutoMount
 .text.FS__Write
                0x000032b0       0x3a ..\emFile_V322c\emFile_V322c\LinkLibrary\PSoC5\GCC\libemf32nosnlfn.a(FS_Write.o)
                0x000032b0                FS__Write
 .text.FS_Write
                0x000032ea        0x4 ..\emFile_V322c\emFile_V322c\LinkLibrary\PSoC5\GCC\libemf32nosnlfn.a(FS_Write.o)
                0x000032ea                FS_Write
 *fill*         0x000032ee        0x2 
 .text.FS_FAT_CreateDirEx
                0x000032f0      0x110 ..\emFile_V322c\emFile_V322c\LinkLibrary\PSoC5\GCC\libemf32nosnlfn.a(FAT_Dir.o)
                0x000032f0                FS_FAT_CreateDirEx
 .text.FS_FAT_CreateDir
                0x00003400       0x64 ..\emFile_V322c\emFile_V322c\LinkLibrary\PSoC5\GCC\libemf32nosnlfn.a(FAT_Dir.o)
                0x00003400                FS_FAT_CreateDir
 .text.FS_FAT_SetDirEntryInfo
                0x00003464       0xb2 ..\emFile_V322c\emFile_V322c\LinkLibrary\PSoC5\GCC\libemf32nosnlfn.a(FAT_DirEntry.o)
                0x00003464                FS_FAT_SetDirEntryInfo
 .text.FS_FAT_GetDirEntryInfo
                0x00003516       0x90 ..\emFile_V322c\emFile_V322c\LinkLibrary\PSoC5\GCC\libemf32nosnlfn.a(FAT_DirEntry.o)
                0x00003516                FS_FAT_GetDirEntryInfo
 *fill*         0x000035a6        0x2 
 .text.T.32     0x000035a8      0x400 ..\emFile_V322c\emFile_V322c\LinkLibrary\PSoC5\GCC\libemf32nosnlfn.a(FAT_Format.o)
 .text._AutoFormat
                0x000039a8       0x7c ..\emFile_V322c\emFile_V322c\LinkLibrary\PSoC5\GCC\libemf32nosnlfn.a(FAT_Format.o)
 .text.FS_FAT_FormatEx
                0x00003a24       0x74 ..\emFile_V322c\emFile_V322c\LinkLibrary\PSoC5\GCC\libemf32nosnlfn.a(FAT_Format.o)
                0x00003a24                FS_FAT_FormatEx
 .text._ReadBurst
                0x00003a98       0x24 ..\emFile_V322c\emFile_V322c\LinkLibrary\PSoC5\GCC\libemf32nosnlfn.a(FAT_Read.o)
 .text.FS_FAT_Read
                0x00003abc      0x194 ..\emFile_V322c\emFile_V322c\LinkLibrary\PSoC5\GCC\libemf32nosnlfn.a(FAT_Read.o)
                0x00003abc                FS_FAT_Read
 .text.FS_FAT_SetEndOfFile
                0x00003c50       0xbc ..\emFile_V322c\emFile_V322c\LinkLibrary\PSoC5\GCC\libemf32nosnlfn.a(FAT_SetEndOfFile.o)
                0x00003c50                FS_FAT_SetEndOfFile
 .text.FS__GetFileAttributes
                0x00003d0c       0x38 ..\emFile_V322c\emFile_V322c\LinkLibrary\PSoC5\GCC\libemf32nosnlfn.a(FS_Attrib.o)
                0x00003d0c                FS__GetFileAttributes
 .text.FS__SetFileAttributes
                0x00003d44       0x30 ..\emFile_V322c\emFile_V322c\LinkLibrary\PSoC5\GCC\libemf32nosnlfn.a(FS_Attrib.o)
                0x00003d44                FS__SetFileAttributes
 .text._IsBPB   0x00003d74       0x1e ..\emFile_V322c\emFile_V322c\LinkLibrary\PSoC5\GCC\libemf32nosnlfn.a(FS_Partition.o)
 .text._HasSignature
                0x00003d92       0x18 ..\emFile_V322c\emFile_V322c\LinkLibrary\PSoC5\GCC\libemf32nosnlfn.a(FS_Partition.o)
 .text._GetPartitionStartSector
                0x00003daa        0xc ..\emFile_V322c\emFile_V322c\LinkLibrary\PSoC5\GCC\libemf32nosnlfn.a(FS_Partition.o)
 .text.FS__GetMediaStartSecEx
                0x00003db6       0x6e ..\emFile_V322c\emFile_V322c\LinkLibrary\PSoC5\GCC\libemf32nosnlfn.a(FS_Partition.o)
                0x00003db6                FS__GetMediaStartSecEx
 .text.FS__LocatePartition
                0x00003e24       0x44 ..\emFile_V322c\emFile_V322c\LinkLibrary\PSoC5\GCC\libemf32nosnlfn.a(FS_Partition.o)
                0x00003e24                FS__LocatePartition
 .text.FS_X_AddDevices
                0x00003e68       0x20 .\CortexM3\ARM_GCC_541\Debug\SDCard.a(emFile_ConfigMMC_SPI.o)
                0x00003e68                FS_X_AddDevices
 .text.FS_X_GetTimeDate
                0x00003e88       0x58 .\CortexM3\ARM_GCC_541\Debug\SDCard.a(emFile_ConfigMMC_SPI.o)
                0x00003e88                FS_X_GetTimeDate
 .text._CalcDataCRC16Dummy
                0x00003ee0        0x6 ..\emFile_V322c\emFile_V322c\LinkLibrary\PSoC5\GCC\libemf32nosnlfn.a(MMC_Drv.o)
 *fill*         0x00003ee6        0x2 
 .text._MMC_GetNumUnits
                0x00003ee8        0xc ..\emFile_V322c\emFile_V322c\LinkLibrary\PSoC5\GCC\libemf32nosnlfn.a(MMC_Drv.o)
 .text._MMC_GetDriverName
                0x00003ef4        0x8 ..\emFile_V322c\emFile_V322c\LinkLibrary\PSoC5\GCC\libemf32nosnlfn.a(MMC_Drv.o)
 .text._MMC_GetStatus
                0x00003efc        0x4 ..\emFile_V322c\emFile_V322c\LinkLibrary\PSoC5\GCC\libemf32nosnlfn.a(MMC_Drv.o)
 .text._CheckR1
                0x00003f00       0x38 ..\emFile_V322c\emFile_V322c\LinkLibrary\PSoC5\GCC\libemf32nosnlfn.a(MMC_Drv.o)
 .text._WaitToGetReady
                0x00003f38       0x26 ..\emFile_V322c\emFile_V322c\LinkLibrary\PSoC5\GCC\libemf32nosnlfn.a(MMC_Drv.o)
 .text._SendEmptyCycles
                0x00003f5e       0x24 ..\emFile_V322c\emFile_V322c\LinkLibrary\PSoC5\GCC\libemf32nosnlfn.a(MMC_Drv.o)
 *fill*         0x00003f82        0x2 
 .text._MMC_AddDevice
                0x00003f84       0x2c ..\emFile_V322c\emFile_V322c\LinkLibrary\PSoC5\GCC\libemf32nosnlfn.a(MMC_Drv.o)
 .text.T.53     0x00003fb0       0x14 ..\emFile_V322c\emFile_V322c\LinkLibrary\PSoC5\GCC\libemf32nosnlfn.a(MMC_Drv.o)
 .text._GetFromCSD
                0x00003fc4       0x34 ..\emFile_V322c\emFile_V322c\LinkLibrary\PSoC5\GCC\libemf32nosnlfn.a(MMC_Drv.o)
 .text._ExecCmdR1
                0x00003ff8       0x98 ..\emFile_V322c\emFile_V322c\LinkLibrary\PSoC5\GCC\libemf32nosnlfn.a(MMC_Drv.o)
 .text._ReadCSD
                0x00004090       0x86 ..\emFile_V322c\emFile_V322c\LinkLibrary\PSoC5\GCC\libemf32nosnlfn.a(MMC_Drv.o)
 *fill*         0x00004116        0x2 
 .text._MMC_Read
                0x00004118      0x130 ..\emFile_V322c\emFile_V322c\LinkLibrary\PSoC5\GCC\libemf32nosnlfn.a(MMC_Drv.o)
 .text._MMC_Write
                0x00004248      0x13c ..\emFile_V322c\emFile_V322c\LinkLibrary\PSoC5\GCC\libemf32nosnlfn.a(MMC_Drv.o)
 .text._ApplyCSD
                0x00004384      0x228 ..\emFile_V322c\emFile_V322c\LinkLibrary\PSoC5\GCC\libemf32nosnlfn.a(MMC_Drv.o)
 .text._MMC_Init
                0x000045ac      0x1c0 ..\emFile_V322c\emFile_V322c\LinkLibrary\PSoC5\GCC\libemf32nosnlfn.a(MMC_Drv.o)
 .text._MMC_InitMedium
                0x0000476c       0x28 ..\emFile_V322c\emFile_V322c\LinkLibrary\PSoC5\GCC\libemf32nosnlfn.a(MMC_Drv.o)
 .text._MMC_IoCtl
                0x00004794       0x60 ..\emFile_V322c\emFile_V322c\LinkLibrary\PSoC5\GCC\libemf32nosnlfn.a(MMC_Drv.o)
 .text.emFile_Init
                0x000047f4       0x6c .\CortexM3\ARM_GCC_541\Debug\SDCard.a(emFile_MMC_HW_SPI.o)
 .text.emFile_ReadWriteSPI
                0x00004860       0x68 .\CortexM3\ARM_GCC_541\Debug\SDCard.a(emFile_MMC_HW_SPI.o)
 .text.FS_MMC_HW_X_EnableCS
                0x000048c8       0x28 .\CortexM3\ARM_GCC_541\Debug\SDCard.a(emFile_MMC_HW_SPI.o)
                0x000048c8                FS_MMC_HW_X_EnableCS
 .text.FS_MMC_HW_X_DisableCS
                0x000048f0       0x28 .\CortexM3\ARM_GCC_541\Debug\SDCard.a(emFile_MMC_HW_SPI.o)
                0x000048f0                FS_MMC_HW_X_DisableCS
 .text.FS_MMC_HW_X_IsWriteProtected
                0x00004918       0x30 .\CortexM3\ARM_GCC_541\Debug\SDCard.a(emFile_MMC_HW_SPI.o)
                0x00004918                FS_MMC_HW_X_IsWriteProtected
 .text.FS_MMC_HW_X_SetMaxSpeed
                0x00004948       0x88 .\CortexM3\ARM_GCC_541\Debug\SDCard.a(emFile_MMC_HW_SPI.o)
                0x00004948                FS_MMC_HW_X_SetMaxSpeed
 .text.FS_MMC_HW_X_SetVoltage
                0x000049d0       0x68 .\CortexM3\ARM_GCC_541\Debug\SDCard.a(emFile_MMC_HW_SPI.o)
                0x000049d0                FS_MMC_HW_X_SetVoltage
 .text.FS_MMC_HW_X_IsPresent
                0x00004a38       0x30 .\CortexM3\ARM_GCC_541\Debug\SDCard.a(emFile_MMC_HW_SPI.o)
                0x00004a38                FS_MMC_HW_X_IsPresent
 .text.FS_MMC_HW_X_Read
                0x00004a68       0x38 .\CortexM3\ARM_GCC_541\Debug\SDCard.a(emFile_MMC_HW_SPI.o)
                0x00004a68                FS_MMC_HW_X_Read
 .text.FS_MMC_HW_X_Write
                0x00004aa0       0x34 .\CortexM3\ARM_GCC_541\Debug\SDCard.a(emFile_MMC_HW_SPI.o)
                0x00004aa0                FS_MMC_HW_X_Write
 .text.emFile_SPI0_Init
                0x00004ad4       0x34 .\CortexM3\ARM_GCC_541\Debug\SDCard.a(emFile_SPI0.o)
                0x00004ad4                emFile_SPI0_Init
 .text.emFile_SPI0_Enable
                0x00004b08       0x64 .\CortexM3\ARM_GCC_541\Debug\SDCard.a(emFile_SPI0.o)
                0x00004b08                emFile_SPI0_Enable
 .text.emFile_SPI0_Start
                0x00004b6c       0x24 .\CortexM3\ARM_GCC_541\Debug\SDCard.a(emFile_SPI0.o)
                0x00004b6c                emFile_SPI0_Start
 .text.emFile_SPI0_EnableTxInt
                0x00004b90        0xc .\CortexM3\ARM_GCC_541\Debug\SDCard.a(emFile_SPI0.o)
                0x00004b90                emFile_SPI0_EnableTxInt
 .text.emFile_SPI0_EnableRxInt
                0x00004b9c        0xc .\CortexM3\ARM_GCC_541\Debug\SDCard.a(emFile_SPI0.o)
                0x00004b9c                emFile_SPI0_EnableRxInt
 .text.emFile_SPI0_ReadTxStatus
                0x00004ba8       0x1c .\CortexM3\ARM_GCC_541\Debug\SDCard.a(emFile_SPI0.o)
                0x00004ba8                emFile_SPI0_ReadTxStatus
 .text.emFile_SPI0_ReadRxStatus
                0x00004bc4       0x1c .\CortexM3\ARM_GCC_541\Debug\SDCard.a(emFile_SPI0.o)
                0x00004bc4                emFile_SPI0_ReadRxStatus
 .text.emFile_SPI0_WriteTxData
                0x00004be0       0x34 .\CortexM3\ARM_GCC_541\Debug\SDCard.a(emFile_SPI0.o)
                0x00004be0                emFile_SPI0_WriteTxData
 .text.emFile_SPI0_ReadRxData
                0x00004c14       0x1c .\CortexM3\ARM_GCC_541\Debug\SDCard.a(emFile_SPI0.o)
                0x00004c14                emFile_SPI0_ReadRxData
 .text.emFile_SPI0_ClearFIFO
                0x00004c30       0x60 .\CortexM3\ARM_GCC_541\Debug\SDCard.a(emFile_SPI0.o)
                0x00004c30                emFile_SPI0_ClearFIFO
 .text.emFile_Clock_1_Start
                0x00004c90       0x34 .\CortexM3\ARM_GCC_541\Debug\SDCard.a(emFile_Clock_1.o)
                0x00004c90                emFile_Clock_1_Start
 .text.emFile_Clock_1_Stop
                0x00004cc4       0x34 .\CortexM3\ARM_GCC_541\Debug\SDCard.a(emFile_Clock_1.o)
                0x00004cc4                emFile_Clock_1_Stop
 .text.emFile_Clock_1_SetDividerRegister
                0x00004cf8      0x164 .\CortexM3\ARM_GCC_541\Debug\SDCard.a(emFile_Clock_1.o)
                0x00004cf8                emFile_Clock_1_SetDividerRegister
 .text.emFile_Clock_1_GetDividerRegister
                0x00004e5c       0x18 .\CortexM3\ARM_GCC_541\Debug\SDCard.a(emFile_Clock_1.o)
                0x00004e5c                emFile_Clock_1_GetDividerRegister
 .text.emFile_Clock_1_GetSourceRegister
                0x00004e74       0x1c .\CortexM3\ARM_GCC_541\Debug\SDCard.a(emFile_Clock_1.o)
                0x00004e74                emFile_Clock_1_GetSourceRegister
 .text.emFile_SPI0_CS_Write
                0x00004e90       0x3c .\CortexM3\ARM_GCC_541\Debug\SDCard.a(emFile_SPI0_CS.o)
                0x00004e90                emFile_SPI0_CS_Write
 .text.emFile_SPI0_WP_Read
                0x00004ecc       0x20 .\CortexM3\ARM_GCC_541\Debug\SDCard.a(emFile_SPI0_WP.o)
                0x00004ecc                emFile_SPI0_WP_Read
 .text.__errno  0x00004eec        0xc c:/program files (x86)/cypress/psoc creator/4.2/psoc creator/import/gnu/arm/5.4.1/bin/../lib/gcc/arm-none-eabi/5.4.1/../../../../arm-none-eabi/lib/armv7-m\libg_nano.a(lib_a-errno.o)
                0x00004eec                __errno
 .text.__libc_init_array
                0x00004ef8       0x4c c:/program files (x86)/cypress/psoc creator/4.2/psoc creator/import/gnu/arm/5.4.1/bin/../lib/gcc/arm-none-eabi/5.4.1/../../../../arm-none-eabi/lib/armv7-m\libg_nano.a(lib_a-init.o)
                0x00004ef8                __libc_init_array
 .text.memcpy   0x00004f44       0x16 c:/program files (x86)/cypress/psoc creator/4.2/psoc creator/import/gnu/arm/5.4.1/bin/../lib/gcc/arm-none-eabi/5.4.1/../../../../arm-none-eabi/lib/armv7-m\libg_nano.a(lib_a-memcpy-stub.o)
                0x00004f44                memcpy
 *(.plt)
 *(.gnu.warning)
 *(.glue_7t)
 .glue_7t       0x00004f5a        0x0 linker stubs
 *(.glue_7)
 .glue_7        0x00004f5a        0x0 linker stubs
 *(.vfp11_veneer)
 .vfp11_veneer  0x00004f5a        0x0 linker stubs
 *(.bootloader)
 *(.ARM.extab* .gnu.linkonce.armextab.*)
 *(.gcc_except_table)

.v4_bx          0x00004f5c        0x0
 .v4_bx         0x00004f5c        0x0 linker stubs

.iplt           0x00004f5c        0x0
 .iplt          0x00004f5c        0x0 c:/program files (x86)/cypress/psoc creator/4.2/psoc creator/import/gnu/arm/5.4.1/bin/../lib/gcc/arm-none-eabi/5.4.1/armv7-m/crtbegin.o

.eh_frame_hdr
 *(.eh_frame_hdr)

.eh_frame       0x00004f5c        0x4
 *(.eh_frame)
 .eh_frame      0x00004f5c        0x0 c:/program files (x86)/cypress/psoc creator/4.2/psoc creator/import/gnu/arm/5.4.1/bin/../lib/gcc/arm-none-eabi/5.4.1/armv7-m/crtbegin.o
 .eh_frame      0x00004f5c        0x4 c:/program files (x86)/cypress/psoc creator/4.2/psoc creator/import/gnu/arm/5.4.1/bin/../lib/gcc/arm-none-eabi/5.4.1/armv7-m/crtend.o
                [!provide]                PROVIDE (__exidx_start, .)

.ARM.exidx
 *(.ARM.exidx* .gnu.linkonce.armexidx.*)
                0x00004f60                __exidx_end = .

.rodata         0x00004f60      0x5c8
 *(.rodata .rodata.* .gnu.linkonce.r.*)
 .rodata        0x00004f60      0x201 .\CortexM3\ARM_GCC_541\Debug\main.o
 *fill*         0x00005161        0x3 
 .rodata        0x00005164      0x100 .\CortexM3\ARM_GCC_541\Debug\cyfitter_cfg.o
 .rodata        0x00005264       0x98 ..\emFile_V322c\emFile_V322c\LinkLibrary\PSoC5\GCC\libemf32nosnlfn.a(FAT_FormatSD.o)
 .rodata        0x000052fc       0x10 ..\emFile_V322c\emFile_V322c\LinkLibrary\PSoC5\GCC\libemf32nosnlfn.a(FAT_Misc.o)
                0x000052fc                FAT_SFN_API
 .rodata.str1.1
                0x0000530c        0x3 ..\emFile_V322c\emFile_V322c\LinkLibrary\PSoC5\GCC\libemf32nosnlfn.a(FAT_Open.o)
 *fill*         0x0000530f        0x1 
 .rodata        0x00005310       0x78 ..\emFile_V322c\emFile_V322c\LinkLibrary\PSoC5\GCC\libemf32nosnlfn.a(FS_Misc.o)
 .rodata.str1.1
                0x00005388       0x30 ..\emFile_V322c\emFile_V322c\LinkLibrary\PSoC5\GCC\libemf32nosnlfn.a(FS_Misc.o)
 .rodata        0x000053b8       0x18 ..\emFile_V322c\emFile_V322c\LinkLibrary\PSoC5\GCC\libemf32nosnlfn.a(FAT_Dir.o)
 .rodata        0x000053d0       0x8c ..\emFile_V322c\emFile_V322c\LinkLibrary\PSoC5\GCC\libemf32nosnlfn.a(FAT_Format.o)
                0x000053e8                _acVolumeLabel
 .rodata.str1.1
                0x0000545c       0x24 ..\emFile_V322c\emFile_V322c\LinkLibrary\PSoC5\GCC\libemf32nosnlfn.a(FAT_Format.o)
 .rodata        0x00005480       0x68 ..\emFile_V322c\emFile_V322c\LinkLibrary\PSoC5\GCC\libemf32nosnlfn.a(MMC_Drv.o)
                0x000054c8                FS_MMC_SPI_Driver
 .rodata.str1.1
                0x000054e8        0x4 ..\emFile_V322c\emFile_V322c\LinkLibrary\PSoC5\GCC\libemf32nosnlfn.a(MMC_Drv.o)
 .rodata.str1.1
                0x000054ec        0x2 c:/program files (x86)/cypress/psoc creator/4.2/psoc creator/import/gnu/arm/5.4.1/bin/../lib/gcc/arm-none-eabi/5.4.1/../../../../arm-none-eabi/lib/armv7-m\libg_nano.a(lib_a-impure.o)
                0x000054f0                . = ALIGN (0x4)
 *fill*         0x000054ee        0x2 
 *(.init)
 .init          0x000054f0        0x4 c:/program files (x86)/cypress/psoc creator/4.2/psoc creator/import/gnu/arm/5.4.1/bin/../lib/gcc/arm-none-eabi/5.4.1/armv7-m/crti.o
                0x000054f0                _init
 .init          0x000054f4        0x8 c:/program files (x86)/cypress/psoc creator/4.2/psoc creator/import/gnu/arm/5.4.1/bin/../lib/gcc/arm-none-eabi/5.4.1/armv7-m/crtn.o
                0x000054fc                . = ALIGN (0x4)
                0x000054fc                __preinit_array_start = .
 *(.preinit_array)
                0x000054fc                __preinit_array_end = .
                0x000054fc                . = ALIGN (0x4)
                0x000054fc                __init_array_start = .
 *(SORT(.init_array.*))
 *(.init_array)
 .init_array    0x000054fc        0x4 c:/program files (x86)/cypress/psoc creator/4.2/psoc creator/import/gnu/arm/5.4.1/bin/../lib/gcc/arm-none-eabi/5.4.1/armv7-m/crtbegin.o
 .init_array    0x00005500        0x4 .\CortexM3\ARM_GCC_541\Debug\Cm3Start.o
                0x00005504                __init_array_end = .
                0x00005504                . = ALIGN (0x4)
 *(.fini)
 .fini          0x00005504        0x4 c:/program files (x86)/cypress/psoc creator/4.2/psoc creator/import/gnu/arm/5.4.1/bin/../lib/gcc/arm-none-eabi/5.4.1/armv7-m/crti.o
                0x00005504                _fini
 .fini          0x00005508        0x8 c:/program files (x86)/cypress/psoc creator/4.2/psoc creator/import/gnu/arm/5.4.1/bin/../lib/gcc/arm-none-eabi/5.4.1/armv7-m/crtn.o
                0x00005510                . = ALIGN (0x4)
                0x00005510                __fini_array_start = .
 *(.fini_array)
 .fini_array    0x00005510        0x4 c:/program files (x86)/cypress/psoc creator/4.2/psoc creator/import/gnu/arm/5.4.1/bin/../lib/gcc/arm-none-eabi/5.4.1/armv7-m/crtbegin.o
 *(SORT(.fini_array.*))
                0x00005514                __fini_array_end = .
                0x00005514                . = ALIGN (0x4)
 *crtbegin.o(.ctors)
 *(EXCLUDE_FILE(*crtend.o) .ctors)
 *(SORT(.ctors.*))
 *crtend.o(.ctors)
                0x00005514                . = ALIGN (0x4)
 *crtbegin.o(.dtors)
 *(EXCLUDE_FILE(*crtend.o) .dtors)
 *(SORT(.dtors.*))
 *crtend.o(.dtors)
                0x00005514                . = ALIGN (0x4)
                0x00005514                __cy_regions = .
                0x00005514        0x4 LONG 0x5528 __cy_region_init_ram
                0x00005518        0x4 LONG 0x1fff80c8 __cy_region_start_data
                0x0000551c        0x4 LONG 0x90 __cy_region_init_size_ram
                0x00005520        0x4 LONG 0x10d8 __cy_region_zero_size_ram
                0x00005524                __cy_regions_end = .
                0x00005528                . = ALIGN (0x8)
 *fill*         0x00005524        0x4 
                0x00005528                _etext = .

.cy_checksum_exclude
                0x00005528        0x0
 *(.cy_checksum_exclude)

.ramvectors     0x1fff8000       0xc0
                0x1fff8000                __cy_region_start_ram = .
 *(.ramvectors)
 .ramvectors    0x1fff8000       0xc0 .\CortexM3\ARM_GCC_541\Debug\Cm3Start.o
                0x1fff8000                CyRamVectors

.noinit         0x1fff80c0        0x5
 *(.noinit)
 .noinit        0x1fff80c0        0x4 .\CortexM3\ARM_GCC_541\Debug\Cm3Start.o
 .noinit        0x1fff80c4        0x1 .\CortexM3\ARM_GCC_541\Debug\SDCard.a(CyLib.o)
                0x1fff80c4                CyResetStatus

.data           0x1fff80c8       0x90 load address 0x00005528
                0x1fff80c8                __cy_region_start_data = .
 *(.jcr)
 .jcr           0x1fff80c8        0x0 c:/program files (x86)/cypress/psoc creator/4.2/psoc creator/import/gnu/arm/5.4.1/bin/../lib/gcc/arm-none-eabi/5.4.1/armv7-m/crtbegin.o
 .jcr           0x1fff80c8        0x4 c:/program files (x86)/cypress/psoc creator/4.2/psoc creator/import/gnu/arm/5.4.1/bin/../lib/gcc/arm-none-eabi/5.4.1/armv7-m/crtend.o
 *(.got.plt)
 *(.got)
 *(.shdata)
 *(.data .data.* .gnu.linkonce.d.*)
 .data          0x1fff80cc        0x9 .\CortexM3\ARM_GCC_541\Debug\main.o
                0x1fff80cc                sdFile
 *fill*         0x1fff80d5        0x3 
 .data          0x1fff80d8       0x10 .\CortexM3\ARM_GCC_541\Debug\SDCard.a(CyLib.o)
                0x1fff80d8                cydelay_freq_hz
                0x1fff80dc                cydelay_freq_khz
                0x1fff80e0                cydelay_freq_mhz
                0x1fff80e4                cydelay_32k_ms
 .data          0x1fff80e8        0x4 ..\emFile_V322c\emFile_V322c\LinkLibrary\PSoC5\GCC\libemf32nosnlfn.a(FAT_Misc.o)
                0x1fff80e8                FAT_pDirEntryAPI
 .data          0x1fff80ec        0x4 ..\emFile_V322c\emFile_V322c\LinkLibrary\PSoC5\GCC\libemf32nosnlfn.a(MMC_Drv.o)
 .data.impure_data
                0x1fff80f0       0x60 c:/program files (x86)/cypress/psoc creator/4.2/psoc creator/import/gnu/arm/5.4.1/bin/../lib/gcc/arm-none-eabi/5.4.1/../../../../arm-none-eabi/lib/armv7-m\libg_nano.a(lib_a-impure.o)
 .data._impure_ptr
                0x1fff8150        0x4 c:/program files (x86)/cypress/psoc creator/4.2/psoc creator/import/gnu/arm/5.4.1/bin/../lib/gcc/arm-none-eabi/5.4.1/../../../../arm-none-eabi/lib/armv7-m\libg_nano.a(lib_a-impure.o)
                0x1fff8150                _impure_ptr
                0x1fff8158                . = ALIGN (0x8)
 *fill*         0x1fff8154        0x4 
 *(.ram)
                0x1fff8158                _edata = .

.igot.plt       0x1fff8158        0x0 load address 0x000055b8
 .igot.plt      0x1fff8158        0x0 c:/program files (x86)/cypress/psoc creator/4.2/psoc creator/import/gnu/arm/5.4.1/bin/../lib/gcc/arm-none-eabi/5.4.1/armv7-m/crtbegin.o

.bss            0x1fff8158     0x10d8 load address 0x000055b8
                0x1fff8158                PROVIDE (__bss_start__, .)
 *(.shbss)
 *(.bss .bss.* .gnu.linkonce.b.*)
 .bss           0x1fff8158       0x1c c:/program files (x86)/cypress/psoc creator/4.2/psoc creator/import/gnu/arm/5.4.1/bin/../lib/gcc/arm-none-eabi/5.4.1/armv7-m/crtbegin.o
 *fill*         0x1fff8174        0x4 
 .bss           0x1fff8178        0x4 .\CortexM3\ARM_GCC_541\Debug\cyfitter_cfg.o
 .bss           0x1fff817c        0x2 .\CortexM3\ARM_GCC_541\Debug\SDCard.a(UART.o)
                0x1fff817c                UART_initVar
 *fill*         0x1fff817e        0x2 
 .bss           0x1fff8180        0xc ..\emFile_V322c\emFile_V322c\LinkLibrary\PSoC5\GCC\libemf32nosnlfn.a(FS_Core.o)
 .bss           0x1fff818c     0x1000 .\CortexM3\ARM_GCC_541\Debug\SDCard.a(emFile_ConfigMMC_SPI.o)
 .bss           0x1fff918c       0x14 ..\emFile_V322c\emFile_V322c\LinkLibrary\PSoC5\GCC\libemf32nosnlfn.a(MMC_Drv.o)
 .bss           0x1fff91a0        0x1 .\CortexM3\ARM_GCC_541\Debug\SDCard.a(emFile_MMC_HW_SPI.o)
 .bss           0x1fff91a1        0x1 .\CortexM3\ARM_GCC_541\Debug\SDCard.a(emFile_SPI0.o)
                0x1fff91a1                emFile_SPI0_initVar
 *(COMMON)
 *fill*         0x1fff91a2        0x2 
 COMMON         0x1fff91a4       0x88 ..\emFile_V322c\emFile_V322c\LinkLibrary\PSoC5\GCC\libemf32nosnlfn.a(FS_Core.o)
                0x1fff91a4                FS_Global
                0x1fff9228                FS_NumBytesAllocated
                0x1fff9230                . = ALIGN (0x8)
 *fill*         0x1fff922c        0x4 
 *(.ram.b)
                0x1fff9230                _end = .
                0x1fff9230                __end = .
                0x1fff9230                PROVIDE (end, .)
                0x1fff9230                PROVIDE (__bss_end__, .)
                0x00005528                __cy_region_init_ram = LOADADDR (.data)
                0x00000090                __cy_region_init_size_ram = (_edata - ADDR (.data))
                0x000010d8                __cy_region_zero_size_ram = (_end - _edata)

.heap           0x1fff9230       0x80 load address 0x000055b8
                0x1fff9230                . = _end
                0x1fff92b0                . = (. + 0x80)
 *fill*         0x1fff9230       0x80 
                0x1fff92b0                __cy_heap_limit = .

.stack          0x20007800      0x800
                0x20007800                __cy_stack_limit = .
                0x20008000                . = (. + 0x800)
 *fill*         0x20007800      0x800 
                0x00000001                ASSERT ((__cy_stack_limit >= __cy_heap_limit), region RAM overflowed with stack)
                0x00000000                cy_checksum_exclude_size = (CY_APPL_LOADABLE == 0x1)?SIZEOF (.cy_checksum_exclude):0x0
                0x00000001                ASSERT ((cy_checksum_exclude_size <= CY_CHECKSUM_EXCLUDE_SIZE), CY_BOOT: Section .cy_checksum_exclude size exceedes specified limit.)

.cyloadermeta
 *(.cyloadermeta)

.cyloadablemeta
 *(.cyloadablemeta)

.cyconfigecc    0x80000000     0x1214
 *(.cyconfigecc)
 .cyconfigecc   0x80000000     0x1214 .\CortexM3\ARM_GCC_541\Debug\cymetadata.o
                0x80000000                cy_meta_configecc

.cycustnvl      0x90000000        0x4
 *(.cycustnvl)
 .cycustnvl     0x90000000        0x4 .\CortexM3\ARM_GCC_541\Debug\cymetadata.o
                0x90000000                cy_meta_custnvl

.cywolatch      0x90100000        0x4
 *(.cywolatch)
 .cywolatch     0x90100000        0x4 .\CortexM3\ARM_GCC_541\Debug\cymetadata.o
                0x90100000                cy_meta_wonvl

.cyeeprom       0x90200000        0x0
 *(.cyeeprom)
                0x00000001                ASSERT ((. <= ((0x90200000 + ee_offset) + ee_size)), .cyeeprom data will not fit in EEPROM)

.cyflashprotect
                0x90400000      0x100
 *(.cyflashprotect)
 .cyflashprotect
                0x90400000      0x100 .\CortexM3\ARM_GCC_541\Debug\cymetadata.o
                0x90400000                cy_meta_flashprotect

.cymeta         0x90500000        0xc
 *(.cymeta)
 .cymeta        0x90500000        0xc .\CortexM3\ARM_GCC_541\Debug\cymetadata.o
                0x90500000                cy_metadata

.rel.dyn        0x000055b8        0x0 load address 0x9050000c
 .rel.iplt      0x000055b8        0x0 c:/program files (x86)/cypress/psoc creator/4.2/psoc creator/import/gnu/arm/5.4.1/bin/../lib/gcc/arm-none-eabi/5.4.1/armv7-m/crtbegin.o

.stab
 *(.stab)

.stabstr
 *(.stabstr)

.debug
 *(.debug)

.line
 *(.line)

.debug_srcinfo
 *(.debug_srcinfo)

.debug_sfnames
 *(.debug_sfnames)

.debug_aranges  0x00000000      0x978
 *(.debug_aranges)
 .debug_aranges
                0x00000000       0x28 .\CortexM3\ARM_GCC_541\Debug\main.o
 .debug_aranges
                0x00000028       0x60 .\CortexM3\ARM_GCC_541\Debug\cyfitter_cfg.o
 .debug_aranges
                0x00000088       0x18 .\CortexM3\ARM_GCC_541\Debug\cymetadata.o
 .debug_aranges
                0x000000a0       0x48 .\CortexM3\ARM_GCC_541\Debug\Cm3Start.o
 .debug_aranges
                0x000000e8       0x98 .\CortexM3\ARM_GCC_541\Debug\SDCard.a(LCD.o)
 .debug_aranges
                0x00000180      0x2a0 .\CortexM3\ARM_GCC_541\Debug\SDCard.a(CyLib.o)
 .debug_aranges
                0x00000420       0x98 .\CortexM3\ARM_GCC_541\Debug\SDCard.a(cyPm.o)
 .debug_aranges
                0x000004b8       0xf0 .\CortexM3\ARM_GCC_541\Debug\SDCard.a(UART.o)
 .debug_aranges
                0x000005a8       0x70 .\CortexM3\ARM_GCC_541\Debug\SDCard.a(UART_IntClock.o)
 .debug_aranges
                0x00000618       0x20 .\CortexM3\ARM_GCC_541\Debug\SDCard.a(CyBootAsmGnu.o)
 .debug_aranges
                0x00000638       0x80 .\CortexM3\ARM_GCC_541\Debug\SDCard.a(CyFlash.o)
 .debug_aranges
                0x000006b8       0x78 .\CortexM3\ARM_GCC_541\Debug\SDCard.a(CySpc.o)
 .debug_aranges
                0x00000730       0x28 .\CortexM3\ARM_GCC_541\Debug\SDCard.a(emFile_ConfigMMC_SPI.o)
 .debug_aranges
                0x00000758       0x68 .\CortexM3\ARM_GCC_541\Debug\SDCard.a(emFile_MMC_HW_SPI.o)
 .debug_aranges
                0x000007c0       0xd8 .\CortexM3\ARM_GCC_541\Debug\SDCard.a(emFile_SPI0.o)
 .debug_aranges
                0x00000898       0x70 .\CortexM3\ARM_GCC_541\Debug\SDCard.a(emFile_Clock_1.o)
 .debug_aranges
                0x00000908       0x38 .\CortexM3\ARM_GCC_541\Debug\SDCard.a(emFile_SPI0_CS.o)
 .debug_aranges
                0x00000940       0x38 .\CortexM3\ARM_GCC_541\Debug\SDCard.a(emFile_SPI0_WP.o)

.debug_pubnames
 *(.debug_pubnames)

.debug_info     0x00000000     0x3f7d
 *(.debug_info .gnu.linkonce.wi.*)
 .debug_info    0x00000000      0x185 .\CortexM3\ARM_GCC_541\Debug\main.o
 .debug_info    0x00000185      0x3dd .\CortexM3\ARM_GCC_541\Debug\cyfitter_cfg.o
 .debug_info    0x00000562      0x139 .\CortexM3\ARM_GCC_541\Debug\cymetadata.o
 .debug_info    0x0000069b      0x32b .\CortexM3\ARM_GCC_541\Debug\Cm3Start.o
 .debug_info    0x000009c6      0x3cf .\CortexM3\ARM_GCC_541\Debug\SDCard.a(LCD.o)
 .debug_info    0x00000d95      0xe51 .\CortexM3\ARM_GCC_541\Debug\SDCard.a(CyLib.o)
 .debug_info    0x00001be6      0x57a .\CortexM3\ARM_GCC_541\Debug\SDCard.a(cyPm.o)
 .debug_info    0x00002160      0x50a .\CortexM3\ARM_GCC_541\Debug\SDCard.a(UART.o)
 .debug_info    0x0000266a      0x25d .\CortexM3\ARM_GCC_541\Debug\SDCard.a(UART_IntClock.o)
 .debug_info    0x000028c7       0x9d .\CortexM3\ARM_GCC_541\Debug\SDCard.a(CyBootAsmGnu.o)
 .debug_info    0x00002964      0x371 .\CortexM3\ARM_GCC_541\Debug\SDCard.a(CyFlash.o)
 .debug_info    0x00002cd5      0x45a .\CortexM3\ARM_GCC_541\Debug\SDCard.a(CySpc.o)
 .debug_info    0x0000312f      0x281 .\CortexM3\ARM_GCC_541\Debug\SDCard.a(emFile_ConfigMMC_SPI.o)
 .debug_info    0x000033b0      0x340 .\CortexM3\ARM_GCC_541\Debug\SDCard.a(emFile_MMC_HW_SPI.o)
 .debug_info    0x000036f0      0x3f4 .\CortexM3\ARM_GCC_541\Debug\SDCard.a(emFile_SPI0.o)
 .debug_info    0x00003ae4      0x25d .\CortexM3\ARM_GCC_541\Debug\SDCard.a(emFile_Clock_1.o)
 .debug_info    0x00003d41      0x11e .\CortexM3\ARM_GCC_541\Debug\SDCard.a(emFile_SPI0_CS.o)
 .debug_info    0x00003e5f      0x11e .\CortexM3\ARM_GCC_541\Debug\SDCard.a(emFile_SPI0_WP.o)

.debug_abbrev   0x00000000     0x1456
 *(.debug_abbrev)
 .debug_abbrev  0x00000000       0xf2 .\CortexM3\ARM_GCC_541\Debug\main.o
 .debug_abbrev  0x000000f2      0x183 .\CortexM3\ARM_GCC_541\Debug\cyfitter_cfg.o
 .debug_abbrev  0x00000275       0x77 .\CortexM3\ARM_GCC_541\Debug\cymetadata.o
 .debug_abbrev  0x000002ec      0x1d6 .\CortexM3\ARM_GCC_541\Debug\Cm3Start.o
 .debug_abbrev  0x000004c2      0x120 .\CortexM3\ARM_GCC_541\Debug\SDCard.a(LCD.o)
 .debug_abbrev  0x000005e2      0x217 .\CortexM3\ARM_GCC_541\Debug\SDCard.a(CyLib.o)
 .debug_abbrev  0x000007f9      0x161 .\CortexM3\ARM_GCC_541\Debug\SDCard.a(cyPm.o)
 .debug_abbrev  0x0000095a      0x163 .\CortexM3\ARM_GCC_541\Debug\SDCard.a(UART.o)
 .debug_abbrev  0x00000abd      0x11d .\CortexM3\ARM_GCC_541\Debug\SDCard.a(UART_IntClock.o)
 .debug_abbrev  0x00000bda       0x14 .\CortexM3\ARM_GCC_541\Debug\SDCard.a(CyBootAsmGnu.o)
 .debug_abbrev  0x00000bee      0x13c .\CortexM3\ARM_GCC_541\Debug\SDCard.a(CyFlash.o)
 .debug_abbrev  0x00000d2a      0x16c .\CortexM3\ARM_GCC_541\Debug\SDCard.a(CySpc.o)
 .debug_abbrev  0x00000e96      0x101 .\CortexM3\ARM_GCC_541\Debug\SDCard.a(emFile_ConfigMMC_SPI.o)
 .debug_abbrev  0x00000f97      0x12c .\CortexM3\ARM_GCC_541\Debug\SDCard.a(emFile_MMC_HW_SPI.o)
 .debug_abbrev  0x000010c3      0x156 .\CortexM3\ARM_GCC_541\Debug\SDCard.a(emFile_SPI0.o)
 .debug_abbrev  0x00001219      0x11d .\CortexM3\ARM_GCC_541\Debug\SDCard.a(emFile_Clock_1.o)
 .debug_abbrev  0x00001336       0x90 .\CortexM3\ARM_GCC_541\Debug\SDCard.a(emFile_SPI0_CS.o)
 .debug_abbrev  0x000013c6       0x90 .\CortexM3\ARM_GCC_541\Debug\SDCard.a(emFile_SPI0_WP.o)

.debug_line     0x00000000     0x26fd
 *(.debug_line)
 .debug_line    0x00000000      0x1f6 .\CortexM3\ARM_GCC_541\Debug\main.o
 .debug_line    0x000001f6      0x237 .\CortexM3\ARM_GCC_541\Debug\cyfitter_cfg.o
 .debug_line    0x0000042d      0x141 .\CortexM3\ARM_GCC_541\Debug\cymetadata.o
 .debug_line    0x0000056e      0x1dc .\CortexM3\ARM_GCC_541\Debug\Cm3Start.o
 .debug_line    0x0000074a      0x1e1 .\CortexM3\ARM_GCC_541\Debug\SDCard.a(LCD.o)
 .debug_line    0x0000092b      0x883 .\CortexM3\ARM_GCC_541\Debug\SDCard.a(CyLib.o)
 .debug_line    0x000011ae      0x38e .\CortexM3\ARM_GCC_541\Debug\SDCard.a(cyPm.o)
 .debug_line    0x0000153c      0x2e2 .\CortexM3\ARM_GCC_541\Debug\SDCard.a(UART.o)
 .debug_line    0x0000181e      0x1ac .\CortexM3\ARM_GCC_541\Debug\SDCard.a(UART_IntClock.o)
 .debug_line    0x000019ca       0x66 .\CortexM3\ARM_GCC_541\Debug\SDCard.a(CyBootAsmGnu.o)
 .debug_line    0x00001a30      0x205 .\CortexM3\ARM_GCC_541\Debug\SDCard.a(CyFlash.o)
 .debug_line    0x00001c35      0x212 .\CortexM3\ARM_GCC_541\Debug\SDCard.a(CySpc.o)
 .debug_line    0x00001e47       0xc3 .\CortexM3\ARM_GCC_541\Debug\SDCard.a(emFile_ConfigMMC_SPI.o)
 .debug_line    0x00001f0a      0x2a3 .\CortexM3\ARM_GCC_541\Debug\SDCard.a(emFile_MMC_HW_SPI.o)
 .debug_line    0x000021ad      0x267 .\CortexM3\ARM_GCC_541\Debug\SDCard.a(emFile_SPI0.o)
 .debug_line    0x00002414      0x1ad .\CortexM3\ARM_GCC_541\Debug\SDCard.a(emFile_Clock_1.o)
 .debug_line    0x000025c1       0x9e .\CortexM3\ARM_GCC_541\Debug\SDCard.a(emFile_SPI0_CS.o)
 .debug_line    0x0000265f       0x9e .\CortexM3\ARM_GCC_541\Debug\SDCard.a(emFile_SPI0_WP.o)

.debug_frame    0x00000000     0x2680
 *(.debug_frame)
 .debug_frame   0x00000000       0x58 .\CortexM3\ARM_GCC_541\Debug\main.o
 .debug_frame   0x00000058      0x160 .\CortexM3\ARM_GCC_541\Debug\cyfitter_cfg.o
 .debug_frame   0x000001b8       0xd8 .\CortexM3\ARM_GCC_541\Debug\Cm3Start.o
 .debug_frame   0x00000290      0x260 .\CortexM3\ARM_GCC_541\Debug\SDCard.a(LCD.o)
 .debug_frame   0x000004f0      0xc0c .\CortexM3\ARM_GCC_541\Debug\SDCard.a(CyLib.o)
 .debug_frame   0x000010fc      0x234 .\CortexM3\ARM_GCC_541\Debug\SDCard.a(cyPm.o)
 .debug_frame   0x00001330      0x42c .\CortexM3\ARM_GCC_541\Debug\SDCard.a(UART.o)
 .debug_frame   0x0000175c      0x1b4 .\CortexM3\ARM_GCC_541\Debug\SDCard.a(UART_IntClock.o)
 .debug_frame   0x00001910      0x210 .\CortexM3\ARM_GCC_541\Debug\SDCard.a(CyFlash.o)
 .debug_frame   0x00001b20      0x1f8 .\CortexM3\ARM_GCC_541\Debug\SDCard.a(CySpc.o)
 .debug_frame   0x00001d18       0x54 .\CortexM3\ARM_GCC_541\Debug\SDCard.a(emFile_ConfigMMC_SPI.o)
 .debug_frame   0x00001d6c      0x1a0 .\CortexM3\ARM_GCC_541\Debug\SDCard.a(emFile_MMC_HW_SPI.o)
 .debug_frame   0x00001f0c      0x38c .\CortexM3\ARM_GCC_541\Debug\SDCard.a(emFile_SPI0.o)
 .debug_frame   0x00002298      0x1b4 .\CortexM3\ARM_GCC_541\Debug\SDCard.a(emFile_Clock_1.o)
 .debug_frame   0x0000244c       0xa8 .\CortexM3\ARM_GCC_541\Debug\SDCard.a(emFile_SPI0_CS.o)
 .debug_frame   0x000024f4       0xa8 .\CortexM3\ARM_GCC_541\Debug\SDCard.a(emFile_SPI0_WP.o)
 .debug_frame   0x0000259c       0x20 c:/program files (x86)/cypress/psoc creator/4.2/psoc creator/import/gnu/arm/5.4.1/bin/../lib/gcc/arm-none-eabi/5.4.1/../../../../arm-none-eabi/lib/armv7-m\libg_nano.a(lib_a-errno.o)
 .debug_frame   0x000025bc       0x28 c:/program files (x86)/cypress/psoc creator/4.2/psoc creator/import/gnu/arm/5.4.1/bin/../lib/gcc/arm-none-eabi/5.4.1/../../../../arm-none-eabi/lib/armv7-m\libg_nano.a(lib_a-exit.o)
 .debug_frame   0x000025e4       0x2c c:/program files (x86)/cypress/psoc creator/4.2/psoc creator/import/gnu/arm/5.4.1/bin/../lib/gcc/arm-none-eabi/5.4.1/../../../../arm-none-eabi/lib/armv7-m\libg_nano.a(lib_a-init.o)
 .debug_frame   0x00002610       0x28 c:/program files (x86)/cypress/psoc creator/4.2/psoc creator/import/gnu/arm/5.4.1/bin/../lib/gcc/arm-none-eabi/5.4.1/../../../../arm-none-eabi/lib/armv7-m\libg_nano.a(lib_a-memcmp.o)
 .debug_frame   0x00002638       0x28 c:/program files (x86)/cypress/psoc creator/4.2/psoc creator/import/gnu/arm/5.4.1/bin/../lib/gcc/arm-none-eabi/5.4.1/../../../../arm-none-eabi/lib/armv7-m\libg_nano.a(lib_a-memcpy-stub.o)
 .debug_frame   0x00002660       0x20 c:/program files (x86)/cypress/psoc creator/4.2/psoc creator/import/gnu/arm/5.4.1/bin/../lib/gcc/arm-none-eabi/5.4.1/../../../../arm-none-eabi/lib/armv7-m\libg_nano.a(lib_a-memset.o)

.debug_str      0x00000000     0x1fbd
 *(.debug_str)
 .debug_str     0x00000000      0x19f .\CortexM3\ARM_GCC_541\Debug\main.o
                                0x1e7 (size before relaxing)
 .debug_str     0x0000019f      0x1a2 .\CortexM3\ARM_GCC_541\Debug\cyfitter_cfg.o
                                0x336 (size before relaxing)
 .debug_str     0x00000341       0x7f .\CortexM3\ARM_GCC_541\Debug\cymetadata.o
                                0x1f1 (size before relaxing)
 .debug_str     0x000003c0      0x124 .\CortexM3\ARM_GCC_541\Debug\Cm3Start.o
                                0x2e4 (size before relaxing)
 .debug_str     0x000004e4      0x17d .\CortexM3\ARM_GCC_541\Debug\SDCard.a(LCD.o)
                                0x326 (size before relaxing)
 .debug_str     0x00000661      0x7fd .\CortexM3\ARM_GCC_541\Debug\SDCard.a(CyLib.o)
                                0x9f7 (size before relaxing)
 .debug_str     0x00000e5e      0x371 .\CortexM3\ARM_GCC_541\Debug\SDCard.a(cyPm.o)
                                0x550 (size before relaxing)
 .debug_str     0x000011cf      0x273 .\CortexM3\ARM_GCC_541\Debug\SDCard.a(UART.o)
                                0x42e (size before relaxing)
 .debug_str     0x00001442      0x1aa .\CortexM3\ARM_GCC_541\Debug\SDCard.a(UART_IntClock.o)
                                0x343 (size before relaxing)
 .debug_str     0x000015ec      0x145 .\CortexM3\ARM_GCC_541\Debug\SDCard.a(CyFlash.o)
                                0x303 (size before relaxing)
 .debug_str     0x00001731      0x126 .\CortexM3\ARM_GCC_541\Debug\SDCard.a(CySpc.o)
                                0x300 (size before relaxing)
 .debug_str     0x00001857       0xdf .\CortexM3\ARM_GCC_541\Debug\SDCard.a(emFile_ConfigMMC_SPI.o)
                                0x25b (size before relaxing)
 .debug_str     0x00001936      0x153 .\CortexM3\ARM_GCC_541\Debug\SDCard.a(emFile_MMC_HW_SPI.o)
                                0x30a (size before relaxing)
 .debug_str     0x00001a89      0x2ae .\CortexM3\ARM_GCC_541\Debug\SDCard.a(emFile_SPI0.o)
                                0x489 (size before relaxing)
 .debug_str     0x00001d37      0x16b .\CortexM3\ARM_GCC_541\Debug\SDCard.a(emFile_Clock_1.o)
                                0x34f (size before relaxing)
 .debug_str     0x00001ea2       0x93 .\CortexM3\ARM_GCC_541\Debug\SDCard.a(emFile_SPI0_CS.o)
                                0x21c (size before relaxing)
 .debug_str     0x00001f35       0x88 .\CortexM3\ARM_GCC_541\Debug\SDCard.a(emFile_SPI0_WP.o)
                                0x21c (size before relaxing)

.debug_loc
 *(.debug_loc)

.debug_macinfo
 *(.debug_macinfo)

.debug_ranges   0x00000000      0x840
 *(.debug_ranges)
 .debug_ranges  0x00000000       0x18 .\CortexM3\ARM_GCC_541\Debug\main.o
 .debug_ranges  0x00000018       0x50 .\CortexM3\ARM_GCC_541\Debug\cyfitter_cfg.o
 .debug_ranges  0x00000068       0x38 .\CortexM3\ARM_GCC_541\Debug\Cm3Start.o
 .debug_ranges  0x000000a0       0x88 .\CortexM3\ARM_GCC_541\Debug\SDCard.a(LCD.o)
 .debug_ranges  0x00000128      0x290 .\CortexM3\ARM_GCC_541\Debug\SDCard.a(CyLib.o)
 .debug_ranges  0x000003b8       0x88 .\CortexM3\ARM_GCC_541\Debug\SDCard.a(cyPm.o)
 .debug_ranges  0x00000440       0xe0 .\CortexM3\ARM_GCC_541\Debug\SDCard.a(UART.o)
 .debug_ranges  0x00000520       0x60 .\CortexM3\ARM_GCC_541\Debug\SDCard.a(UART_IntClock.o)
 .debug_ranges  0x00000580       0x70 .\CortexM3\ARM_GCC_541\Debug\SDCard.a(CyFlash.o)
 .debug_ranges  0x000005f0       0x68 .\CortexM3\ARM_GCC_541\Debug\SDCard.a(CySpc.o)
 .debug_ranges  0x00000658       0x18 .\CortexM3\ARM_GCC_541\Debug\SDCard.a(emFile_ConfigMMC_SPI.o)
 .debug_ranges  0x00000670       0x58 .\CortexM3\ARM_GCC_541\Debug\SDCard.a(emFile_MMC_HW_SPI.o)
 .debug_ranges  0x000006c8       0xc8 .\CortexM3\ARM_GCC_541\Debug\SDCard.a(emFile_SPI0.o)
 .debug_ranges  0x00000790       0x60 .\CortexM3\ARM_GCC_541\Debug\SDCard.a(emFile_Clock_1.o)
 .debug_ranges  0x000007f0       0x28 .\CortexM3\ARM_GCC_541\Debug\SDCard.a(emFile_SPI0_CS.o)
 .debug_ranges  0x00000818       0x28 .\CortexM3\ARM_GCC_541\Debug\SDCard.a(emFile_SPI0_WP.o)

.comment        0x00000000      0x5a3
 .comment       0x00000000       0x6e .\CortexM3\ARM_GCC_541\Debug\main.o
                                 0x6f (size before relaxing)
 .comment       0x0000006e       0x6f .\CortexM3\ARM_GCC_541\Debug\cyfitter_cfg.o
 .comment       0x0000006e       0x6f .\CortexM3\ARM_GCC_541\Debug\cymetadata.o
 .comment       0x0000006e       0x6f .\CortexM3\ARM_GCC_541\Debug\Cm3Start.o
 .comment       0x0000006e       0x6f .\CortexM3\ARM_GCC_541\Debug\SDCard.a(LCD.o)
 .comment       0x0000006e       0x6f .\CortexM3\ARM_GCC_541\Debug\SDCard.a(CyLib.o)
 .comment       0x0000006e       0x6f .\CortexM3\ARM_GCC_541\Debug\SDCard.a(cyPm.o)
 .comment       0x0000006e       0x6f .\CortexM3\ARM_GCC_541\Debug\SDCard.a(UART.o)
 .comment       0x0000006e       0x6f .\CortexM3\ARM_GCC_541\Debug\SDCard.a(UART_IntClock.o)
 .comment       0x0000006e       0x6f .\CortexM3\ARM_GCC_541\Debug\SDCard.a(CyFlash.o)
 .comment       0x0000006e       0x6f .\CortexM3\ARM_GCC_541\Debug\SDCard.a(CySpc.o)
 .comment       0x0000006e       0x2b ..\emFile_V322c\emFile_V322c\LinkLibrary\PSoC5\GCC\libemf32nosnlfn.a(FAT_FormatSD.o)
 .comment       0x00000099       0x2b ..\emFile_V322c\emFile_V322c\LinkLibrary\PSoC5\GCC\libemf32nosnlfn.a(FAT_Misc.o)
 .comment       0x000000c4       0x2b ..\emFile_V322c\emFile_V322c\LinkLibrary\PSoC5\GCC\libemf32nosnlfn.a(FAT_Open.o)
 .comment       0x000000ef       0x2b ..\emFile_V322c\emFile_V322c\LinkLibrary\PSoC5\GCC\libemf32nosnlfn.a(FAT_Write.o)
 .comment       0x0000011a       0x2b ..\emFile_V322c\emFile_V322c\LinkLibrary\PSoC5\GCC\libemf32nosnlfn.a(FS_CLib.o)
 .comment       0x00000145       0x2b ..\emFile_V322c\emFile_V322c\LinkLibrary\PSoC5\GCC\libemf32nosnlfn.a(FS_CopyFile.o)
 .comment       0x00000170       0x2b ..\emFile_V322c\emFile_V322c\LinkLibrary\PSoC5\GCC\libemf32nosnlfn.a(FS_Core.o)
 .comment       0x0000019b       0x2b ..\emFile_V322c\emFile_V322c\LinkLibrary\PSoC5\GCC\libemf32nosnlfn.a(FS_Dir.o)
 .comment       0x000001c6       0x2b ..\emFile_V322c\emFile_V322c\LinkLibrary\PSoC5\GCC\libemf32nosnlfn.a(FS_GetFileSize.o)
 .comment       0x000001f1       0x2b ..\emFile_V322c\emFile_V322c\LinkLibrary\PSoC5\GCC\libemf32nosnlfn.a(FS_LogBlock.o)
 .comment       0x0000021c       0x2b ..\emFile_V322c\emFile_V322c\LinkLibrary\PSoC5\GCC\libemf32nosnlfn.a(FS_memcpy.o)
 .comment       0x00000247       0x2b ..\emFile_V322c\emFile_V322c\LinkLibrary\PSoC5\GCC\libemf32nosnlfn.a(FS_Misc.o)
 .comment       0x00000272       0x2b ..\emFile_V322c\emFile_V322c\LinkLibrary\PSoC5\GCC\libemf32nosnlfn.a(FS_Read.o)
 .comment       0x0000029d       0x2b ..\emFile_V322c\emFile_V322c\LinkLibrary\PSoC5\GCC\libemf32nosnlfn.a(FS_SetEndOfFile.o)
 .comment       0x000002c8       0x2b ..\emFile_V322c\emFile_V322c\LinkLibrary\PSoC5\GCC\libemf32nosnlfn.a(FS_Storage.o)
 .comment       0x000002f3       0x2b ..\emFile_V322c\emFile_V322c\LinkLibrary\PSoC5\GCC\libemf32nosnlfn.a(FS_Time.o)
 .comment       0x0000031e       0x2b ..\emFile_V322c\emFile_V322c\LinkLibrary\PSoC5\GCC\libemf32nosnlfn.a(FS_Unmount.o)
 .comment       0x00000349       0x2b ..\emFile_V322c\emFile_V322c\LinkLibrary\PSoC5\GCC\libemf32nosnlfn.a(FS_Volume.o)
 .comment       0x00000374       0x2b ..\emFile_V322c\emFile_V322c\LinkLibrary\PSoC5\GCC\libemf32nosnlfn.a(FS_Write.o)
 .comment       0x0000039f       0x2b ..\emFile_V322c\emFile_V322c\LinkLibrary\PSoC5\GCC\libemf32nosnlfn.a(FAT_CheckDisk.o)
 .comment       0x000003ca       0x2b ..\emFile_V322c\emFile_V322c\LinkLibrary\PSoC5\GCC\libemf32nosnlfn.a(FAT_Dir.o)
 .comment       0x000003f5       0x2b ..\emFile_V322c\emFile_V322c\LinkLibrary\PSoC5\GCC\libemf32nosnlfn.a(FAT_DirEntry.o)
 .comment       0x00000420       0x2b ..\emFile_V322c\emFile_V322c\LinkLibrary\PSoC5\GCC\libemf32nosnlfn.a(FAT_DiskInfo.o)
 .comment       0x0000044b       0x2b ..\emFile_V322c\emFile_V322c\LinkLibrary\PSoC5\GCC\libemf32nosnlfn.a(FAT_Format.o)
 .comment       0x00000476       0x2b ..\emFile_V322c\emFile_V322c\LinkLibrary\PSoC5\GCC\libemf32nosnlfn.a(FAT_Read.o)
 .comment       0x000004a1       0x2b ..\emFile_V322c\emFile_V322c\LinkLibrary\PSoC5\GCC\libemf32nosnlfn.a(FAT_SetEndOfFile.o)
 .comment       0x000004cc       0x2b ..\emFile_V322c\emFile_V322c\LinkLibrary\PSoC5\GCC\libemf32nosnlfn.a(FAT_VolumeLabel.o)
 .comment       0x000004f7       0x2b ..\emFile_V322c\emFile_V322c\LinkLibrary\PSoC5\GCC\libemf32nosnlfn.a(FS_Attrib.o)
 .comment       0x00000522       0x2b ..\emFile_V322c\emFile_V322c\LinkLibrary\PSoC5\GCC\libemf32nosnlfn.a(FS_Partition.o)
 .comment       0x0000054d       0x6f .\CortexM3\ARM_GCC_541\Debug\SDCard.a(emFile_ConfigMMC_SPI.o)
 .comment       0x0000054d       0x2b ..\emFile_V322c\emFile_V322c\LinkLibrary\PSoC5\GCC\libemf32nosnlfn.a(MMC_Drv.o)
 .comment       0x00000578       0x2b ..\emFile_V322c\emFile_V322c\LinkLibrary\PSoC5\GCC\libemf32nosnlfn.a(FS_CRC16.o)
 .comment       0x000005a3       0x6f .\CortexM3\ARM_GCC_541\Debug\SDCard.a(emFile_MMC_HW_SPI.o)
 .comment       0x000005a3       0x6f .\CortexM3\ARM_GCC_541\Debug\SDCard.a(emFile_SPI0.o)
 .comment       0x000005a3       0x6f .\CortexM3\ARM_GCC_541\Debug\SDCard.a(emFile_Clock_1.o)
 .comment       0x000005a3       0x6f .\CortexM3\ARM_GCC_541\Debug\SDCard.a(emFile_SPI0_CS.o)
 .comment       0x000005a3       0x6f .\CortexM3\ARM_GCC_541\Debug\SDCard.a(emFile_SPI0_WP.o)

.debug_weaknames
 *(.debug_weaknames)

.debug_funcnames
 *(.debug_funcnames)

.debug_typenames
 *(.debug_typenames)

.debug_varnames
 *(.debug_varnames)

.note.gnu.arm.ident
 *(.note.gnu.arm.ident)

.ARM.attributes
                0x00000000       0x29
 *(.ARM.attributes)
 .ARM.attributes
                0x00000000       0x1d c:/program files (x86)/cypress/psoc creator/4.2/psoc creator/import/gnu/arm/5.4.1/bin/../lib/gcc/arm-none-eabi/5.4.1/armv7-m/crti.o
 .ARM.attributes
                0x0000001d       0x2d c:/program files (x86)/cypress/psoc creator/4.2/psoc creator/import/gnu/arm/5.4.1/bin/../lib/gcc/arm-none-eabi/5.4.1/armv7-m/crtbegin.o
 .ARM.attributes
                0x0000004a       0x1b c:/program files (x86)/cypress/psoc creator/4.2/psoc creator/import/gnu/arm/5.4.1/bin/../lib/gcc/arm-none-eabi/5.4.1/../../../../arm-none-eabi/lib/armv7-m/crt0.o
 .ARM.attributes
                0x00000065       0x33 .\CortexM3\ARM_GCC_541\Debug\main.o
 .ARM.attributes
                0x00000098       0x33 .\CortexM3\ARM_GCC_541\Debug\cyfitter_cfg.o
 .ARM.attributes
                0x000000cb       0x33 .\CortexM3\ARM_GCC_541\Debug\cymetadata.o
 .ARM.attributes
                0x000000fe       0x33 .\CortexM3\ARM_GCC_541\Debug\Cm3Start.o
 .ARM.attributes
                0x00000131       0x33 .\CortexM3\ARM_GCC_541\Debug\SDCard.a(LCD.o)
 .ARM.attributes
                0x00000164       0x33 .\CortexM3\ARM_GCC_541\Debug\SDCard.a(CyLib.o)
 .ARM.attributes
                0x00000197       0x33 .\CortexM3\ARM_GCC_541\Debug\SDCard.a(cyPm.o)
 .ARM.attributes
                0x000001ca       0x33 .\CortexM3\ARM_GCC_541\Debug\SDCard.a(UART.o)
 .ARM.attributes
                0x000001fd       0x33 .\CortexM3\ARM_GCC_541\Debug\SDCard.a(UART_IntClock.o)
 .ARM.attributes
                0x00000230       0x21 .\CortexM3\ARM_GCC_541\Debug\SDCard.a(CyBootAsmGnu.o)
 .ARM.attributes
                0x00000251       0x33 .\CortexM3\ARM_GCC_541\Debug\SDCard.a(CyFlash.o)
 .ARM.attributes
                0x00000284       0x33 .\CortexM3\ARM_GCC_541\Debug\SDCard.a(CySpc.o)
 .ARM.attributes
                0x000002b7       0x31 ..\emFile_V322c\emFile_V322c\LinkLibrary\PSoC5\GCC\libemf32nosnlfn.a(FAT_FormatSD.o)
 .ARM.attributes
                0x000002e8       0x31 ..\emFile_V322c\emFile_V322c\LinkLibrary\PSoC5\GCC\libemf32nosnlfn.a(FAT_Misc.o)
 .ARM.attributes
                0x00000319       0x31 ..\emFile_V322c\emFile_V322c\LinkLibrary\PSoC5\GCC\libemf32nosnlfn.a(FAT_Open.o)
 .ARM.attributes
                0x0000034a       0x31 ..\emFile_V322c\emFile_V322c\LinkLibrary\PSoC5\GCC\libemf32nosnlfn.a(FAT_Write.o)
 .ARM.attributes
                0x0000037b       0x31 ..\emFile_V322c\emFile_V322c\LinkLibrary\PSoC5\GCC\libemf32nosnlfn.a(FS_CLib.o)
 .ARM.attributes
                0x000003ac       0x31 ..\emFile_V322c\emFile_V322c\LinkLibrary\PSoC5\GCC\libemf32nosnlfn.a(FS_CopyFile.o)
 .ARM.attributes
                0x000003dd       0x31 ..\emFile_V322c\emFile_V322c\LinkLibrary\PSoC5\GCC\libemf32nosnlfn.a(FS_Core.o)
 .ARM.attributes
                0x0000040e       0x31 ..\emFile_V322c\emFile_V322c\LinkLibrary\PSoC5\GCC\libemf32nosnlfn.a(FS_Dir.o)
 .ARM.attributes
                0x0000043f       0x31 ..\emFile_V322c\emFile_V322c\LinkLibrary\PSoC5\GCC\libemf32nosnlfn.a(FS_GetFileSize.o)
 .ARM.attributes
                0x00000470       0x31 ..\emFile_V322c\emFile_V322c\LinkLibrary\PSoC5\GCC\libemf32nosnlfn.a(FS_LogBlock.o)
 .ARM.attributes
                0x000004a1       0x31 ..\emFile_V322c\emFile_V322c\LinkLibrary\PSoC5\GCC\libemf32nosnlfn.a(FS_memcpy.o)
 .ARM.attributes
                0x000004d2       0x31 ..\emFile_V322c\emFile_V322c\LinkLibrary\PSoC5\GCC\libemf32nosnlfn.a(FS_Misc.o)
 .ARM.attributes
                0x00000503       0x31 ..\emFile_V322c\emFile_V322c\LinkLibrary\PSoC5\GCC\libemf32nosnlfn.a(FS_Read.o)
 .ARM.attributes
                0x00000534       0x31 ..\emFile_V322c\emFile_V322c\LinkLibrary\PSoC5\GCC\libemf32nosnlfn.a(FS_SetEndOfFile.o)
 .ARM.attributes
                0x00000565       0x31 ..\emFile_V322c\emFile_V322c\LinkLibrary\PSoC5\GCC\libemf32nosnlfn.a(FS_Storage.o)
 .ARM.attributes
                0x00000596       0x31 ..\emFile_V322c\emFile_V322c\LinkLibrary\PSoC5\GCC\libemf32nosnlfn.a(FS_Time.o)
 .ARM.attributes
                0x000005c7       0x31 ..\emFile_V322c\emFile_V322c\LinkLibrary\PSoC5\GCC\libemf32nosnlfn.a(FS_Unmount.o)
 .ARM.attributes
                0x000005f8       0x31 ..\emFile_V322c\emFile_V322c\LinkLibrary\PSoC5\GCC\libemf32nosnlfn.a(FS_Volume.o)
 .ARM.attributes
                0x00000629       0x31 ..\emFile_V322c\emFile_V322c\LinkLibrary\PSoC5\GCC\libemf32nosnlfn.a(FS_Write.o)
 .ARM.attributes
                0x0000065a       0x31 ..\emFile_V322c\emFile_V322c\LinkLibrary\PSoC5\GCC\libemf32nosnlfn.a(FAT_CheckDisk.o)
 .ARM.attributes
                0x0000068b       0x31 ..\emFile_V322c\emFile_V322c\LinkLibrary\PSoC5\GCC\libemf32nosnlfn.a(FAT_Dir.o)
 .ARM.attributes
                0x000006bc       0x31 ..\emFile_V322c\emFile_V322c\LinkLibrary\PSoC5\GCC\libemf32nosnlfn.a(FAT_DirEntry.o)
 .ARM.attributes
                0x000006ed       0x31 ..\emFile_V322c\emFile_V322c\LinkLibrary\PSoC5\GCC\libemf32nosnlfn.a(FAT_DiskInfo.o)
 .ARM.attributes
                0x0000071e       0x31 ..\emFile_V322c\emFile_V322c\LinkLibrary\PSoC5\GCC\libemf32nosnlfn.a(FAT_Format.o)
 .ARM.attributes
                0x0000074f       0x31 ..\emFile_V322c\emFile_V322c\LinkLibrary\PSoC5\GCC\libemf32nosnlfn.a(FAT_Read.o)
 .ARM.attributes
                0x00000780       0x31 ..\emFile_V322c\emFile_V322c\LinkLibrary\PSoC5\GCC\libemf32nosnlfn.a(FAT_SetEndOfFile.o)
 .ARM.attributes
                0x000007b1       0x31 ..\emFile_V322c\emFile_V322c\LinkLibrary\PSoC5\GCC\libemf32nosnlfn.a(FAT_VolumeLabel.o)
 .ARM.attributes
                0x000007e2       0x31 ..\emFile_V322c\emFile_V322c\LinkLibrary\PSoC5\GCC\libemf32nosnlfn.a(FS_Attrib.o)
 .ARM.attributes
                0x00000813       0x31 ..\emFile_V322c\emFile_V322c\LinkLibrary\PSoC5\GCC\libemf32nosnlfn.a(FS_Partition.o)
 .ARM.attributes
                0x00000844       0x33 .\CortexM3\ARM_GCC_541\Debug\SDCard.a(emFile_ConfigMMC_SPI.o)
 .ARM.attributes
                0x00000877       0x31 ..\emFile_V322c\emFile_V322c\LinkLibrary\PSoC5\GCC\libemf32nosnlfn.a(MMC_Drv.o)
 .ARM.attributes
                0x000008a8       0x31 ..\emFile_V322c\emFile_V322c\LinkLibrary\PSoC5\GCC\libemf32nosnlfn.a(FS_CRC16.o)
 .ARM.attributes
                0x000008d9       0x33 .\CortexM3\ARM_GCC_541\Debug\SDCard.a(emFile_MMC_HW_SPI.o)
 .ARM.attributes
                0x0000090c       0x33 .\CortexM3\ARM_GCC_541\Debug\SDCard.a(emFile_SPI0.o)
 .ARM.attributes
                0x0000093f       0x33 .\CortexM3\ARM_GCC_541\Debug\SDCard.a(emFile_Clock_1.o)
 .ARM.attributes
                0x00000972       0x33 .\CortexM3\ARM_GCC_541\Debug\SDCard.a(emFile_SPI0_CS.o)
 .ARM.attributes
                0x000009a5       0x33 .\CortexM3\ARM_GCC_541\Debug\SDCard.a(emFile_SPI0_WP.o)
 .ARM.attributes
                0x000009d8       0x2d c:/program files (x86)/cypress/psoc creator/4.2/psoc creator/import/gnu/arm/5.4.1/bin/../lib/gcc/arm-none-eabi/5.4.1/../../../../arm-none-eabi/lib/armv7-m\libg_nano.a(lib_a-errno.o)
 .ARM.attributes
                0x00000a05       0x2d c:/program files (x86)/cypress/psoc creator/4.2/psoc creator/import/gnu/arm/5.4.1/bin/../lib/gcc/arm-none-eabi/5.4.1/../../../../arm-none-eabi/lib/armv7-m\libg_nano.a(lib_a-exit.o)
 .ARM.attributes
                0x00000a32       0x2d c:/program files (x86)/cypress/psoc creator/4.2/psoc creator/import/gnu/arm/5.4.1/bin/../lib/gcc/arm-none-eabi/5.4.1/../../../../arm-none-eabi/lib/armv7-m\libg_nano.a(lib_a-impure.o)
 .ARM.attributes
                0x00000a5f       0x2d c:/program files (x86)/cypress/psoc creator/4.2/psoc creator/import/gnu/arm/5.4.1/bin/../lib/gcc/arm-none-eabi/5.4.1/../../../../arm-none-eabi/lib/armv7-m\libg_nano.a(lib_a-init.o)
 .ARM.attributes
                0x00000a8c       0x2d c:/program files (x86)/cypress/psoc creator/4.2/psoc creator/import/gnu/arm/5.4.1/bin/../lib/gcc/arm-none-eabi/5.4.1/../../../../arm-none-eabi/lib/armv7-m\libg_nano.a(lib_a-memcmp.o)
 .ARM.attributes
                0x00000ab9       0x2d c:/program files (x86)/cypress/psoc creator/4.2/psoc creator/import/gnu/arm/5.4.1/bin/../lib/gcc/arm-none-eabi/5.4.1/../../../../arm-none-eabi/lib/armv7-m\libg_nano.a(lib_a-memcpy-stub.o)
 .ARM.attributes
                0x00000ae6       0x2d c:/program files (x86)/cypress/psoc creator/4.2/psoc creator/import/gnu/arm/5.4.1/bin/../lib/gcc/arm-none-eabi/5.4.1/../../../../arm-none-eabi/lib/armv7-m\libg_nano.a(lib_a-memset.o)
 .ARM.attributes
                0x00000b13       0x17 c:/program files (x86)/cypress/psoc creator/4.2/psoc creator/import/gnu/arm/5.4.1/bin/../lib/gcc/arm-none-eabi/5.4.1/../../../../arm-none-eabi/lib/armv7-m\libg_nano.a(lib_a-strlen.o)
 .ARM.attributes
                0x00000b2a       0x2d c:/program files (x86)/cypress/psoc creator/4.2/psoc creator/import/gnu/arm/5.4.1/bin/../lib/gcc/arm-none-eabi/5.4.1/armv7-m/crtend.o
 .ARM.attributes
                0x00000b57       0x1d c:/program files (x86)/cypress/psoc creator/4.2/psoc creator/import/gnu/arm/5.4.1/bin/../lib/gcc/arm-none-eabi/5.4.1/armv7-m/crtn.o

/DISCARD/
 *(.note.GNU-stack)
OUTPUT(C:\Users\Albert Sandager\Documents\GitHub\P4-ViewCare\PSoC\SDCard\SDCard.cydsn\CortexM3\ARM_GCC_541\Debug\SDCard.elf elf32-littlearm)
