Archive member included to satisfy reference by file (symbol)

.\CortexM3\ARM_GCC_541\Debug\SDCard.a(CyLib.o)
                              .\CortexM3\ARM_GCC_541\Debug\Cm3Start.o (CyResetStatus)
.\CortexM3\ARM_GCC_541\Debug\SDCard.a(cyPm.o)
                              .\CortexM3\ARM_GCC_541\Debug\SDCard.a(CyLib.o) (CyPmReadStatus)
.\CortexM3\ARM_GCC_541\Debug\SDCard.a(UART.o)
                              .\CortexM3\ARM_GCC_541\Debug\main.o (UART_Start)
.\CortexM3\ARM_GCC_541\Debug\SDCard.a(UART_IntClock.o)
                              .\CortexM3\ARM_GCC_541\Debug\SDCard.a(UART.o) (UART_IntClock_Start)
.\CortexM3\ARM_GCC_541\Debug\SDCard.a(CyBootAsmGnu.o)
                              .\CortexM3\ARM_GCC_541\Debug\cyfitter_cfg.o (CyDelayCycles)
.\CortexM3\ARM_GCC_541\Debug\SDCard.a(CyFlash.o)
                              .\CortexM3\ARM_GCC_541\Debug\SDCard.a(cyPm.o) (CyFlash_SetWaitCycles)
.\CortexM3\ARM_GCC_541\Debug\SDCard.a(CySpc.o)
                              .\CortexM3\ARM_GCC_541\Debug\SDCard.a(CyFlash.o) (CySpcStart)
..\emFile_V322c\emFile_V322c\LinkLibrary\PSoC5\GCC\libemf32noslfn.a(FAT_FormatSD.o)
                              .\CortexM3\ARM_GCC_541\Debug\main.o (FS_FormatSD)
..\emFile_V322c\emFile_V322c\LinkLibrary\PSoC5\GCC\libemf32noslfn.a(FAT_Misc.o)
                              ..\emFile_V322c\emFile_V322c\LinkLibrary\PSoC5\GCC\libemf32noslfn.a(FAT_FormatSD.o) (FS_FAT_GetFATType)
..\emFile_V322c\emFile_V322c\LinkLibrary\PSoC5\GCC\libemf32noslfn.a(FAT_Open.o)
                              ..\emFile_V322c\emFile_V322c\LinkLibrary\PSoC5\GCC\libemf32noslfn.a(FAT_Misc.o) (FS_FAT_InitDirEntryScan)
..\emFile_V322c\emFile_V322c\LinkLibrary\PSoC5\GCC\libemf32noslfn.a(FAT_Write.o)
                              ..\emFile_V322c\emFile_V322c\LinkLibrary\PSoC5\GCC\libemf32noslfn.a(FAT_Misc.o) (FS_FAT_Close)
..\emFile_V322c\emFile_V322c\LinkLibrary\PSoC5\GCC\libemf32noslfn.a(FS_CLib.o)
                              ..\emFile_V322c\emFile_V322c\LinkLibrary\PSoC5\GCC\libemf32noslfn.a(FAT_Open.o) (FS__CLIB_memcmp)
..\emFile_V322c\emFile_V322c\LinkLibrary\PSoC5\GCC\libemf32noslfn.a(FS_CopyFile.o)
                              .\CortexM3\ARM_GCC_541\Debug\main.o (FS_CopyFile)
..\emFile_V322c\emFile_V322c\LinkLibrary\PSoC5\GCC\libemf32noslfn.a(FS_Core.o)
                              ..\emFile_V322c\emFile_V322c\LinkLibrary\PSoC5\GCC\libemf32noslfn.a(FAT_FormatSD.o) (FS__DivideU32Up)
..\emFile_V322c\emFile_V322c\LinkLibrary\PSoC5\GCC\libemf32noslfn.a(FS_Dir.o)
                              .\CortexM3\ARM_GCC_541\Debug\main.o (FS_MkDir)
..\emFile_V322c\emFile_V322c\LinkLibrary\PSoC5\GCC\libemf32noslfn.a(FS_GetFileSize.o)
                              ..\emFile_V322c\emFile_V322c\LinkLibrary\PSoC5\GCC\libemf32noslfn.a(FS_CopyFile.o) (FS__GetFileSize)
..\emFile_V322c\emFile_V322c\LinkLibrary\PSoC5\GCC\libemf32noslfn.a(FS_LogBlock.o)
                              ..\emFile_V322c\emFile_V322c\LinkLibrary\PSoC5\GCC\libemf32noslfn.a(FAT_FormatSD.o) (FS_LB_GetStatus)
..\emFile_V322c\emFile_V322c\LinkLibrary\PSoC5\GCC\libemf32noslfn.a(FS_memcpy.o)
                              ..\emFile_V322c\emFile_V322c\LinkLibrary\PSoC5\GCC\libemf32noslfn.a(FAT_Open.o) (FS_memcpy)
..\emFile_V322c\emFile_V322c\LinkLibrary\PSoC5\GCC\libemf32noslfn.a(FS_Misc.o)
                              ..\emFile_V322c\emFile_V322c\LinkLibrary\PSoC5\GCC\libemf32noslfn.a(FAT_FormatSD.o) (FS__AllocSectorBuffer)
..\emFile_V322c\emFile_V322c\LinkLibrary\PSoC5\GCC\libemf32noslfn.a(FS_Read.o)
                              ..\emFile_V322c\emFile_V322c\LinkLibrary\PSoC5\GCC\libemf32noslfn.a(FS_CopyFile.o) (FS__Read)
..\emFile_V322c\emFile_V322c\LinkLibrary\PSoC5\GCC\libemf32noslfn.a(FS_SetEndOfFile.o)
                              ..\emFile_V322c\emFile_V322c\LinkLibrary\PSoC5\GCC\libemf32noslfn.a(FS_CopyFile.o) (FS__SetEndOfFile)
..\emFile_V322c\emFile_V322c\LinkLibrary\PSoC5\GCC\libemf32noslfn.a(FS_Storage.o)
                              .\CortexM3\ARM_GCC_541\Debug\main.o (FS_GetVolumeName)
..\emFile_V322c\emFile_V322c\LinkLibrary\PSoC5\GCC\libemf32noslfn.a(FS_Time.o)
                              ..\emFile_V322c\emFile_V322c\LinkLibrary\PSoC5\GCC\libemf32noslfn.a(FS_CopyFile.o) (FS__SetFileTimeEx)
..\emFile_V322c\emFile_V322c\LinkLibrary\PSoC5\GCC\libemf32noslfn.a(FS_Unmount.o)
                              ..\emFile_V322c\emFile_V322c\LinkLibrary\PSoC5\GCC\libemf32noslfn.a(FS_Misc.o) (FS__UnmountForcedNL)
..\emFile_V322c\emFile_V322c\LinkLibrary\PSoC5\GCC\libemf32noslfn.a(FS_Volume.o)
                              ..\emFile_V322c\emFile_V322c\LinkLibrary\PSoC5\GCC\libemf32noslfn.a(FAT_Misc.o) (FS__AutoMount)
..\emFile_V322c\emFile_V322c\LinkLibrary\PSoC5\GCC\libemf32noslfn.a(FS_Write.o)
                              ..\emFile_V322c\emFile_V322c\LinkLibrary\PSoC5\GCC\libemf32noslfn.a(FS_CopyFile.o) (FS__Write)
..\emFile_V322c\emFile_V322c\LinkLibrary\PSoC5\GCC\libemf32noslfn.a(FAT_CheckDisk.o)
[...]
Memory Configuration

Name             Origin             Length             Attributes
rom              0x00000000         0x00040000         xr
ram              0x1fff8000         0x00010000         xrw
*default*        0x00000000         0xffffffff

Linker script and memory map

LOAD c:/program files (x86)/cypress/psoc creator/4.2/psoc creator/import/gnu/arm/5.4.1/bin/../lib/gcc/arm-none-eabi/5.4.1/armv7-m/crti.o
LOAD c:/program files (x86)/cypress/psoc creator/4.2/psoc creator/import/gnu/arm/5.4.1/bin/../lib/gcc/arm-none-eabi/5.4.1/armv7-m/crtbegin.o
LOAD c:/program files (x86)/cypress/psoc creator/4.2/psoc creator/import/gnu/arm/5.4.1/bin/../lib/gcc/arm-none-eabi/5.4.1/../../../../arm-none-eabi/lib/armv7-m/crt0.o
START GROUP
LOAD .\CortexM3\ARM_GCC_541\Debug\main.o
LOAD .\CortexM3\ARM_GCC_541\Debug\cyfitter_cfg.o
LOAD .\CortexM3\ARM_GCC_541\Debug\cymetadata.o
LOAD .\CortexM3\ARM_GCC_541\Debug\Cm3Start.o
LOAD .\CortexM3\ARM_GCC_541\Debug\SDCard.a
LOAD C:\Program Files (x86)\Cypress\PSoC Creator\4.2\PSoC Creator\psoc\content\cycomponentlibrary\CyComponentLibrary.cylib\CortexM3\ARM_GCC_541\Debug\CyComponentLibrary.a
LOAD ..\emFile_V322c\emFile_V322c\LinkLibrary\PSoC5\GCC\libemf32noslfn.a
END GROUP
START GROUP
LOAD c:/program files (x86)/cypress/psoc creator/4.2/psoc creator/import/gnu/arm/5.4.1/bin/../lib/gcc/arm-none-eabi/5.4.1/armv7-m\libgcc.a
LOAD c:/program files (x86)/cypress/psoc creator/4.2/psoc creator/import/gnu/arm/5.4.1/bin/../lib/gcc/arm-none-eabi/5.4.1/../../../../arm-none-eabi/lib/armv7-m\libg_nano.a
LOAD c:/program files (x86)/cypress/psoc creator/4.2/psoc creator/import/gnu/arm/5.4.1/bin/../lib/gcc/arm-none-eabi/5.4.1/../../../../arm-none-eabi/lib/armv7-m\libc_nano.a
END GROUP
START GROUP
LOAD c:/program files (x86)/cypress/psoc creator/4.2/psoc creator/import/gnu/arm/5.4.1/bin/../lib/gcc/arm-none-eabi/5.4.1/armv7-m\libgcc.a
LOAD c:/program files (x86)/cypress/psoc creator/4.2/psoc creator/import/gnu/arm/5.4.1/bin/../lib/gcc/arm-none-eabi/5.4.1/../../../../arm-none-eabi/lib/armv7-m\libc_nano.a
END GROUP
LOAD c:/program files (x86)/cypress/psoc creator/4.2/psoc creator/import/gnu/arm/5.4.1/bin/../lib/gcc/arm-none-eabi/5.4.1/armv7-m/crtend.o
LOAD c:/program files (x86)/cypress/psoc creator/4.2/psoc creator/import/gnu/arm/5.4.1/bin/../lib/gcc/arm-none-eabi/5.4.1/armv7-m/crtn.o
START GROUP
LOAD c:/program files (x86)/cypress/psoc creator/4.2/psoc creator/import/gnu/arm/5.4.1/bin/../lib/gcc/arm-none-eabi/5.4.1/armv7-m\libgcc.a
LOAD c:/program files (x86)/cypress/psoc creator/4.2/psoc creator/import/gnu/arm/5.4.1/bin/../lib/gcc/arm-none-eabi/5.4.1/../../../../arm-none-eabi/lib/armv7-m\libc.a
LOAD c:/program files (x86)/cypress/psoc creator/4.2/psoc creator/import/gnu/arm/5.4.1/bin/../lib/gcc/arm-none-eabi/5.4.1/../../../../arm-none-eabi/lib/armv7-m\libnosys.a
END GROUP
                0x00000000                CY_APPL_ORIGIN = 0x0
                0x00000100                CY_FLASH_ROW_SIZE = 0x100
                0x00000020                CY_ECC_ROW_SIZE = 0x20
                0x00000000                CY_EE_IN_BTLDR = 0x0
                0x00000000                CY_APPL_LOADABLE = 0x0
                0x00000800                CY_EE_SIZE = 0x800
                0x00000001                CY_APPL_NUM = 0x1
                0x00000001                CY_APPL_MAX = 0x1
                0x00000040                CY_METADATA_SIZE = 0x40
                0x00000000                CY_APPL_LOADABLE = 0x0
                0x00000000                CY_CHECKSUM_EXCLUDE_SIZE = ALIGN (0x0, CY_FLASH_ROW_SIZE)
                [!provide]                PROVIDE (__cy_heap_start, _end)
                0x00000001                PROVIDE (__cy_region_num, ((__cy_regions_end - __cy_regions) / 0x10))
                0x20008000                PROVIDE (__cy_stack, (ORIGIN (ram) + LENGTH (ram)))
                [!provide]                PROVIDE (__cy_heap_end, (__cy_stack - 0x800))

.cybootloader   0x00000000        0x0
 *(.cybootloader)
                0x00000000                appl1_start = CY_APPL_ORIGIN?CY_APPL_ORIGIN:ALIGN (CY_FLASH_ROW_SIZE)
                0x0001ff00                appl2_start = (appl1_start + ALIGN ((((LENGTH (rom) - appl1_start) - (0x2 * CY_FLASH_ROW_SIZE)) / 0x2), CY_FLASH_ROW_SIZE))
                0x00000000                appl_start = (CY_APPL_NUM == 0x1)?appl1_start:appl2_start
                0x00000000                ecc_offset = ((appl_start / CY_FLASH_ROW_SIZE) * CY_ECC_ROW_SIZE)
                0x00000000                ee_offset = (CY_APPL_LOADABLE && ! (CY_EE_IN_BTLDR))?((CY_EE_SIZE / CY_APPL_MAX) * (CY_APPL_NUM - 0x1)):0x0
                0x00000800                ee_size = (CY_APPL_LOADABLE && ! (CY_EE_IN_BTLDR))?(CY_EE_SIZE / CY_APPL_MAX):CY_EE_SIZE
                [!provide]                PROVIDE (CY_ECC_OFFSET, ecc_offset)

.text           0x00000000     0x4c42
 CREATE_OBJECT_SYMBOLS
                0x00000000                PROVIDE (__cy_interrupt_vector, RomVectors)
 *(.romvectors)
 .romvectors    0x00000000       0x10 .\CortexM3\ARM_GCC_541\Debug\Cm3Start.o
                0x00000000                RomVectors
                0x00000001                ASSERT ((. != __cy_interrupt_vector), No interrupt vector)
                0x00000001                ASSERT (CY_APPL_ORIGIN?(SIZEOF (.cybootloader) <= CY_APPL_ORIGIN):0x1, Wrong image location)
                0x00000010                PROVIDE (__cy_reset, Reset)
 *(.text.Reset)
 .text.Reset    0x00000010       0x18 .\CortexM3\ARM_GCC_541\Debug\Cm3Start.o
                0x00000010                Reset
                0x00000001                ASSERT ((. != __cy_reset), No reset code)
 *(.dma_init)
 .dma_init      0x00000028      0x188 .\CortexM3\ARM_GCC_541\Debug\cyfitter_cfg.o
                0x00000001                ASSERT ((((appl_start + .) <= 0x10000) || 0x0), DMA Init must be within the first 64k of flash)
 *(.text .text.* .gnu.linkonce.t.*)
 .text          0x000001b0       0x5c c:/program files (x86)/cypress/psoc creator/4.2/psoc creator/import/gnu/arm/5.4.1/bin/../lib/gcc/arm-none-eabi/5.4.1/armv7-m/crtbegin.o
 .text.main     0x0000020c      0x28c .\CortexM3\ARM_GCC_541\Debug\main.o
                0x0000020c                main
 .text.CYCONFIGCPY
                0x00000498       0x20 .\CortexM3\ARM_GCC_541\Debug\cyfitter_cfg.o
 .text.CyClockStartupError
                0x000004b8        0xc .\CortexM3\ARM_GCC_541\Debug\cyfitter_cfg.o
 .text.cfg_dma_init
                0x000004c4      0x174 .\CortexM3\ARM_GCC_541\Debug\cyfitter_cfg.o
 .text.ClockSetup
                0x00000638      0x178 .\CortexM3\ARM_GCC_541\Debug\cyfitter_cfg.o
 .text.AnalogSetDefault
                0x000007b0       0x44 .\CortexM3\ARM_GCC_541\Debug\cyfitter_cfg.o
 .text.cyfitter_cfg
                0x000007f4       0xec .\CortexM3\ARM_GCC_541\Debug\cyfitter_cfg.o
                0x000007f4                cyfitter_cfg
 .text.IntDefaultHandler
                0x000008e0       0x14 .\CortexM3\ARM_GCC_541\Debug\Cm3Start.o
                0x000008e0                IntDefaultHandler
 .text.Start_c  0x000008f4       0x98 .\CortexM3\ARM_GCC_541\Debug\Cm3Start.o
                0x000008f4                Start_c
 .text.initialize_psoc
                0x0000098c       0x90 .\CortexM3\ARM_GCC_541\Debug\Cm3Start.o
                0x0000098c                initialize_psoc
 .text.CyDelay  0x00000a1c       0x44 .\CortexM3\ARM_GCC_541\Debug\SDCard.a(CyLib.o)
                0x00000a1c                CyDelay
 .text.UART_Start
                0x00000a60       0x24 .\CortexM3\ARM_GCC_541\Debug\SDCard.a(UART.o)
                0x00000a60                UART_Start
 .text.UART_Init
                0x00000a84       0x40 .\CortexM3\ARM_GCC_541\Debug\SDCard.a(UART.o)
                0x00000a84                UART_Init
 .text.UART_Enable
                0x00000ac4       0x60 .\CortexM3\ARM_GCC_541\Debug\SDCard.a(UART.o)
                0x00000ac4                UART_Enable
 .text.UART_PutChar
                0x00000b24       0x34 .\CortexM3\ARM_GCC_541\Debug\SDCard.a(UART.o)
                0x00000b24                UART_PutChar
 .text.UART_PutString
                0x00000b58       0x44 .\CortexM3\ARM_GCC_541\Debug\SDCard.a(UART.o)
                0x00000b58                UART_PutString
 .text.UART_IntClock_Start
                0x00000b9c       0x34 .\CortexM3\ARM_GCC_541\Debug\SDCard.a(UART_IntClock.o)
                0x00000b9c                UART_IntClock_Start
 .text          0x00000bd0       0x20 .\CortexM3\ARM_GCC_541\Debug\SDCard.a(CyBootAsmGnu.o)
                0x00000bd0                CyDelayCycles
                0x00000be0                CyEnterCriticalSection
                0x00000be8                CyExitCriticalSection
 .text.FS__SD_Format
                0x00000bf0      0x26c ..\emFile_V322c\emFile_V322c\LinkLibrary\PSoC5\GCC\libemf32noslfn.a(FAT_FormatSD.o)
                0x00000bf0                FS__SD_Format
 .text.FS_FormatSD
                0x00000e5c       0x10 ..\emFile_V322c\emFile_V322c\LinkLibrary\PSoC5\GCC\libemf32noslfn.a(FAT_FormatSD.o)
                0x00000e5c                FS_FormatSD
 .text._ClusterId2FATOff
                0x00000e6c       0x18 ..\emFile_V322c\emFile_V322c\LinkLibrary\PSoC5\GCC\libemf32noslfn.a(FAT_Misc.o)
 .text._CalcLogClusterPos
                0x00000e84        0xe ..\emFile_V322c\emFile_V322c\LinkLibrary\PSoC5\GCC\libemf32noslfn.a(FAT_Misc.o)
 .text._ReadFromFreeClusterCache
                0x00000e92       0x46 ..\emFile_V322c\emFile_V322c\LinkLibrary\PSoC5\GCC\libemf32noslfn.a(FAT_Misc.o)
 .text.FS_FAT_GetFATType
                0x00000ed8       0x1a ..\emFile_V322c\emFile_V322c\LinkLibrary\PSoC5\GCC\libemf32noslfn.a(FAT_Misc.o)
                0x00000ed8                FS_FAT_GetFATType
 .text.FS_FAT_ClusterId2SectorNo
                0x00000ef2        0xc ..\emFile_V322c\emFile_V322c\LinkLibrary\PSoC5\GCC\libemf32noslfn.a(FAT_Misc.o)
                0x00000ef2                FS_FAT_ClusterId2SectorNo
 .text.FS_FAT_IsValidShortNameChar
                0x00000efe       0x34 ..\emFile_V322c\emFile_V322c\LinkLibrary\PSoC5\GCC\libemf32noslfn.a(FAT_Misc.o)
                0x00000efe                FS_FAT_IsValidShortNameChar
 .text.FS_FAT_CopyShortName
                0x00000f32       0x56 ..\emFile_V322c\emFile_V322c\LinkLibrary\PSoC5\GCC\libemf32noslfn.a(FAT_Misc.o)
                0x00000f32                FS_FAT_CopyShortName
 .text._SFN_CreateDirEntry
                0x00000f88       0x5a ..\emFile_V322c\emFile_V322c\LinkLibrary\PSoC5\GCC\libemf32noslfn.a(FAT_Misc.o)
 .text._SFN_FindDirEntry
                0x00000fe2       0x10 ..\emFile_V322c\emFile_V322c\LinkLibrary\PSoC5\GCC\libemf32noslfn.a(FAT_Misc.o)
 *fill*         0x00000ff2        0x2 
 .text.FS_FAT_FindDirEntry
                0x00000ff4       0x60 ..\emFile_V322c\emFile_V322c\LinkLibrary\PSoC5\GCC\libemf32noslfn.a(FAT_Misc.o)
                0x00000ff4                FS_FAT_FindDirEntry
 .text.FS_FAT_CopyDirEntryInfo
                0x00001054       0x50 ..\emFile_V322c\emFile_V322c\LinkLibrary\PSoC5\GCC\libemf32noslfn.a(FAT_Misc.o)
                0x00001054                FS_FAT_CopyDirEntryInfo
 .text._SFN_ReadDirEntryInfo
                0x000010a4       0x6e ..\emFile_V322c\emFile_V322c\LinkLibrary\PSoC5\GCC\libemf32noslfn.a(FAT_Misc.o)
 .text._SetFATSector
                0x00001112        0x6 ..\emFile_V322c\emFile_V322c\LinkLibrary\PSoC5\GCC\libemf32noslfn.a(FAT_Misc.o)
 .text.FS_FAT_ReadFATEntry
                0x00001118       0xb2 ..\emFile_V322c\emFile_V322c\LinkLibrary\PSoC5\GCC\libemf32noslfn.a(FAT_Misc.o)
                0x00001118                FS_FAT_ReadFATEntry
 *fill*         0x000011ca        0x2 
 .text.FS_FAT_GetNumAdjClustersInChain
                0x000011cc       0x64 ..\emFile_V322c\emFile_V322c\LinkLibrary\PSoC5\GCC\libemf32noslfn.a(FAT_Misc.o)
                0x000011cc                FS_FAT_GetNumAdjClustersInChain
 .text.FS_FAT_WalkClusterEx
                0x00001230       0x5c ..\emFile_V322c\emFile_V322c\LinkLibrary\PSoC5\GCC\libemf32noslfn.a(FAT_Misc.o)
                0x00001230                FS_FAT_WalkClusterEx
 .text.FS_FAT_GotoCluster
                0x0000128c       0x88 ..\emFile_V322c\emFile_V322c\LinkLibrary\PSoC5\GCC\libemf32noslfn.a(FAT_Misc.o)
                0x0000128c                FS_FAT_GotoCluster
 .text.FS_FAT_WalkCluster
                0x00001314       0x18 ..\emFile_V322c\emFile_V322c\LinkLibrary\PSoC5\GCC\libemf32noslfn.a(FAT_Misc.o)
                0x00001314                FS_FAT_WalkCluster
 .text.FS_FAT_FindLastCluster
                0x0000132c       0x34 ..\emFile_V322c\emFile_V322c\LinkLibrary\PSoC5\GCC\libemf32noslfn.a(FAT_Misc.o)
                0x0000132c                FS_FAT_FindLastCluster
 .text._WriteFATEntry
                0x00001360      0x18e ..\emFile_V322c\emFile_V322c\LinkLibrary\PSoC5\GCC\libemf32noslfn.a(FAT_Misc.o)
 .text.FS_FAT_MarkClusterEOC
                0x000014ee        0x8 ..\emFile_V322c\emFile_V322c\LinkLibrary\PSoC5\GCC\libemf32noslfn.a(FAT_Misc.o)
                0x000014ee                FS_FAT_MarkClusterEOC
 .text.FS_FAT_SyncFAT
                0x000014f6       0x3c ..\emFile_V322c\emFile_V322c\LinkLibrary\PSoC5\GCC\libemf32noslfn.a(FAT_Misc.o)
                0x000014f6                FS_FAT_SyncFAT
 .text.FS_FAT_LinkCluster
                0x00001532       0x1c ..\emFile_V322c\emFile_V322c\LinkLibrary\PSoC5\GCC\libemf32noslfn.a(FAT_Misc.o)
                0x00001532                FS_FAT_LinkCluster
 *fill*         0x0000154e        0x2 
 .text._CalcFreeClusterCnt
                0x00001550       0x88 ..\emFile_V322c\emFile_V322c\LinkLibrary\PSoC5\GCC\libemf32noslfn.a(FAT_Misc.o)
 .text.FS_FAT_FindFreeCluster
                0x000015d8       0xa8 ..\emFile_V322c\emFile_V322c\LinkLibrary\PSoC5\GCC\libemf32noslfn.a(FAT_Misc.o)
                0x000015d8                FS_FAT_FindFreeCluster
 .text.FS_FAT_AllocCluster
                0x00001680       0x20 ..\emFile_V322c\emFile_V322c\LinkLibrary\PSoC5\GCC\libemf32noslfn.a(FAT_Misc.o)
                0x00001680                FS_FAT_AllocCluster
 .text._WriteEmptyFATSectors
                0x000016a0       0x3c ..\emFile_V322c\emFile_V322c\LinkLibrary\PSoC5\GCC\libemf32noslfn.a(FAT_Misc.o)
 .text.FS_FAT_FreeClusterChain
                0x000016dc       0xe0 ..\emFile_V322c\emFile_V322c\LinkLibrary\PSoC5\GCC\libemf32noslfn.a(FAT_Misc.o)
                0x000016dc                FS_FAT_FreeClusterChain
 .text.FS_FAT_CheckBPB
                0x000017bc      0x1cc ..\emFile_V322c\emFile_V322c\LinkLibrary\PSoC5\GCC\libemf32noslfn.a(FAT_Misc.o)
                0x000017bc                FS_FAT_CheckBPB
 .text.FS_FAT_InitDirEntryScan
                0x00001988       0x14 ..\emFile_V322c\emFile_V322c\LinkLibrary\PSoC5\GCC\libemf32noslfn.a(FAT_Open.o)
                0x00001988                FS_FAT_InitDirEntryScan
 .text.FS_FAT_IncDirPos
                0x0000199c        0x8 ..\emFile_V322c\emFile_V322c\LinkLibrary\PSoC5\GCC\libemf32noslfn.a(FAT_Open.o)
                0x0000199c                FS_FAT_IncDirPos
 .text._CopyDirText
                0x000019a4       0x44 ..\emFile_V322c\emFile_V322c\LinkLibrary\PSoC5\GCC\libemf32noslfn.a(FAT_Open.o)
 .text.FS_FAT_Make83Name
                0x000019e8       0xb0 ..\emFile_V322c\emFile_V322c\LinkLibrary\PSoC5\GCC\libemf32noslfn.a(FAT_Open.o)
                0x000019e8                FS_FAT_Make83Name
 .text.FS_FAT_GetDirEntry
                0x00001a98       0xb2 ..\emFile_V322c\emFile_V322c\LinkLibrary\PSoC5\GCC\libemf32noslfn.a(FAT_Open.o)
                0x00001a98                FS_FAT_GetDirEntry
 .text.FS_FAT_FindDirEntryShortEx
                0x00001b4a       0x5a ..\emFile_V322c\emFile_V322c\LinkLibrary\PSoC5\GCC\libemf32noslfn.a(FAT_Open.o)
                0x00001b4a                FS_FAT_FindDirEntryShortEx
 .text.FS_FAT_FindDirEntryShort
                0x00001ba4       0x36 ..\emFile_V322c\emFile_V322c\LinkLibrary\PSoC5\GCC\libemf32noslfn.a(FAT_Open.o)
                0x00001ba4                FS_FAT_FindDirEntryShort
 .text.FS_FAT_FindEmptyDirEntry
                0x00001bda       0xb0 ..\emFile_V322c\emFile_V322c\LinkLibrary\PSoC5\GCC\libemf32noslfn.a(FAT_Open.o)
                0x00001bda                FS_FAT_FindEmptyDirEntry
 .text.FS_FAT_GetFirstCluster
                0x00001c8a       0x1a ..\emFile_V322c\emFile_V322c\LinkLibrary\PSoC5\GCC\libemf32noslfn.a(FAT_Open.o)
                0x00001c8a                FS_FAT_GetFirstCluster
 .text.FS_FAT_FindPath
                0x00001ca4       0x7a ..\emFile_V322c\emFile_V322c\LinkLibrary\PSoC5\GCC\libemf32noslfn.a(FAT_Open.o)
                0x00001ca4                FS_FAT_FindPath
 .text.FS_FAT_DeleteFileOrDir
                0x00001d1e       0x48 ..\emFile_V322c\emFile_V322c\LinkLibrary\PSoC5\GCC\libemf32noslfn.a(FAT_Open.o)
                0x00001d1e                FS_FAT_DeleteFileOrDir
 *fill*         0x00001d66        0x2 
 .text.FS_FAT_Open
                0x00001d68      0x1dc ..\emFile_V322c\emFile_V322c\LinkLibrary\PSoC5\GCC\libemf32noslfn.a(FAT_Open.o)
                0x00001d68                FS_FAT_Open
 .text.FS_FAT_WriteDirEntryCluster
                0x00001f44       0x1c ..\emFile_V322c\emFile_V322c\LinkLibrary\PSoC5\GCC\libemf32noslfn.a(FAT_Open.o)
                0x00001f44                FS_FAT_WriteDirEntryCluster
 .text.FS_FAT_WriteDirEntry83
                0x00001f60       0x6c ..\emFile_V322c\emFile_V322c\LinkLibrary\PSoC5\GCC\libemf32noslfn.a(FAT_Open.o)
                0x00001f60                FS_FAT_WriteDirEntry83
 .text._WriteBurst
                0x00001fcc       0x24 ..\emFile_V322c\emFile_V322c\LinkLibrary\PSoC5\GCC\libemf32noslfn.a(FAT_Write.o)
 .text.FS_FAT_GotoClusterAllocIfReq
                0x00001ff0       0xa8 ..\emFile_V322c\emFile_V322c\LinkLibrary\PSoC5\GCC\libemf32noslfn.a(FAT_Write.o)
                0x00001ff0                FS_FAT_GotoClusterAllocIfReq
 .text.FS_FAT_UpdateDirEntry
                0x00002098       0x68 ..\emFile_V322c\emFile_V322c\LinkLibrary\PSoC5\GCC\libemf32noslfn.a(FAT_Write.o)
                0x00002098                FS_FAT_UpdateDirEntry
 .text.FS_FAT_Close
                0x00002100       0x44 ..\emFile_V322c\emFile_V322c\LinkLibrary\PSoC5\GCC\libemf32noslfn.a(FAT_Write.o)
                0x00002100                FS_FAT_Close
 .text.FS_FAT_Write
                0x00002144      0x1c8 ..\emFile_V322c\emFile_V322c\LinkLibrary\PSoC5\GCC\libemf32noslfn.a(FAT_Write.o)
                0x00002144                FS_FAT_Write
 .text.FS__CLIB_memcmp
                0x0000230c       0x20 ..\emFile_V322c\emFile_V322c\LinkLibrary\PSoC5\GCC\libemf32noslfn.a(FS_CLib.o)
                0x0000230c                FS__CLIB_memcmp
 .text.FS__CLIB_memset
                0x0000232c       0x6c ..\emFile_V322c\emFile_V322c\LinkLibrary\PSoC5\GCC\libemf32noslfn.a(FS_CLib.o)
                0x0000232c                FS__CLIB_memset
 .text.FS__CLIB_strcmp
                0x00002398       0x1a ..\emFile_V322c\emFile_V322c\LinkLibrary\PSoC5\GCC\libemf32noslfn.a(FS_CLib.o)
                0x00002398                FS__CLIB_strcmp
 .text.FS__CLIB_strlen
                0x000023b2       0x10 ..\emFile_V322c\emFile_V322c\LinkLibrary\PSoC5\GCC\libemf32noslfn.a(FS_CLib.o)
                0x000023b2                FS__CLIB_strlen
 .text.FS__CLIB_strncmp
                0x000023c2       0x26 ..\emFile_V322c\emFile_V322c\LinkLibrary\PSoC5\GCC\libemf32noslfn.a(FS_CLib.o)
                0x000023c2                FS__CLIB_strncmp
 .text.FS__CLIB_strncpy
                0x000023e8       0x2e ..\emFile_V322c\emFile_V322c\LinkLibrary\PSoC5\GCC\libemf32noslfn.a(FS_CLib.o)
                0x000023e8                FS__CLIB_strncpy
 .text.FS__CLIB_toupper
                0x00002416        0xe ..\emFile_V322c\emFile_V322c\LinkLibrary\PSoC5\GCC\libemf32noslfn.a(FS_CLib.o)
                0x00002416                FS__CLIB_toupper
 .text.FS__CopyFile
                0x00002424       0xd6 ..\emFile_V322c\emFile_V322c\LinkLibrary\PSoC5\GCC\libemf32noslfn.a(FS_CopyFile.o)
                0x00002424                FS__CopyFile
 .text.FS_CopyFile
                0x000024fa        0x4 ..\emFile_V322c\emFile_V322c\LinkLibrary\PSoC5\GCC\libemf32noslfn.a(FS_CopyFile.o)
                0x000024fa                FS_CopyFile
 .text.FS__DivideU32Up
                0x000024fe        0xa ..\emFile_V322c\emFile_V322c\LinkLibrary\PSoC5\GCC\libemf32noslfn.a(FS_Core.o)
                0x000024fe                FS__DivideU32Up
 .text.FS__strchr
                0x00002508       0x14 ..\emFile_V322c\emFile_V322c\LinkLibrary\PSoC5\GCC\libemf32noslfn.a(FS_Core.o)
                0x00002508                FS__strchr
 .text.FS_LoadU32BE
                0x0000251c       0x18 ..\emFile_V322c\emFile_V322c\LinkLibrary\PSoC5\GCC\libemf32noslfn.a(FS_Core.o)
                0x0000251c                FS_LoadU32BE
 .text.FS_LoadU32LE
                0x00002534       0x16 ..\emFile_V322c\emFile_V322c\LinkLibrary\PSoC5\GCC\libemf32noslfn.a(FS_Core.o)
                0x00002534                FS_LoadU32LE
 .text.FS_StoreU32LE
                0x0000254a       0x14 ..\emFile_V322c\emFile_V322c\LinkLibrary\PSoC5\GCC\libemf32noslfn.a(FS_Core.o)
                0x0000254a                FS_StoreU32LE
 .text.FS_StoreU16LE
                0x0000255e        0x8 ..\emFile_V322c\emFile_V322c\LinkLibrary\PSoC5\GCC\libemf32noslfn.a(FS_Core.o)
                0x0000255e                FS_StoreU16LE
 .text.FS_LoadU16LE
                0x00002566        0xa ..\emFile_V322c\emFile_V322c\LinkLibrary\PSoC5\GCC\libemf32noslfn.a(FS_Core.o)
                0x00002566                FS_LoadU16LE
 .text._Alloc   0x00002570       0x30 ..\emFile_V322c\emFile_V322c\LinkLibrary\PSoC5\GCC\libemf32noslfn.a(FS_Core.o)
 .text.FS_Alloc
                0x000025a0        0xc ..\emFile_V322c\emFile_V322c\LinkLibrary\PSoC5\GCC\libemf32noslfn.a(FS_Core.o)
                0x000025a0                FS_Alloc
 .text.FS_TryAlloc
                0x000025ac        0x4 ..\emFile_V322c\emFile_V322c\LinkLibrary\PSoC5\GCC\libemf32noslfn.a(FS_Core.o)
                0x000025ac                FS_TryAlloc
 .text.FS_Free  0x000025b0       0x1c ..\emFile_V322c\emFile_V322c\LinkLibrary\PSoC5\GCC\libemf32noslfn.a(FS_Core.o)
                0x000025b0                FS_Free
 .text.FS_AssignMemory
                0x000025cc        0xc ..\emFile_V322c\emFile_V322c\LinkLibrary\PSoC5\GCC\libemf32noslfn.a(FS_Core.o)
                0x000025cc                FS_AssignMemory
 .text.FS_AllocZeroed
                0x000025d8       0x16 ..\emFile_V322c\emFile_V322c\LinkLibrary\PSoC5\GCC\libemf32noslfn.a(FS_Core.o)
                0x000025d8                FS_AllocZeroed
 *fill*         0x000025ee        0x2 
 .text.FS_STORAGE_Init
                0x000025f0       0x28 ..\emFile_V322c\emFile_V322c\LinkLibrary\PSoC5\GCC\libemf32noslfn.a(FS_Core.o)
                0x000025f0                FS_STORAGE_Init
 .text.FS__MkDir
                0x00002618       0x24 ..\emFile_V322c\emFile_V322c\LinkLibrary\PSoC5\GCC\libemf32noslfn.a(FS_Dir.o)
                0x00002618                FS__MkDir
 .text.FS_MkDir
                0x0000263c        0x4 ..\emFile_V322c\emFile_V322c\LinkLibrary\PSoC5\GCC\libemf32noslfn.a(FS_Dir.o)
                0x0000263c                FS_MkDir
 .text.FS__GetFileSize
                0x00002640        0xc ..\emFile_V322c\emFile_V322c\LinkLibrary\PSoC5\GCC\libemf32noslfn.a(FS_GetFileSize.o)
                0x00002640                FS__GetFileSize
 .text._ClrBusyLED
                0x0000264c        0xc ..\emFile_V322c\emFile_V322c\LinkLibrary\PSoC5\GCC\libemf32noslfn.a(FS_LogBlock.o)
 .text._SetBusyLED
                0x00002658        0xc ..\emFile_V322c\emFile_V322c\LinkLibrary\PSoC5\GCC\libemf32noslfn.a(FS_LogBlock.o)
 .text._Read    0x00002664        0xc ..\emFile_V322c\emFile_V322c\LinkLibrary\PSoC5\GCC\libemf32noslfn.a(FS_LogBlock.o)
 .text._Write   0x00002670       0x12 ..\emFile_V322c\emFile_V322c\LinkLibrary\PSoC5\GCC\libemf32noslfn.a(FS_LogBlock.o)
 .text.FS_LB_GetStatus
                0x00002682        0xc ..\emFile_V322c\emFile_V322c\LinkLibrary\PSoC5\GCC\libemf32noslfn.a(FS_LogBlock.o)
                0x00002682                FS_LB_GetStatus
 .text.FS_LB_InitMedium
                0x0000268e       0x1a ..\emFile_V322c\emFile_V322c\LinkLibrary\PSoC5\GCC\libemf32noslfn.a(FS_LogBlock.o)
                0x0000268e                FS_LB_InitMedium
 .text.FS_LB_InitMediumIfRequired
                0x000026a8       0x10 ..\emFile_V322c\emFile_V322c\LinkLibrary\PSoC5\GCC\libemf32noslfn.a(FS_LogBlock.o)
                0x000026a8                FS_LB_InitMediumIfRequired
 .text.FS_LB_ReadDevice
                0x000026b8       0x2e ..\emFile_V322c\emFile_V322c\LinkLibrary\PSoC5\GCC\libemf32noslfn.a(FS_LogBlock.o)
                0x000026b8                FS_LB_ReadDevice
 .text.FS_LB_ReadPart
                0x000026e6        0xe ..\emFile_V322c\emFile_V322c\LinkLibrary\PSoC5\GCC\libemf32noslfn.a(FS_LogBlock.o)
                0x000026e6                FS_LB_ReadPart
 .text.FS_LB_ReadBurst
                0x000026f4       0x38 ..\emFile_V322c\emFile_V322c\LinkLibrary\PSoC5\GCC\libemf32noslfn.a(FS_LogBlock.o)
                0x000026f4                FS_LB_ReadBurst
 .text.FS_LB_ReadBurstPart
                0x0000272c       0x14 ..\emFile_V322c\emFile_V322c\LinkLibrary\PSoC5\GCC\libemf32noslfn.a(FS_LogBlock.o)
                0x0000272c                FS_LB_ReadBurstPart
 .text.FS_LB_WriteBurst
                0x00002740       0x30 ..\emFile_V322c\emFile_V322c\LinkLibrary\PSoC5\GCC\libemf32noslfn.a(FS_LogBlock.o)
                0x00002740                FS_LB_WriteBurst
 .text.FS_LB_WriteBurstPart
                0x00002770       0x14 ..\emFile_V322c\emFile_V322c\LinkLibrary\PSoC5\GCC\libemf32noslfn.a(FS_LogBlock.o)
                0x00002770                FS_LB_WriteBurstPart
 .text.FS_LB_WriteMultiple
                0x00002784       0x30 ..\emFile_V322c\emFile_V322c\LinkLibrary\PSoC5\GCC\libemf32noslfn.a(FS_LogBlock.o)
                0x00002784                FS_LB_WriteMultiple
 .text.FS_LB_WriteMultiplePart
                0x000027b4       0x14 ..\emFile_V322c\emFile_V322c\LinkLibrary\PSoC5\GCC\libemf32noslfn.a(FS_LogBlock.o)
                0x000027b4                FS_LB_WriteMultiplePart
 .text.FS_LB_WriteDevice
                0x000027c8       0x36 ..\emFile_V322c\emFile_V322c\LinkLibrary\PSoC5\GCC\libemf32noslfn.a(FS_LogBlock.o)
                0x000027c8                FS_LB_WriteDevice
 .text.FS_LB_WritePart
                0x000027fe        0xe ..\emFile_V322c\emFile_V322c\LinkLibrary\PSoC5\GCC\libemf32noslfn.a(FS_LogBlock.o)
                0x000027fe                FS_LB_WritePart
 .text.FS_GetSectorSize
                0x0000280c       0x28 ..\emFile_V322c\emFile_V322c\LinkLibrary\PSoC5\GCC\libemf32noslfn.a(FS_LogBlock.o)
                0x0000280c                FS_GetSectorSize
 .text.FS_LB_GetDeviceInfo
                0x00002834       0x26 ..\emFile_V322c\emFile_V322c\LinkLibrary\PSoC5\GCC\libemf32noslfn.a(FS_LogBlock.o)
                0x00002834                FS_LB_GetDeviceInfo
 .text.FS_memcpy
                0x0000285a      0x120 ..\emFile_V322c\emFile_V322c\LinkLibrary\PSoC5\GCC\libemf32noslfn.a(FS_memcpy.o)
                0x0000285a                FS_memcpy
 *fill*         0x0000297a        0x2 
 .text.FS__AllocSectorBuffer
                0x0000297c       0x2c ..\emFile_V322c\emFile_V322c\LinkLibrary\PSoC5\GCC\libemf32noslfn.a(FS_Misc.o)
                0x0000297c                FS__AllocSectorBuffer
 .text.FS__FreeSectorBuffer
                0x000029a8       0x28 ..\emFile_V322c\emFile_V322c\LinkLibrary\PSoC5\GCC\libemf32noslfn.a(FS_Misc.o)
                0x000029a8                FS__FreeSectorBuffer
 .text.FS__SB_MarkDirty
                0x000029d0        0x6 ..\emFile_V322c\emFile_V322c\LinkLibrary\PSoC5\GCC\libemf32noslfn.a(FS_Misc.o)
                0x000029d0                FS__SB_MarkDirty
 .text.FS__SB_MarkNotDirty
                0x000029d6        0x6 ..\emFile_V322c\emFile_V322c\LinkLibrary\PSoC5\GCC\libemf32noslfn.a(FS_Misc.o)
                0x000029d6                FS__SB_MarkNotDirty
 .text.FS__FreeFileHandle
                0x000029dc        0xa ..\emFile_V322c\emFile_V322c\LinkLibrary\PSoC5\GCC\libemf32noslfn.a(FS_Misc.o)
                0x000029dc                FS__FreeFileHandle
 .text.FS__FreeFileObj
                0x000029e6        0xc ..\emFile_V322c\emFile_V322c\LinkLibrary\PSoC5\GCC\libemf32noslfn.a(FS_Misc.o)
                0x000029e6                FS__FreeFileObj
 .text.FS__FSeek
                0x000029f2       0x42 ..\emFile_V322c\emFile_V322c\LinkLibrary\PSoC5\GCC\libemf32noslfn.a(FS_Misc.o)
                0x000029f2                FS__FSeek
 .text.FS_Init  0x00002a34       0x58 ..\emFile_V322c\emFile_V322c\LinkLibrary\PSoC5\GCC\libemf32noslfn.a(FS_Misc.o)
                0x00002a34                FS_Init
 .text.FS__SB_Create
                0x00002a8c       0x28 ..\emFile_V322c\emFile_V322c\LinkLibrary\PSoC5\GCC\libemf32noslfn.a(FS_Misc.o)
                0x00002a8c                FS__SB_Create
 .text.FS__FCloseNL
                0x00002ab4       0x1e ..\emFile_V322c\emFile_V322c\LinkLibrary\PSoC5\GCC\libemf32noslfn.a(FS_Misc.o)
                0x00002ab4                FS__FCloseNL
 .text.FS__FClose
                0x00002ad2       0x1a ..\emFile_V322c\emFile_V322c\LinkLibrary\PSoC5\GCC\libemf32noslfn.a(FS_Misc.o)
                0x00002ad2                FS__FClose
 .text.FS_FClose
                0x00002aec        0xa ..\emFile_V322c\emFile_V322c\LinkLibrary\PSoC5\GCC\libemf32noslfn.a(FS_Misc.o)
                0x00002aec                FS_FClose
 *fill*         0x00002af6        0x2 
 .text.FS__AllocFileObj
                0x00002af8       0x48 ..\emFile_V322c\emFile_V322c\LinkLibrary\PSoC5\GCC\libemf32noslfn.a(FS_Misc.o)
                0x00002af8                FS__AllocFileObj
 .text.FS__AllocFileHandle
                0x00002b40       0x40 ..\emFile_V322c\emFile_V322c\LinkLibrary\PSoC5\GCC\libemf32noslfn.a(FS_Misc.o)
                0x00002b40                FS__AllocFileHandle
 .text.FS__OpenEx
                0x00002b80       0x58 ..\emFile_V322c\emFile_V322c\LinkLibrary\PSoC5\GCC\libemf32noslfn.a(FS_Misc.o)
                0x00002b80                FS__OpenEx
 .text.FS__FOpenEx
                0x00002bd8       0x56 ..\emFile_V322c\emFile_V322c\LinkLibrary\PSoC5\GCC\libemf32noslfn.a(FS_Misc.o)
                0x00002bd8                FS__FOpenEx
 *fill*         0x00002c2e        0x2 
 .text.FS__FOpen
                0x00002c30       0x48 ..\emFile_V322c\emFile_V322c\LinkLibrary\PSoC5\GCC\libemf32noslfn.a(FS_Misc.o)
                0x00002c30                FS__FOpen
 .text.FS_FOpen
                0x00002c78        0x4 ..\emFile_V322c\emFile_V322c\LinkLibrary\PSoC5\GCC\libemf32noslfn.a(FS_Misc.o)
                0x00002c78                FS_FOpen
 .text.FS__Remove
                0x00002c7c       0x28 ..\emFile_V322c\emFile_V322c\LinkLibrary\PSoC5\GCC\libemf32noslfn.a(FS_Misc.o)
                0x00002c7c                FS__Remove
 .text.FS__SB_Write
                0x00002ca4       0x24 ..\emFile_V322c\emFile_V322c\LinkLibrary\PSoC5\GCC\libemf32noslfn.a(FS_Misc.o)
                0x00002ca4                FS__SB_Write
 .text._SB_Clean
                0x00002cc8       0x24 ..\emFile_V322c\emFile_V322c\LinkLibrary\PSoC5\GCC\libemf32noslfn.a(FS_Misc.o)
 .text.FS__SB_SetSector
                0x00002cec       0x20 ..\emFile_V322c\emFile_V322c\LinkLibrary\PSoC5\GCC\libemf32noslfn.a(FS_Misc.o)
                0x00002cec                FS__SB_SetSector
 .text.FS__SB_MarkValid
                0x00002d0c       0x10 ..\emFile_V322c\emFile_V322c\LinkLibrary\PSoC5\GCC\libemf32noslfn.a(FS_Misc.o)
                0x00002d0c                FS__SB_MarkValid
 .text.FS__SB_Clean
                0x00002d1c        0x4 ..\emFile_V322c\emFile_V322c\LinkLibrary\PSoC5\GCC\libemf32noslfn.a(FS_Misc.o)
                0x00002d1c                FS__SB_Clean
 .text.FS__SB_Delete
                0x00002d20       0x12 ..\emFile_V322c\emFile_V322c\LinkLibrary\PSoC5\GCC\libemf32noslfn.a(FS_Misc.o)
                0x00002d20                FS__SB_Delete
 .text.FS__SB_Flush
                0x00002d32        0x8 ..\emFile_V322c\emFile_V322c\LinkLibrary\PSoC5\GCC\libemf32noslfn.a(FS_Misc.o)
                0x00002d32                FS__SB_Flush
 .text.FS__SB_Read
                0x00002d3a       0x2a ..\emFile_V322c\emFile_V322c\LinkLibrary\PSoC5\GCC\libemf32noslfn.a(FS_Misc.o)
                0x00002d3a                FS__SB_Read
 .text.FS__Read
                0x00002d64       0x2e ..\emFile_V322c\emFile_V322c\LinkLibrary\PSoC5\GCC\libemf32noslfn.a(FS_Read.o)
                0x00002d64                FS__Read
 .text.FS__SetEndOfFile
                0x00002d92       0x12 ..\emFile_V322c\emFile_V322c\LinkLibrary\PSoC5\GCC\libemf32noslfn.a(FS_SetEndOfFile.o)
                0x00002d92                FS__SetEndOfFile
 .text.FS__AddPhysDevice
                0x00002da4       0x10 ..\emFile_V322c\emFile_V322c\LinkLibrary\PSoC5\GCC\libemf32noslfn.a(FS_Storage.o)
                0x00002da4                FS__AddPhysDevice
 .text.FS_GetVolumeName
                0x00002db4       0x60 ..\emFile_V322c\emFile_V322c\LinkLibrary\PSoC5\GCC\libemf32noslfn.a(FS_Storage.o)
                0x00002db4                FS_GetVolumeName
 .text.FS__FindVolume
                0x00002e14       0x78 ..\emFile_V322c\emFile_V322c\LinkLibrary\PSoC5\GCC\libemf32noslfn.a(FS_Storage.o)
                0x00002e14                FS__FindVolume
 .text.FS__AddDevice
                0x00002e8c       0x68 ..\emFile_V322c\emFile_V322c\LinkLibrary\PSoC5\GCC\libemf32noslfn.a(FS_Storage.o)
                0x00002e8c                FS__AddDevice
 .text.FS_AddDevice
                0x00002ef4        0x4 ..\emFile_V322c\emFile_V322c\LinkLibrary\PSoC5\GCC\libemf32noslfn.a(FS_Storage.o)
                0x00002ef4                FS_AddDevice
 .text.FS__SetFileTimeEx
                0x00002ef8       0x44 ..\emFile_V322c\emFile_V322c\LinkLibrary\PSoC5\GCC\libemf32noslfn.a(FS_Time.o)
                0x00002ef8                FS__SetFileTimeEx
 .text.FS__GetFileTimeEx
                0x00002f3c       0x42 ..\emFile_V322c\emFile_V322c\LinkLibrary\PSoC5\GCC\libemf32noslfn.a(FS_Time.o)
                0x00002f3c                FS__GetFileTimeEx
 .text._Mount   0x00002f7e       0x2e ..\emFile_V322c\emFile_V322c\LinkLibrary\PSoC5\GCC\libemf32noslfn.a(FS_Volume.o)
 .text.FS__AutoMount
                0x00002fac       0x14 ..\emFile_V322c\emFile_V322c\LinkLibrary\PSoC5\GCC\libemf32noslfn.a(FS_Volume.o)
                0x00002fac                FS__AutoMount
 .text.FS__Write
                0x00002fc0       0x3a ..\emFile_V322c\emFile_V322c\LinkLibrary\PSoC5\GCC\libemf32noslfn.a(FS_Write.o)
                0x00002fc0                FS__Write
 .text.FS_Write
                0x00002ffa        0x4 ..\emFile_V322c\emFile_V322c\LinkLibrary\PSoC5\GCC\libemf32noslfn.a(FS_Write.o)
                0x00002ffa                FS_Write
 *fill*         0x00002ffe        0x2 
 .text.FS_FAT_CreateDirEx
                0x00003000      0x110 ..\emFile_V322c\emFile_V322c\LinkLibrary\PSoC5\GCC\libemf32noslfn.a(FAT_Dir.o)
                0x00003000                FS_FAT_CreateDirEx
 .text.FS_FAT_CreateDir
                0x00003110       0x64 ..\emFile_V322c\emFile_V322c\LinkLibrary\PSoC5\GCC\libemf32noslfn.a(FAT_Dir.o)
                0x00003110                FS_FAT_CreateDir
 .text.FS_FAT_SetDirEntryInfo
                0x00003174       0xb2 ..\emFile_V322c\emFile_V322c\LinkLibrary\PSoC5\GCC\libemf32noslfn.a(FAT_DirEntry.o)
                0x00003174                FS_FAT_SetDirEntryInfo
 .text.FS_FAT_GetDirEntryInfo
                0x00003226       0x90 ..\emFile_V322c\emFile_V322c\LinkLibrary\PSoC5\GCC\libemf32noslfn.a(FAT_DirEntry.o)
                0x00003226                FS_FAT_GetDirEntryInfo
 *fill*         0x000032b6        0x2 
 .text.T.32     0x000032b8      0x400 ..\emFile_V322c\emFile_V322c\LinkLibrary\PSoC5\GCC\libemf32noslfn.a(FAT_Format.o)
 .text._AutoFormat
                0x000036b8       0x7c ..\emFile_V322c\emFile_V322c\LinkLibrary\PSoC5\GCC\libemf32noslfn.a(FAT_Format.o)
 .text.FS_FAT_FormatEx
                0x00003734       0x74 ..\emFile_V322c\emFile_V322c\LinkLibrary\PSoC5\GCC\libemf32noslfn.a(FAT_Format.o)
                0x00003734                FS_FAT_FormatEx
 .text._ReadBurst
                0x000037a8       0x24 ..\emFile_V322c\emFile_V322c\LinkLibrary\PSoC5\GCC\libemf32noslfn.a(FAT_Read.o)
 .text.FS_FAT_Read
                0x000037cc      0x194 ..\emFile_V322c\emFile_V322c\LinkLibrary\PSoC5\GCC\libemf32noslfn.a(FAT_Read.o)
                0x000037cc                FS_FAT_Read
 .text.FS_FAT_SetEndOfFile
                0x00003960       0xbc ..\emFile_V322c\emFile_V322c\LinkLibrary\PSoC5\GCC\libemf32noslfn.a(FAT_SetEndOfFile.o)
                0x00003960                FS_FAT_SetEndOfFile
 .text.FS__GetFileAttributes
                0x00003a1c       0x38 ..\emFile_V322c\emFile_V322c\LinkLibrary\PSoC5\GCC\libemf32noslfn.a(FS_Attrib.o)
                0x00003a1c                FS__GetFileAttributes
 .text.FS__SetFileAttributes
                0x00003a54       0x30 ..\emFile_V322c\emFile_V322c\LinkLibrary\PSoC5\GCC\libemf32noslfn.a(FS_Attrib.o)
                0x00003a54                FS__SetFileAttributes
 .text._IsBPB   0x00003a84       0x1e ..\emFile_V322c\emFile_V322c\LinkLibrary\PSoC5\GCC\libemf32noslfn.a(FS_Partition.o)
 .text._HasSignature
                0x00003aa2       0x18 ..\emFile_V322c\emFile_V322c\LinkLibrary\PSoC5\GCC\libemf32noslfn.a(FS_Partition.o)
 .text._GetPartitionStartSector
                0x00003aba        0xc ..\emFile_V322c\emFile_V322c\LinkLibrary\PSoC5\GCC\libemf32noslfn.a(FS_Partition.o)
 .text.FS__GetMediaStartSecEx
                0x00003ac6       0x6e ..\emFile_V322c\emFile_V322c\LinkLibrary\PSoC5\GCC\libemf32noslfn.a(FS_Partition.o)
                0x00003ac6                FS__GetMediaStartSecEx
 .text.FS__LocatePartition
                0x00003b34       0x44 ..\emFile_V322c\emFile_V322c\LinkLibrary\PSoC5\GCC\libemf32noslfn.a(FS_Partition.o)
                0x00003b34                FS__LocatePartition
 .text.FS_X_AddDevices
                0x00003b78       0x20 .\CortexM3\ARM_GCC_541\Debug\SDCard.a(emFile_ConfigMMC_SPI.o)
                0x00003b78                FS_X_AddDevices
 .text.FS_X_GetTimeDate
                0x00003b98       0x58 .\CortexM3\ARM_GCC_541\Debug\SDCard.a(emFile_ConfigMMC_SPI.o)
                0x00003b98                FS_X_GetTimeDate
 .text._CalcDataCRC16Dummy
                0x00003bf0        0x6 ..\emFile_V322c\emFile_V322c\LinkLibrary\PSoC5\GCC\libemf32noslfn.a(MMC_Drv.o)
 *fill*         0x00003bf6        0x2 
 .text._MMC_GetNumUnits
                0x00003bf8        0xc ..\emFile_V322c\emFile_V322c\LinkLibrary\PSoC5\GCC\libemf32noslfn.a(MMC_Drv.o)
 .text._MMC_GetDriverName
                0x00003c04        0x8 ..\emFile_V322c\emFile_V322c\LinkLibrary\PSoC5\GCC\libemf32noslfn.a(MMC_Drv.o)
 .text._MMC_GetStatus
                0x00003c0c        0x4 ..\emFile_V322c\emFile_V322c\LinkLibrary\PSoC5\GCC\libemf32noslfn.a(MMC_Drv.o)
 .text._CheckR1
                0x00003c10       0x38 ..\emFile_V322c\emFile_V322c\LinkLibrary\PSoC5\GCC\libemf32noslfn.a(MMC_Drv.o)
 .text._WaitToGetReady
                0x00003c48       0x26 ..\emFile_V322c\emFile_V322c\LinkLibrary\PSoC5\GCC\libemf32noslfn.a(MMC_Drv.o)
 .text._SendEmptyCycles
                0x00003c6e       0x24 ..\emFile_V322c\emFile_V322c\LinkLibrary\PSoC5\GCC\libemf32noslfn.a(MMC_Drv.o)
 *fill*         0x00003c92        0x2 
 .text._MMC_AddDevice
                0x00003c94       0x2c ..\emFile_V322c\emFile_V322c\LinkLibrary\PSoC5\GCC\libemf32noslfn.a(MMC_Drv.o)
 .text.T.53     0x00003cc0       0x14 ..\emFile_V322c\emFile_V322c\LinkLibrary\PSoC5\GCC\libemf32noslfn.a(MMC_Drv.o)
 .text._GetFromCSD
                0x00003cd4       0x34 ..\emFile_V322c\emFile_V322c\LinkLibrary\PSoC5\GCC\libemf32noslfn.a(MMC_Drv.o)
 .text._ExecCmdR1
                0x00003d08       0x98 ..\emFile_V322c\emFile_V322c\LinkLibrary\PSoC5\GCC\libemf32noslfn.a(MMC_Drv.o)
 .text._ReadCSD
                0x00003da0       0x86 ..\emFile_V322c\emFile_V322c\LinkLibrary\PSoC5\GCC\libemf32noslfn.a(MMC_Drv.o)
 *fill*         0x00003e26        0x2 
 .text._MMC_Read
                0x00003e28      0x130 ..\emFile_V322c\emFile_V322c\LinkLibrary\PSoC5\GCC\libemf32noslfn.a(MMC_Drv.o)
 .text._MMC_Write
                0x00003f58      0x13c ..\emFile_V322c\emFile_V322c\LinkLibrary\PSoC5\GCC\libemf32noslfn.a(MMC_Drv.o)
 .text._ApplyCSD
                0x00004094      0x228 ..\emFile_V322c\emFile_V322c\LinkLibrary\PSoC5\GCC\libemf32noslfn.a(MMC_Drv.o)
 .text._MMC_Init
                0x000042bc      0x1c0 ..\emFile_V322c\emFile_V322c\LinkLibrary\PSoC5\GCC\libemf32noslfn.a(MMC_Drv.o)
 .text._MMC_InitMedium
                0x0000447c       0x28 ..\emFile_V322c\emFile_V322c\LinkLibrary\PSoC5\GCC\libemf32noslfn.a(MMC_Drv.o)
 .text._MMC_IoCtl
                0x000044a4       0x60 ..\emFile_V322c\emFile_V322c\LinkLibrary\PSoC5\GCC\libemf32noslfn.a(MMC_Drv.o)
 .text.emFile_Init
                0x00004504       0x6c .\CortexM3\ARM_GCC_541\Debug\SDCard.a(emFile_MMC_HW_SPI.o)
 .text.emFile_ReadWriteSPI
                0x00004570       0x68 .\CortexM3\ARM_GCC_541\Debug\SDCard.a(emFile_MMC_HW_SPI.o)
 .text.FS_MMC_HW_X_EnableCS
                0x000045d8       0x28 .\CortexM3\ARM_GCC_541\Debug\SDCard.a(emFile_MMC_HW_SPI.o)
                0x000045d8                FS_MMC_HW_X_EnableCS
 .text.FS_MMC_HW_X_DisableCS
                0x00004600       0x28 .\CortexM3\ARM_GCC_541\Debug\SDCard.a(emFile_MMC_HW_SPI.o)
                0x00004600                FS_MMC_HW_X_DisableCS
 .text.FS_MMC_HW_X_IsWriteProtected
                0x00004628       0x28 .\CortexM3\ARM_GCC_541\Debug\SDCard.a(emFile_MMC_HW_SPI.o)
                0x00004628                FS_MMC_HW_X_IsWriteProtected
 .text.FS_MMC_HW_X_SetMaxSpeed
                0x00004650       0x88 .\CortexM3\ARM_GCC_541\Debug\SDCard.a(emFile_MMC_HW_SPI.o)
                0x00004650                FS_MMC_HW_X_SetMaxSpeed
 .text.FS_MMC_HW_X_SetVoltage
                0x000046d8       0x68 .\CortexM3\ARM_GCC_541\Debug\SDCard.a(emFile_MMC_HW_SPI.o)
                0x000046d8                FS_MMC_HW_X_SetVoltage
 .text.FS_MMC_HW_X_IsPresent
                0x00004740       0x30 .\CortexM3\ARM_GCC_541\Debug\SDCard.a(emFile_MMC_HW_SPI.o)
                0x00004740                FS_MMC_HW_X_IsPresent
 .text.FS_MMC_HW_X_Read
                0x00004770       0x38 .\CortexM3\ARM_GCC_541\Debug\SDCard.a(emFile_MMC_HW_SPI.o)
                0x00004770                FS_MMC_HW_X_Read
 .text.FS_MMC_HW_X_Write
                0x000047a8       0x34 .\CortexM3\ARM_GCC_541\Debug\SDCard.a(emFile_MMC_HW_SPI.o)
                0x000047a8                FS_MMC_HW_X_Write
 .text.emFile_SPI0_Init
                0x000047dc       0x34 .\CortexM3\ARM_GCC_541\Debug\SDCard.a(emFile_SPI0.o)
                0x000047dc                emFile_SPI0_Init
 .text.emFile_SPI0_Enable
                0x00004810       0x64 .\CortexM3\ARM_GCC_541\Debug\SDCard.a(emFile_SPI0.o)
                0x00004810                emFile_SPI0_Enable
 .text.emFile_SPI0_Start
                0x00004874       0x24 .\CortexM3\ARM_GCC_541\Debug\SDCard.a(emFile_SPI0.o)
                0x00004874                emFile_SPI0_Start
 .text.emFile_SPI0_EnableTxInt
                0x00004898        0xc .\CortexM3\ARM_GCC_541\Debug\SDCard.a(emFile_SPI0.o)
                0x00004898                emFile_SPI0_EnableTxInt
 .text.emFile_SPI0_EnableRxInt
                0x000048a4        0xc .\CortexM3\ARM_GCC_541\Debug\SDCard.a(emFile_SPI0.o)
                0x000048a4                emFile_SPI0_EnableRxInt
 .text.emFile_SPI0_ReadTxStatus
                0x000048b0       0x1c .\CortexM3\ARM_GCC_541\Debug\SDCard.a(emFile_SPI0.o)
                0x000048b0                emFile_SPI0_ReadTxStatus
 .text.emFile_SPI0_ReadRxStatus
                0x000048cc       0x1c .\CortexM3\ARM_GCC_541\Debug\SDCard.a(emFile_SPI0.o)
                0x000048cc                emFile_SPI0_ReadRxStatus
 .text.emFile_SPI0_WriteTxData
                0x000048e8       0x34 .\CortexM3\ARM_GCC_541\Debug\SDCard.a(emFile_SPI0.o)
                0x000048e8                emFile_SPI0_WriteTxData
 .text.emFile_SPI0_ReadRxData
                0x0000491c       0x1c .\CortexM3\ARM_GCC_541\Debug\SDCard.a(emFile_SPI0.o)
                0x0000491c                emFile_SPI0_ReadRxData
 .text.emFile_SPI0_ClearFIFO
                0x00004938       0x60 .\CortexM3\ARM_GCC_541\Debug\SDCard.a(emFile_SPI0.o)
                0x00004938                emFile_SPI0_ClearFIFO
 .text.emFile_Clock_1_Start
                0x00004998       0x34 .\CortexM3\ARM_GCC_541\Debug\SDCard.a(emFile_Clock_1.o)
                0x00004998                emFile_Clock_1_Start
 .text.emFile_Clock_1_Stop
                0x000049cc       0x34 .\CortexM3\ARM_GCC_541\Debug\SDCard.a(emFile_Clock_1.o)
                0x000049cc                emFile_Clock_1_Stop
 .text.emFile_Clock_1_SetDividerRegister
                0x00004a00      0x164 .\CortexM3\ARM_GCC_541\Debug\SDCard.a(emFile_Clock_1.o)
                0x00004a00                emFile_Clock_1_SetDividerRegister
 .text.emFile_Clock_1_GetDividerRegister
                0x00004b64       0x18 .\CortexM3\ARM_GCC_541\Debug\SDCard.a(emFile_Clock_1.o)
                0x00004b64                emFile_Clock_1_GetDividerRegister
 .text.emFile_Clock_1_GetSourceRegister
                0x00004b7c       0x1c .\CortexM3\ARM_GCC_541\Debug\SDCard.a(emFile_Clock_1.o)
                0x00004b7c                emFile_Clock_1_GetSourceRegister
 .text.emFile_SPI0_CS_Write
                0x00004b98       0x3c .\CortexM3\ARM_GCC_541\Debug\SDCard.a(emFile_SPI0_CS.o)
                0x00004b98                emFile_SPI0_CS_Write
 .text.__errno  0x00004bd4        0xc c:/program files (x86)/cypress/psoc creator/4.2/psoc creator/import/gnu/arm/5.4.1/bin/../lib/gcc/arm-none-eabi/5.4.1/../../../../arm-none-eabi/lib/armv7-m\libg_nano.a(lib_a-errno.o)
                0x00004bd4                __errno
 .text.__libc_init_array
                0x00004be0       0x4c c:/program files (x86)/cypress/psoc creator/4.2/psoc creator/import/gnu/arm/5.4.1/bin/../lib/gcc/arm-none-eabi/5.4.1/../../../../arm-none-eabi/lib/armv7-m\libg_nano.a(lib_a-init.o)
                0x00004be0                __libc_init_array
 .text.memcpy   0x00004c2c       0x16 c:/program files (x86)/cypress/psoc creator/4.2/psoc creator/import/gnu/arm/5.4.1/bin/../lib/gcc/arm-none-eabi/5.4.1/../../../../arm-none-eabi/lib/armv7-m\libg_nano.a(lib_a-memcpy-stub.o)
                0x00004c2c                memcpy
 *(.plt)
 *(.gnu.warning)
 *(.glue_7t)
 .glue_7t       0x00004c42        0x0 linker stubs
 *(.glue_7)
 .glue_7        0x00004c42        0x0 linker stubs
 *(.vfp11_veneer)
 .vfp11_veneer  0x00004c42        0x0 linker stubs
 *(.bootloader)
 *(.ARM.extab* .gnu.linkonce.armextab.*)
 *(.gcc_except_table)

.v4_bx          0x00004c44        0x0
 .v4_bx         0x00004c44        0x0 linker stubs

.iplt           0x00004c44        0x0
 .iplt          0x00004c44        0x0 c:/program files (x86)/cypress/psoc creator/4.2/psoc creator/import/gnu/arm/5.4.1/bin/../lib/gcc/arm-none-eabi/5.4.1/armv7-m/crtbegin.o

.eh_frame_hdr
 *(.eh_frame_hdr)

.eh_frame       0x00004c44        0x4
 *(.eh_frame)
 .eh_frame      0x00004c44        0x0 c:/program files (x86)/cypress/psoc creator/4.2/psoc creator/import/gnu/arm/5.4.1/bin/../lib/gcc/arm-none-eabi/5.4.1/armv7-m/crtbegin.o
 .eh_frame      0x00004c44        0x4 c:/program files (x86)/cypress/psoc creator/4.2/psoc creator/import/gnu/arm/5.4.1/bin/../lib/gcc/arm-none-eabi/5.4.1/armv7-m/crtend.o
                [!provide]                PROVIDE (__exidx_start, .)

.ARM.exidx
 *(.ARM.exidx* .gnu.linkonce.armexidx.*)
                0x00004c48                __exidx_end = .

.rodata         0x00004c48      0x528
 *(.rodata .rodata.* .gnu.linkonce.r.*)
 .rodata        0x00004c48      0x1b5 .\CortexM3\ARM_GCC_541\Debug\main.o
 *fill*         0x00004dfd        0x3 
 .rodata        0x00004e00       0xb0 .\CortexM3\ARM_GCC_541\Debug\cyfitter_cfg.o
 .rodata        0x00004eb0       0x98 ..\emFile_V322c\emFile_V322c\LinkLibrary\PSoC5\GCC\libemf32noslfn.a(FAT_FormatSD.o)
 .rodata        0x00004f48       0x10 ..\emFile_V322c\emFile_V322c\LinkLibrary\PSoC5\GCC\libemf32noslfn.a(FAT_Misc.o)
                0x00004f48                FAT_SFN_API
 .rodata.str1.1
                0x00004f58        0x3 ..\emFile_V322c\emFile_V322c\LinkLibrary\PSoC5\GCC\libemf32noslfn.a(FAT_Open.o)
 *fill*         0x00004f5b        0x1 
 .rodata        0x00004f5c       0x78 ..\emFile_V322c\emFile_V322c\LinkLibrary\PSoC5\GCC\libemf32noslfn.a(FS_Misc.o)
 .rodata.str1.1
                0x00004fd4       0x30 ..\emFile_V322c\emFile_V322c\LinkLibrary\PSoC5\GCC\libemf32noslfn.a(FS_Misc.o)
 .rodata        0x00005004       0x18 ..\emFile_V322c\emFile_V322c\LinkLibrary\PSoC5\GCC\libemf32noslfn.a(FAT_Dir.o)
 .rodata        0x0000501c       0x8c ..\emFile_V322c\emFile_V322c\LinkLibrary\PSoC5\GCC\libemf32noslfn.a(FAT_Format.o)
                0x00005034                _acVolumeLabel
 .rodata.str1.1
                0x000050a8       0x24 ..\emFile_V322c\emFile_V322c\LinkLibrary\PSoC5\GCC\libemf32noslfn.a(FAT_Format.o)
 .rodata        0x000050cc       0x68 ..\emFile_V322c\emFile_V322c\LinkLibrary\PSoC5\GCC\libemf32noslfn.a(MMC_Drv.o)
                0x00005114                FS_MMC_SPI_Driver
 .rodata.str1.1
                0x00005134        0x4 ..\emFile_V322c\emFile_V322c\LinkLibrary\PSoC5\GCC\libemf32noslfn.a(MMC_Drv.o)
 .rodata.str1.1
                0x00005138        0x2 c:/program files (x86)/cypress/psoc creator/4.2/psoc creator/import/gnu/arm/5.4.1/bin/../lib/gcc/arm-none-eabi/5.4.1/../../../../arm-none-eabi/lib/armv7-m\libg_nano.a(lib_a-impure.o)
                0x0000513c                . = ALIGN (0x4)
 *fill*         0x0000513a        0x2 
 *(.init)
 .init          0x0000513c        0x4 c:/program files (x86)/cypress/psoc creator/4.2/psoc creator/import/gnu/arm/5.4.1/bin/../lib/gcc/arm-none-eabi/5.4.1/armv7-m/crti.o
                0x0000513c                _init
 .init          0x00005140        0x8 c:/program files (x86)/cypress/psoc creator/4.2/psoc creator/import/gnu/arm/5.4.1/bin/../lib/gcc/arm-none-eabi/5.4.1/armv7-m/crtn.o
                0x00005148                . = ALIGN (0x4)
                0x00005148                __preinit_array_start = .
 *(.preinit_array)
                0x00005148                __preinit_array_end = .
                0x00005148                . = ALIGN (0x4)
                0x00005148                __init_array_start = .
 *(SORT(.init_array.*))
 *(.init_array)
 .init_array    0x00005148        0x4 c:/program files (x86)/cypress/psoc creator/4.2/psoc creator/import/gnu/arm/5.4.1/bin/../lib/gcc/arm-none-eabi/5.4.1/armv7-m/crtbegin.o
 .init_array    0x0000514c        0x4 .\CortexM3\ARM_GCC_541\Debug\Cm3Start.o
                0x00005150                __init_array_end = .
                0x00005150                . = ALIGN (0x4)
 *(.fini)
 .fini          0x00005150        0x4 c:/program files (x86)/cypress/psoc creator/4.2/psoc creator/import/gnu/arm/5.4.1/bin/../lib/gcc/arm-none-eabi/5.4.1/armv7-m/crti.o
                0x00005150                _fini
 .fini          0x00005154        0x8 c:/program files (x86)/cypress/psoc creator/4.2/psoc creator/import/gnu/arm/5.4.1/bin/../lib/gcc/arm-none-eabi/5.4.1/armv7-m/crtn.o
                0x0000515c                . = ALIGN (0x4)
                0x0000515c                __fini_array_start = .
 *(.fini_array)
 .fini_array    0x0000515c        0x4 c:/program files (x86)/cypress/psoc creator/4.2/psoc creator/import/gnu/arm/5.4.1/bin/../lib/gcc/arm-none-eabi/5.4.1/armv7-m/crtbegin.o
 *(SORT(.fini_array.*))
                0x00005160                __fini_array_end = .
                0x00005160                . = ALIGN (0x4)
 *crtbegin.o(.ctors)
 *(EXCLUDE_FILE(*crtend.o) .ctors)
 *(SORT(.ctors.*))
 *crtend.o(.ctors)
                0x00005160                . = ALIGN (0x4)
 *crtbegin.o(.dtors)
 *(EXCLUDE_FILE(*crtend.o) .dtors)
 *(SORT(.dtors.*))
 *crtend.o(.dtors)
                0x00005160                . = ALIGN (0x4)
                0x00005160                __cy_regions = .
                0x00005160        0x4 LONG 0x5170 __cy_region_init_ram
                0x00005164        0x4 LONG 0x1fff80c8 __cy_region_start_data
                0x00005168        0x4 LONG 0x90 __cy_region_init_size_ram
                0x0000516c        0x4 LONG 0x10d8 __cy_region_zero_size_ram
                0x00005170                __cy_regions_end = .
                0x00005170                . = ALIGN (0x8)
                0x00005170                _etext = .

.cy_checksum_exclude
                0x00005170        0x0
 *(.cy_checksum_exclude)

.ramvectors     0x1fff8000       0xc0
                0x1fff8000                __cy_region_start_ram = .
 *(.ramvectors)
 .ramvectors    0x1fff8000       0xc0 .\CortexM3\ARM_GCC_541\Debug\Cm3Start.o
                0x1fff8000                CyRamVectors

.noinit         0x1fff80c0        0x5
 *(.noinit)
 .noinit        0x1fff80c0        0x4 .\CortexM3\ARM_GCC_541\Debug\Cm3Start.o
 .noinit        0x1fff80c4        0x1 .\CortexM3\ARM_GCC_541\Debug\SDCard.a(CyLib.o)
                0x1fff80c4                CyResetStatus

.data           0x1fff80c8       0x90 load address 0x00005170
                0x1fff80c8                __cy_region_start_data = .
 *(.jcr)
 .jcr           0x1fff80c8        0x0 c:/program files (x86)/cypress/psoc creator/4.2/psoc creator/import/gnu/arm/5.4.1/bin/../lib/gcc/arm-none-eabi/5.4.1/armv7-m/crtbegin.o
 .jcr           0x1fff80c8        0x4 c:/program files (x86)/cypress/psoc creator/4.2/psoc creator/import/gnu/arm/5.4.1/bin/../lib/gcc/arm-none-eabi/5.4.1/armv7-m/crtend.o
 *(.got.plt)
 *(.got)
 *(.shdata)
 *(.data .data.* .gnu.linkonce.d.*)
 .data          0x1fff80cc        0x9 .\CortexM3\ARM_GCC_541\Debug\main.o
                0x1fff80cc                sdFile
 *fill*         0x1fff80d5        0x3 
 .data          0x1fff80d8       0x10 .\CortexM3\ARM_GCC_541\Debug\SDCard.a(CyLib.o)
                0x1fff80d8                cydelay_freq_hz
                0x1fff80dc                cydelay_freq_khz
                0x1fff80e0                cydelay_freq_mhz
                0x1fff80e4                cydelay_32k_ms
 .data          0x1fff80e8        0x4 ..\emFile_V322c\emFile_V322c\LinkLibrary\PSoC5\GCC\libemf32noslfn.a(FAT_Misc.o)
                0x1fff80e8                FAT_pDirEntryAPI
 .data          0x1fff80ec        0x4 ..\emFile_V322c\emFile_V322c\LinkLibrary\PSoC5\GCC\libemf32noslfn.a(MMC_Drv.o)
 .data.impure_data
                0x1fff80f0       0x60 c:/program files (x86)/cypress/psoc creator/4.2/psoc creator/import/gnu/arm/5.4.1/bin/../lib/gcc/arm-none-eabi/5.4.1/../../../../arm-none-eabi/lib/armv7-m\libg_nano.a(lib_a-impure.o)
 .data._impure_ptr
                0x1fff8150        0x4 c:/program files (x86)/cypress/psoc creator/4.2/psoc creator/import/gnu/arm/5.4.1/bin/../lib/gcc/arm-none-eabi/5.4.1/../../../../arm-none-eabi/lib/armv7-m\libg_nano.a(lib_a-impure.o)
                0x1fff8150                _impure_ptr
                0x1fff8158                . = ALIGN (0x8)
 *fill*         0x1fff8154        0x4 
 *(.ram)
                0x1fff8158                _edata = .

.igot.plt       0x1fff8158        0x0 load address 0x00005200
 .igot.plt      0x1fff8158        0x0 c:/program files (x86)/cypress/psoc creator/4.2/psoc creator/import/gnu/arm/5.4.1/bin/../lib/gcc/arm-none-eabi/5.4.1/armv7-m/crtbegin.o

.bss            0x1fff8158     0x10d8 load address 0x00005200
                0x1fff8158                PROVIDE (__bss_start__, .)
 *(.shbss)
 *(.bss .bss.* .gnu.linkonce.b.*)
 .bss           0x1fff8158       0x1c c:/program files (x86)/cypress/psoc creator/4.2/psoc creator/import/gnu/arm/5.4.1/bin/../lib/gcc/arm-none-eabi/5.4.1/armv7-m/crtbegin.o
 *fill*         0x1fff8174        0x4 
 .bss           0x1fff8178        0x4 .\CortexM3\ARM_GCC_541\Debug\cyfitter_cfg.o
 .bss           0x1fff817c        0x2 .\CortexM3\ARM_GCC_541\Debug\SDCard.a(UART.o)
                0x1fff817c                UART_initVar
 *fill*         0x1fff817e        0x2 
 .bss           0x1fff8180        0xc ..\emFile_V322c\emFile_V322c\LinkLibrary\PSoC5\GCC\libemf32noslfn.a(FS_Core.o)
 .bss           0x1fff818c     0x1000 .\CortexM3\ARM_GCC_541\Debug\SDCard.a(emFile_ConfigMMC_SPI.o)
 .bss           0x1fff918c       0x14 ..\emFile_V322c\emFile_V322c\LinkLibrary\PSoC5\GCC\libemf32noslfn.a(MMC_Drv.o)
 .bss           0x1fff91a0        0x1 .\CortexM3\ARM_GCC_541\Debug\SDCard.a(emFile_MMC_HW_SPI.o)
 .bss           0x1fff91a1        0x1 .\CortexM3\ARM_GCC_541\Debug\SDCard.a(emFile_SPI0.o)
                0x1fff91a1                emFile_SPI0_initVar
 *(COMMON)
 *fill*         0x1fff91a2        0x2 
 COMMON         0x1fff91a4       0x88 ..\emFile_V322c\emFile_V322c\LinkLibrary\PSoC5\GCC\libemf32noslfn.a(FS_Core.o)
                0x1fff91a4                FS_Global
                0x1fff9228                FS_NumBytesAllocated
                0x1fff9230                . = ALIGN (0x8)
 *fill*         0x1fff922c        0x4 
 *(.ram.b)
                0x1fff9230                _end = .
                0x1fff9230                __end = .
                0x1fff9230                PROVIDE (end, .)
                0x1fff9230                PROVIDE (__bss_end__, .)
                0x00005170                __cy_region_init_ram = LOADADDR (.data)
                0x00000090                __cy_region_init_size_ram = (_edata - ADDR (.data))
                0x000010d8                __cy_region_zero_size_ram = (_end - _edata)

.heap           0x1fff9230       0x80 load address 0x00005200
                0x1fff9230                . = _end
                0x1fff92b0                . = (. + 0x80)
 *fill*         0x1fff9230       0x80 
                0x1fff92b0                __cy_heap_limit = .

.stack          0x20007800      0x800
                0x20007800                __cy_stack_limit = .
                0x20008000                . = (. + 0x800)
 *fill*         0x20007800      0x800 
                0x00000001                ASSERT ((__cy_stack_limit >= __cy_heap_limit), region RAM overflowed with stack)
                0x00000000                cy_checksum_exclude_size = (CY_APPL_LOADABLE == 0x1)?SIZEOF (.cy_checksum_exclude):0x0
                0x00000001                ASSERT ((cy_checksum_exclude_size <= CY_CHECKSUM_EXCLUDE_SIZE), CY_BOOT: Section .cy_checksum_exclude size exceedes specified limit.)

.cyloadermeta
 *(.cyloadermeta)

.cyloadablemeta
 *(.cyloadablemeta)

.cyconfigecc    0x80000000      0xb0c
 *(.cyconfigecc)
 .cyconfigecc   0x80000000      0xb0c .\CortexM3\ARM_GCC_541\Debug\cymetadata.o
                0x80000000                cy_meta_configecc

.cycustnvl      0x90000000        0x4
 *(.cycustnvl)
 .cycustnvl     0x90000000        0x4 .\CortexM3\ARM_GCC_541\Debug\cymetadata.o
                0x90000000                cy_meta_custnvl

.cywolatch      0x90100000        0x4
 *(.cywolatch)
 .cywolatch     0x90100000        0x4 .\CortexM3\ARM_GCC_541\Debug\cymetadata.o
                0x90100000                cy_meta_wonvl

.cyeeprom       0x90200000        0x0
 *(.cyeeprom)
                0x00000001                ASSERT ((. <= ((0x90200000 + ee_offset) + ee_size)), .cyeeprom data will not fit in EEPROM)

.cyflashprotect
                0x90400000      0x100
 *(.cyflashprotect)
 .cyflashprotect
                0x90400000      0x100 .\CortexM3\ARM_GCC_541\Debug\cymetadata.o
                0x90400000                cy_meta_flashprotect

.cymeta         0x90500000        0xc
 *(.cymeta)
 .cymeta        0x90500000        0xc .\CortexM3\ARM_GCC_541\Debug\cymetadata.o
                0x90500000                cy_metadata

.rel.dyn        0x00005200        0x0 load address 0x9050000c
 .rel.iplt      0x00005200        0x0 c:/program files (x86)/cypress/psoc creator/4.2/psoc creator/import/gnu/arm/5.4.1/bin/../lib/gcc/arm-none-eabi/5.4.1/armv7-m/crtbegin.o

.stab
 *(.stab)

.stabstr
 *(.stabstr)

.debug
 *(.debug)

.line
 *(.line)

.debug_srcinfo
 *(.debug_srcinfo)

.debug_sfnames
 *(.debug_sfnames)

.debug_aranges  0x00000000      0x8a0
 *(.debug_aranges)
 .debug_aranges
                0x00000000       0x20 .\CortexM3\ARM_GCC_541\Debug\main.o
 .debug_aranges
                0x00000020       0x60 .\CortexM3\ARM_GCC_541\Debug\cyfitter_cfg.o
 .debug_aranges
                0x00000080       0x18 .\CortexM3\ARM_GCC_541\Debug\cymetadata.o
 .debug_aranges
                0x00000098       0x48 .\CortexM3\ARM_GCC_541\Debug\Cm3Start.o
 .debug_aranges
                0x000000e0      0x2a0 .\CortexM3\ARM_GCC_541\Debug\SDCard.a(CyLib.o)
 .debug_aranges
                0x00000380       0x98 .\CortexM3\ARM_GCC_541\Debug\SDCard.a(cyPm.o)
 .debug_aranges
                0x00000418       0xf0 .\CortexM3\ARM_GCC_541\Debug\SDCard.a(UART.o)
 .debug_aranges
                0x00000508       0x70 .\CortexM3\ARM_GCC_541\Debug\SDCard.a(UART_IntClock.o)
 .debug_aranges
                0x00000578       0x20 .\CortexM3\ARM_GCC_541\Debug\SDCard.a(CyBootAsmGnu.o)
 .debug_aranges
                0x00000598       0x80 .\CortexM3\ARM_GCC_541\Debug\SDCard.a(CyFlash.o)
 .debug_aranges
                0x00000618       0x78 .\CortexM3\ARM_GCC_541\Debug\SDCard.a(CySpc.o)
 .debug_aranges
                0x00000690       0x28 .\CortexM3\ARM_GCC_541\Debug\SDCard.a(emFile_ConfigMMC_SPI.o)
 .debug_aranges
                0x000006b8       0x68 .\CortexM3\ARM_GCC_541\Debug\SDCard.a(emFile_MMC_HW_SPI.o)
 .debug_aranges
                0x00000720       0xd8 .\CortexM3\ARM_GCC_541\Debug\SDCard.a(emFile_SPI0.o)
 .debug_aranges
                0x000007f8       0x70 .\CortexM3\ARM_GCC_541\Debug\SDCard.a(emFile_Clock_1.o)
 .debug_aranges
                0x00000868       0x38 .\CortexM3\ARM_GCC_541\Debug\SDCard.a(emFile_SPI0_CS.o)

.debug_pubnames
 *(.debug_pubnames)

.debug_info     0x00000000     0x3a3e
 *(.debug_info .gnu.linkonce.wi.*)
 .debug_info    0x00000000      0x133 .\CortexM3\ARM_GCC_541\Debug\main.o
 .debug_info    0x00000133      0x3dd .\CortexM3\ARM_GCC_541\Debug\cyfitter_cfg.o
 .debug_info    0x00000510      0x139 .\CortexM3\ARM_GCC_541\Debug\cymetadata.o
 .debug_info    0x00000649      0x32b .\CortexM3\ARM_GCC_541\Debug\Cm3Start.o
 .debug_info    0x00000974      0xe51 .\CortexM3\ARM_GCC_541\Debug\SDCard.a(CyLib.o)
 .debug_info    0x000017c5      0x57a .\CortexM3\ARM_GCC_541\Debug\SDCard.a(cyPm.o)
 .debug_info    0x00001d3f      0x50a .\CortexM3\ARM_GCC_541\Debug\SDCard.a(UART.o)
 .debug_info    0x00002249      0x25d .\CortexM3\ARM_GCC_541\Debug\SDCard.a(UART_IntClock.o)
 .debug_info    0x000024a6       0x9d .\CortexM3\ARM_GCC_541\Debug\SDCard.a(CyBootAsmGnu.o)
 .debug_info    0x00002543      0x371 .\CortexM3\ARM_GCC_541\Debug\SDCard.a(CyFlash.o)
 .debug_info    0x000028b4      0x45a .\CortexM3\ARM_GCC_541\Debug\SDCard.a(CySpc.o)
 .debug_info    0x00002d0e      0x281 .\CortexM3\ARM_GCC_541\Debug\SDCard.a(emFile_ConfigMMC_SPI.o)
 .debug_info    0x00002f8f      0x340 .\CortexM3\ARM_GCC_541\Debug\SDCard.a(emFile_MMC_HW_SPI.o)
 .debug_info    0x000032cf      0x3f4 .\CortexM3\ARM_GCC_541\Debug\SDCard.a(emFile_SPI0.o)
 .debug_info    0x000036c3      0x25d .\CortexM3\ARM_GCC_541\Debug\SDCard.a(emFile_Clock_1.o)
 .debug_info    0x00003920      0x11e .\CortexM3\ARM_GCC_541\Debug\SDCard.a(emFile_SPI0_CS.o)

.debug_abbrev   0x00000000     0x1261
 *(.debug_abbrev)
 .debug_abbrev  0x00000000       0xad .\CortexM3\ARM_GCC_541\Debug\main.o
 .debug_abbrev  0x000000ad      0x183 .\CortexM3\ARM_GCC_541\Debug\cyfitter_cfg.o
 .debug_abbrev  0x00000230       0x77 .\CortexM3\ARM_GCC_541\Debug\cymetadata.o
 .debug_abbrev  0x000002a7      0x1d6 .\CortexM3\ARM_GCC_541\Debug\Cm3Start.o
 .debug_abbrev  0x0000047d      0x217 .\CortexM3\ARM_GCC_541\Debug\SDCard.a(CyLib.o)
 .debug_abbrev  0x00000694      0x161 .\CortexM3\ARM_GCC_541\Debug\SDCard.a(cyPm.o)
 .debug_abbrev  0x000007f5      0x163 .\CortexM3\ARM_GCC_541\Debug\SDCard.a(UART.o)
 .debug_abbrev  0x00000958      0x11d .\CortexM3\ARM_GCC_541\Debug\SDCard.a(UART_IntClock.o)
 .debug_abbrev  0x00000a75       0x14 .\CortexM3\ARM_GCC_541\Debug\SDCard.a(CyBootAsmGnu.o)
 .debug_abbrev  0x00000a89      0x13c .\CortexM3\ARM_GCC_541\Debug\SDCard.a(CyFlash.o)
 .debug_abbrev  0x00000bc5      0x16c .\CortexM3\ARM_GCC_541\Debug\SDCard.a(CySpc.o)
 .debug_abbrev  0x00000d31      0x101 .\CortexM3\ARM_GCC_541\Debug\SDCard.a(emFile_ConfigMMC_SPI.o)
 .debug_abbrev  0x00000e32      0x12c .\CortexM3\ARM_GCC_541\Debug\SDCard.a(emFile_MMC_HW_SPI.o)
 .debug_abbrev  0x00000f5e      0x156 .\CortexM3\ARM_GCC_541\Debug\SDCard.a(emFile_SPI0.o)
 .debug_abbrev  0x000010b4      0x11d .\CortexM3\ARM_GCC_541\Debug\SDCard.a(emFile_Clock_1.o)
 .debug_abbrev  0x000011d1       0x90 .\CortexM3\ARM_GCC_541\Debug\SDCard.a(emFile_SPI0_CS.o)

.debug_line     0x00000000     0x246f
 *(.debug_line)
 .debug_line    0x00000000      0x1e6 .\CortexM3\ARM_GCC_541\Debug\main.o
 .debug_line    0x000001e6      0x236 .\CortexM3\ARM_GCC_541\Debug\cyfitter_cfg.o
 .debug_line    0x0000041c      0x141 .\CortexM3\ARM_GCC_541\Debug\cymetadata.o
 .debug_line    0x0000055d      0x1dc .\CortexM3\ARM_GCC_541\Debug\Cm3Start.o
 .debug_line    0x00000739      0x883 .\CortexM3\ARM_GCC_541\Debug\SDCard.a(CyLib.o)
 .debug_line    0x00000fbc      0x38e .\CortexM3\ARM_GCC_541\Debug\SDCard.a(cyPm.o)
 .debug_line    0x0000134a      0x2e2 .\CortexM3\ARM_GCC_541\Debug\SDCard.a(UART.o)
 .debug_line    0x0000162c      0x1ac .\CortexM3\ARM_GCC_541\Debug\SDCard.a(UART_IntClock.o)
 .debug_line    0x000017d8       0x66 .\CortexM3\ARM_GCC_541\Debug\SDCard.a(CyBootAsmGnu.o)
 .debug_line    0x0000183e      0x205 .\CortexM3\ARM_GCC_541\Debug\SDCard.a(CyFlash.o)
 .debug_line    0x00001a43      0x212 .\CortexM3\ARM_GCC_541\Debug\SDCard.a(CySpc.o)
 .debug_line    0x00001c55       0xc3 .\CortexM3\ARM_GCC_541\Debug\SDCard.a(emFile_ConfigMMC_SPI.o)
 .debug_line    0x00001d18      0x2a5 .\CortexM3\ARM_GCC_541\Debug\SDCard.a(emFile_MMC_HW_SPI.o)
 .debug_line    0x00001fbd      0x267 .\CortexM3\ARM_GCC_541\Debug\SDCard.a(emFile_SPI0.o)
 .debug_line    0x00002224      0x1ad .\CortexM3\ARM_GCC_541\Debug\SDCard.a(emFile_Clock_1.o)
 .debug_line    0x000023d1       0x9e .\CortexM3\ARM_GCC_541\Debug\SDCard.a(emFile_SPI0_CS.o)

.debug_frame    0x00000000     0x2350
 *(.debug_frame)
 .debug_frame   0x00000000       0x30 .\CortexM3\ARM_GCC_541\Debug\main.o
 .debug_frame   0x00000030      0x160 .\CortexM3\ARM_GCC_541\Debug\cyfitter_cfg.o
 .debug_frame   0x00000190       0xd8 .\CortexM3\ARM_GCC_541\Debug\Cm3Start.o
 .debug_frame   0x00000268      0xc0c .\CortexM3\ARM_GCC_541\Debug\SDCard.a(CyLib.o)
 .debug_frame   0x00000e74      0x234 .\CortexM3\ARM_GCC_541\Debug\SDCard.a(cyPm.o)
 .debug_frame   0x000010a8      0x42c .\CortexM3\ARM_GCC_541\Debug\SDCard.a(UART.o)
 .debug_frame   0x000014d4      0x1b4 .\CortexM3\ARM_GCC_541\Debug\SDCard.a(UART_IntClock.o)
 .debug_frame   0x00001688      0x210 .\CortexM3\ARM_GCC_541\Debug\SDCard.a(CyFlash.o)
 .debug_frame   0x00001898      0x1f8 .\CortexM3\ARM_GCC_541\Debug\SDCard.a(CySpc.o)
 .debug_frame   0x00001a90       0x54 .\CortexM3\ARM_GCC_541\Debug\SDCard.a(emFile_ConfigMMC_SPI.o)
 .debug_frame   0x00001ae4      0x1a0 .\CortexM3\ARM_GCC_541\Debug\SDCard.a(emFile_MMC_HW_SPI.o)
 .debug_frame   0x00001c84      0x38c .\CortexM3\ARM_GCC_541\Debug\SDCard.a(emFile_SPI0.o)
 .debug_frame   0x00002010      0x1b4 .\CortexM3\ARM_GCC_541\Debug\SDCard.a(emFile_Clock_1.o)
 .debug_frame   0x000021c4       0xa8 .\CortexM3\ARM_GCC_541\Debug\SDCard.a(emFile_SPI0_CS.o)
 .debug_frame   0x0000226c       0x20 c:/program files (x86)/cypress/psoc creator/4.2/psoc creator/import/gnu/arm/5.4.1/bin/../lib/gcc/arm-none-eabi/5.4.1/../../../../arm-none-eabi/lib/armv7-m\libg_nano.a(lib_a-errno.o)
 .debug_frame   0x0000228c       0x28 c:/program files (x86)/cypress/psoc creator/4.2/psoc creator/import/gnu/arm/5.4.1/bin/../lib/gcc/arm-none-eabi/5.4.1/../../../../arm-none-eabi/lib/armv7-m\libg_nano.a(lib_a-exit.o)
 .debug_frame   0x000022b4       0x2c c:/program files (x86)/cypress/psoc creator/4.2/psoc creator/import/gnu/arm/5.4.1/bin/../lib/gcc/arm-none-eabi/5.4.1/../../../../arm-none-eabi/lib/armv7-m\libg_nano.a(lib_a-init.o)
 .debug_frame   0x000022e0       0x28 c:/program files (x86)/cypress/psoc creator/4.2/psoc creator/import/gnu/arm/5.4.1/bin/../lib/gcc/arm-none-eabi/5.4.1/../../../../arm-none-eabi/lib/armv7-m\libg_nano.a(lib_a-memcmp.o)
 .debug_frame   0x00002308       0x28 c:/program files (x86)/cypress/psoc creator/4.2/psoc creator/import/gnu/arm/5.4.1/bin/../lib/gcc/arm-none-eabi/5.4.1/../../../../arm-none-eabi/lib/armv7-m\libg_nano.a(lib_a-memcpy-stub.o)
 .debug_frame   0x00002330       0x20 c:/program files (x86)/cypress/psoc creator/4.2/psoc creator/import/gnu/arm/5.4.1/bin/../lib/gcc/arm-none-eabi/5.4.1/../../../../arm-none-eabi/lib/armv7-m\libg_nano.a(lib_a-memset.o)

.debug_str      0x00000000     0x1dcc
 *(.debug_str)
 .debug_str     0x00000000      0x18a .\CortexM3\ARM_GCC_541\Debug\main.o
                                0x1d2 (size before relaxing)
 .debug_str     0x0000018a      0x1a9 .\CortexM3\ARM_GCC_541\Debug\cyfitter_cfg.o
                                0x336 (size before relaxing)
 .debug_str     0x00000333       0x7f .\CortexM3\ARM_GCC_541\Debug\cymetadata.o
                                0x1f1 (size before relaxing)
 .debug_str     0x000003b2      0x124 .\CortexM3\ARM_GCC_541\Debug\Cm3Start.o
                                0x2e4 (size before relaxing)
 .debug_str     0x000004d6      0x812 .\CortexM3\ARM_GCC_541\Debug\SDCard.a(CyLib.o)
                                0x9f7 (size before relaxing)
 .debug_str     0x00000ce8      0x371 .\CortexM3\ARM_GCC_541\Debug\SDCard.a(cyPm.o)
                                0x550 (size before relaxing)
 .debug_str     0x00001059      0x280 .\CortexM3\ARM_GCC_541\Debug\SDCard.a(UART.o)
                                0x42e (size before relaxing)
 .debug_str     0x000012d9      0x1aa .\CortexM3\ARM_GCC_541\Debug\SDCard.a(UART_IntClock.o)
                                0x343 (size before relaxing)
 .debug_str     0x00001483      0x145 .\CortexM3\ARM_GCC_541\Debug\SDCard.a(CyFlash.o)
                                0x303 (size before relaxing)
 .debug_str     0x000015c8      0x126 .\CortexM3\ARM_GCC_541\Debug\SDCard.a(CySpc.o)
                                0x300 (size before relaxing)
 .debug_str     0x000016ee       0xdf .\CortexM3\ARM_GCC_541\Debug\SDCard.a(emFile_ConfigMMC_SPI.o)
                                0x25b (size before relaxing)
 .debug_str     0x000017cd      0x153 .\CortexM3\ARM_GCC_541\Debug\SDCard.a(emFile_MMC_HW_SPI.o)
                                0x30a (size before relaxing)
 .debug_str     0x00001920      0x2ae .\CortexM3\ARM_GCC_541\Debug\SDCard.a(emFile_SPI0.o)
                                0x489 (size before relaxing)
 .debug_str     0x00001bce      0x16b .\CortexM3\ARM_GCC_541\Debug\SDCard.a(emFile_Clock_1.o)
                                0x34f (size before relaxing)
 .debug_str     0x00001d39       0x93 .\CortexM3\ARM_GCC_541\Debug\SDCard.a(emFile_SPI0_CS.o)
                                0x21c (size before relaxing)

.debug_loc
 *(.debug_loc)

.debug_macinfo
 *(.debug_macinfo)

.debug_ranges   0x00000000      0x788
 *(.debug_ranges)
 .debug_ranges  0x00000000       0x10 .\CortexM3\ARM_GCC_541\Debug\main.o
 .debug_ranges  0x00000010       0x50 .\CortexM3\ARM_GCC_541\Debug\cyfitter_cfg.o
 .debug_ranges  0x00000060       0x38 .\CortexM3\ARM_GCC_541\Debug\Cm3Start.o
 .debug_ranges  0x00000098      0x290 .\CortexM3\ARM_GCC_541\Debug\SDCard.a(CyLib.o)
 .debug_ranges  0x00000328       0x88 .\CortexM3\ARM_GCC_541\Debug\SDCard.a(cyPm.o)
 .debug_ranges  0x000003b0       0xe0 .\CortexM3\ARM_GCC_541\Debug\SDCard.a(UART.o)
 .debug_ranges  0x00000490       0x60 .\CortexM3\ARM_GCC_541\Debug\SDCard.a(UART_IntClock.o)
 .debug_ranges  0x000004f0       0x70 .\CortexM3\ARM_GCC_541\Debug\SDCard.a(CyFlash.o)
 .debug_ranges  0x00000560       0x68 .\CortexM3\ARM_GCC_541\Debug\SDCard.a(CySpc.o)
 .debug_ranges  0x000005c8       0x18 .\CortexM3\ARM_GCC_541\Debug\SDCard.a(emFile_ConfigMMC_SPI.o)
 .debug_ranges  0x000005e0       0x58 .\CortexM3\ARM_GCC_541\Debug\SDCard.a(emFile_MMC_HW_SPI.o)
 .debug_ranges  0x00000638       0xc8 .\CortexM3\ARM_GCC_541\Debug\SDCard.a(emFile_SPI0.o)
 .debug_ranges  0x00000700       0x60 .\CortexM3\ARM_GCC_541\Debug\SDCard.a(emFile_Clock_1.o)
 .debug_ranges  0x00000760       0x28 .\CortexM3\ARM_GCC_541\Debug\SDCard.a(emFile_SPI0_CS.o)

.comment        0x00000000      0x5a3
 .comment       0x00000000       0x6e .\CortexM3\ARM_GCC_541\Debug\main.o
                                 0x6f (size before relaxing)
 .comment       0x0000006e       0x6f .\CortexM3\ARM_GCC_541\Debug\cyfitter_cfg.o
 .comment       0x0000006e       0x6f .\CortexM3\ARM_GCC_541\Debug\cymetadata.o
 .comment       0x0000006e       0x6f .\CortexM3\ARM_GCC_541\Debug\Cm3Start.o
 .comment       0x0000006e       0x6f .\CortexM3\ARM_GCC_541\Debug\SDCard.a(CyLib.o)
 .comment       0x0000006e       0x6f .\CortexM3\ARM_GCC_541\Debug\SDCard.a(cyPm.o)
 .comment       0x0000006e       0x6f .\CortexM3\ARM_GCC_541\Debug\SDCard.a(UART.o)
 .comment       0x0000006e       0x6f .\CortexM3\ARM_GCC_541\Debug\SDCard.a(UART_IntClock.o)
 .comment       0x0000006e       0x6f .\CortexM3\ARM_GCC_541\Debug\SDCard.a(CyFlash.o)
 .comment       0x0000006e       0x6f .\CortexM3\ARM_GCC_541\Debug\SDCard.a(CySpc.o)
 .comment       0x0000006e       0x2b ..\emFile_V322c\emFile_V322c\LinkLibrary\PSoC5\GCC\libemf32noslfn.a(FAT_FormatSD.o)
 .comment       0x00000099       0x2b ..\emFile_V322c\emFile_V322c\LinkLibrary\PSoC5\GCC\libemf32noslfn.a(FAT_Misc.o)
 .comment       0x000000c4       0x2b ..\emFile_V322c\emFile_V322c\LinkLibrary\PSoC5\GCC\libemf32noslfn.a(FAT_Open.o)
 .comment       0x000000ef       0x2b ..\emFile_V322c\emFile_V322c\LinkLibrary\PSoC5\GCC\libemf32noslfn.a(FAT_Write.o)
 .comment       0x0000011a       0x2b ..\emFile_V322c\emFile_V322c\LinkLibrary\PSoC5\GCC\libemf32noslfn.a(FS_CLib.o)
 .comment       0x00000145       0x2b ..\emFile_V322c\emFile_V322c\LinkLibrary\PSoC5\GCC\libemf32noslfn.a(FS_CopyFile.o)
 .comment       0x00000170       0x2b ..\emFile_V322c\emFile_V322c\LinkLibrary\PSoC5\GCC\libemf32noslfn.a(FS_Core.o)
 .comment       0x0000019b       0x2b ..\emFile_V322c\emFile_V322c\LinkLibrary\PSoC5\GCC\libemf32noslfn.a(FS_Dir.o)
 .comment       0x000001c6       0x2b ..\emFile_V322c\emFile_V322c\LinkLibrary\PSoC5\GCC\libemf32noslfn.a(FS_GetFileSize.o)
 .comment       0x000001f1       0x2b ..\emFile_V322c\emFile_V322c\LinkLibrary\PSoC5\GCC\libemf32noslfn.a(FS_LogBlock.o)
 .comment       0x0000021c       0x2b ..\emFile_V322c\emFile_V322c\LinkLibrary\PSoC5\GCC\libemf32noslfn.a(FS_memcpy.o)
 .comment       0x00000247       0x2b ..\emFile_V322c\emFile_V322c\LinkLibrary\PSoC5\GCC\libemf32noslfn.a(FS_Misc.o)
 .comment       0x00000272       0x2b ..\emFile_V322c\emFile_V322c\LinkLibrary\PSoC5\GCC\libemf32noslfn.a(FS_Read.o)
 .comment       0x0000029d       0x2b ..\emFile_V322c\emFile_V322c\LinkLibrary\PSoC5\GCC\libemf32noslfn.a(FS_SetEndOfFile.o)
 .comment       0x000002c8       0x2b ..\emFile_V322c\emFile_V322c\LinkLibrary\PSoC5\GCC\libemf32noslfn.a(FS_Storage.o)
 .comment       0x000002f3       0x2b ..\emFile_V322c\emFile_V322c\LinkLibrary\PSoC5\GCC\libemf32noslfn.a(FS_Time.o)
 .comment       0x0000031e       0x2b ..\emFile_V322c\emFile_V322c\LinkLibrary\PSoC5\GCC\libemf32noslfn.a(FS_Unmount.o)
 .comment       0x00000349       0x2b ..\emFile_V322c\emFile_V322c\LinkLibrary\PSoC5\GCC\libemf32noslfn.a(FS_Volume.o)
 .comment       0x00000374       0x2b ..\emFile_V322c\emFile_V322c\LinkLibrary\PSoC5\GCC\libemf32noslfn.a(FS_Write.o)
 .comment       0x0000039f       0x2b ..\emFile_V322c\emFile_V322c\LinkLibrary\PSoC5\GCC\libemf32noslfn.a(FAT_CheckDisk.o)
 .comment       0x000003ca       0x2b ..\emFile_V322c\emFile_V322c\LinkLibrary\PSoC5\GCC\libemf32noslfn.a(FAT_Dir.o)
 .comment       0x000003f5       0x2b ..\emFile_V322c\emFile_V322c\LinkLibrary\PSoC5\GCC\libemf32noslfn.a(FAT_DirEntry.o)
 .comment       0x00000420       0x2b ..\emFile_V322c\emFile_V322c\LinkLibrary\PSoC5\GCC\libemf32noslfn.a(FAT_DiskInfo.o)
 .comment       0x0000044b       0x2b ..\emFile_V322c\emFile_V322c\LinkLibrary\PSoC5\GCC\libemf32noslfn.a(FAT_Format.o)
 .comment       0x00000476       0x2b ..\emFile_V322c\emFile_V322c\LinkLibrary\PSoC5\GCC\libemf32noslfn.a(FAT_Read.o)
 .comment       0x000004a1       0x2b ..\emFile_V322c\emFile_V322c\LinkLibrary\PSoC5\GCC\libemf32noslfn.a(FAT_SetEndOfFile.o)
 .comment       0x000004cc       0x2b ..\emFile_V322c\emFile_V322c\LinkLibrary\PSoC5\GCC\libemf32noslfn.a(FAT_VolumeLabel.o)
 .comment       0x000004f7       0x2b ..\emFile_V322c\emFile_V322c\LinkLibrary\PSoC5\GCC\libemf32noslfn.a(FS_Attrib.o)
 .comment       0x00000522       0x2b ..\emFile_V322c\emFile_V322c\LinkLibrary\PSoC5\GCC\libemf32noslfn.a(FS_Partition.o)
 .comment       0x0000054d       0x6f .\CortexM3\ARM_GCC_541\Debug\SDCard.a(emFile_ConfigMMC_SPI.o)
 .comment       0x0000054d       0x2b ..\emFile_V322c\emFile_V322c\LinkLibrary\PSoC5\GCC\libemf32noslfn.a(MMC_Drv.o)
 .comment       0x00000578       0x2b ..\emFile_V322c\emFile_V322c\LinkLibrary\PSoC5\GCC\libemf32noslfn.a(FS_CRC16.o)
 .comment       0x000005a3       0x6f .\CortexM3\ARM_GCC_541\Debug\SDCard.a(emFile_MMC_HW_SPI.o)
 .comment       0x000005a3       0x6f .\CortexM3\ARM_GCC_541\Debug\SDCard.a(emFile_SPI0.o)
 .comment       0x000005a3       0x6f .\CortexM3\ARM_GCC_541\Debug\SDCard.a(emFile_Clock_1.o)
 .comment       0x000005a3       0x6f .\CortexM3\ARM_GCC_541\Debug\SDCard.a(emFile_SPI0_CS.o)

.debug_weaknames
 *(.debug_weaknames)

.debug_funcnames
 *(.debug_funcnames)

.debug_typenames
 *(.debug_typenames)

.debug_varnames
 *(.debug_varnames)

.note.gnu.arm.ident
 *(.note.gnu.arm.ident)

.ARM.attributes
                0x00000000       0x29
 *(.ARM.attributes)
 .ARM.attributes
                0x00000000       0x1d c:/program files (x86)/cypress/psoc creator/4.2/psoc creator/import/gnu/arm/5.4.1/bin/../lib/gcc/arm-none-eabi/5.4.1/armv7-m/crti.o
 .ARM.attributes
                0x0000001d       0x2d c:/program files (x86)/cypress/psoc creator/4.2/psoc creator/import/gnu/arm/5.4.1/bin/../lib/gcc/arm-none-eabi/5.4.1/armv7-m/crtbegin.o
 .ARM.attributes
                0x0000004a       0x1b c:/program files (x86)/cypress/psoc creator/4.2/psoc creator/import/gnu/arm/5.4.1/bin/../lib/gcc/arm-none-eabi/5.4.1/../../../../arm-none-eabi/lib/armv7-m/crt0.o
 .ARM.attributes
                0x00000065       0x33 .\CortexM3\ARM_GCC_541\Debug\main.o
 .ARM.attributes
                0x00000098       0x33 .\CortexM3\ARM_GCC_541\Debug\cyfitter_cfg.o
 .ARM.attributes
                0x000000cb       0x33 .\CortexM3\ARM_GCC_541\Debug\cymetadata.o
 .ARM.attributes
                0x000000fe       0x33 .\CortexM3\ARM_GCC_541\Debug\Cm3Start.o
 .ARM.attributes
                0x00000131       0x33 .\CortexM3\ARM_GCC_541\Debug\SDCard.a(CyLib.o)
 .ARM.attributes
                0x00000164       0x33 .\CortexM3\ARM_GCC_541\Debug\SDCard.a(cyPm.o)
 .ARM.attributes
                0x00000197       0x33 .\CortexM3\ARM_GCC_541\Debug\SDCard.a(UART.o)
 .ARM.attributes
                0x000001ca       0x33 .\CortexM3\ARM_GCC_541\Debug\SDCard.a(UART_IntClock.o)
 .ARM.attributes
                0x000001fd       0x21 .\CortexM3\ARM_GCC_541\Debug\SDCard.a(CyBootAsmGnu.o)
 .ARM.attributes
                0x0000021e       0x33 .\CortexM3\ARM_GCC_541\Debug\SDCard.a(CyFlash.o)
 .ARM.attributes
                0x00000251       0x33 .\CortexM3\ARM_GCC_541\Debug\SDCard.a(CySpc.o)
 .ARM.attributes
                0x00000284       0x31 ..\emFile_V322c\emFile_V322c\LinkLibrary\PSoC5\GCC\libemf32noslfn.a(FAT_FormatSD.o)
 .ARM.attributes
                0x000002b5       0x31 ..\emFile_V322c\emFile_V322c\LinkLibrary\PSoC5\GCC\libemf32noslfn.a(FAT_Misc.o)
 .ARM.attributes
                0x000002e6       0x31 ..\emFile_V322c\emFile_V322c\LinkLibrary\PSoC5\GCC\libemf32noslfn.a(FAT_Open.o)
 .ARM.attributes
                0x00000317       0x31 ..\emFile_V322c\emFile_V322c\LinkLibrary\PSoC5\GCC\libemf32noslfn.a(FAT_Write.o)
 .ARM.attributes
                0x00000348       0x31 ..\emFile_V322c\emFile_V322c\LinkLibrary\PSoC5\GCC\libemf32noslfn.a(FS_CLib.o)
 .ARM.attributes
                0x00000379       0x31 ..\emFile_V322c\emFile_V322c\LinkLibrary\PSoC5\GCC\libemf32noslfn.a(FS_CopyFile.o)
 .ARM.attributes
                0x000003aa       0x31 ..\emFile_V322c\emFile_V322c\LinkLibrary\PSoC5\GCC\libemf32noslfn.a(FS_Core.o)
 .ARM.attributes
                0x000003db       0x31 ..\emFile_V322c\emFile_V322c\LinkLibrary\PSoC5\GCC\libemf32noslfn.a(FS_Dir.o)
 .ARM.attributes
                0x0000040c       0x31 ..\emFile_V322c\emFile_V322c\LinkLibrary\PSoC5\GCC\libemf32noslfn.a(FS_GetFileSize.o)
 .ARM.attributes
                0x0000043d       0x31 ..\emFile_V322c\emFile_V322c\LinkLibrary\PSoC5\GCC\libemf32noslfn.a(FS_LogBlock.o)
 .ARM.attributes
                0x0000046e       0x31 ..\emFile_V322c\emFile_V322c\LinkLibrary\PSoC5\GCC\libemf32noslfn.a(FS_memcpy.o)
 .ARM.attributes
                0x0000049f       0x31 ..\emFile_V322c\emFile_V322c\LinkLibrary\PSoC5\GCC\libemf32noslfn.a(FS_Misc.o)
 .ARM.attributes
                0x000004d0       0x31 ..\emFile_V322c\emFile_V322c\LinkLibrary\PSoC5\GCC\libemf32noslfn.a(FS_Read.o)
 .ARM.attributes
                0x00000501       0x31 ..\emFile_V322c\emFile_V322c\LinkLibrary\PSoC5\GCC\libemf32noslfn.a(FS_SetEndOfFile.o)
 .ARM.attributes
                0x00000532       0x31 ..\emFile_V322c\emFile_V322c\LinkLibrary\PSoC5\GCC\libemf32noslfn.a(FS_Storage.o)
 .ARM.attributes
                0x00000563       0x31 ..\emFile_V322c\emFile_V322c\LinkLibrary\PSoC5\GCC\libemf32noslfn.a(FS_Time.o)
 .ARM.attributes
                0x00000594       0x31 ..\emFile_V322c\emFile_V322c\LinkLibrary\PSoC5\GCC\libemf32noslfn.a(FS_Unmount.o)
 .ARM.attributes
                0x000005c5       0x31 ..\emFile_V322c\emFile_V322c\LinkLibrary\PSoC5\GCC\libemf32noslfn.a(FS_Volume.o)
 .ARM.attributes
                0x000005f6       0x31 ..\emFile_V322c\emFile_V322c\LinkLibrary\PSoC5\GCC\libemf32noslfn.a(FS_Write.o)
 .ARM.attributes
                0x00000627       0x31 ..\emFile_V322c\emFile_V322c\LinkLibrary\PSoC5\GCC\libemf32noslfn.a(FAT_CheckDisk.o)
 .ARM.attributes
                0x00000658       0x31 ..\emFile_V322c\emFile_V322c\LinkLibrary\PSoC5\GCC\libemf32noslfn.a(FAT_Dir.o)
 .ARM.attributes
                0x00000689       0x31 ..\emFile_V322c\emFile_V322c\LinkLibrary\PSoC5\GCC\libemf32noslfn.a(FAT_DirEntry.o)
 .ARM.attributes
                0x000006ba       0x31 ..\emFile_V322c\emFile_V322c\LinkLibrary\PSoC5\GCC\libemf32noslfn.a(FAT_DiskInfo.o)
 .ARM.attributes
                0x000006eb       0x31 ..\emFile_V322c\emFile_V322c\LinkLibrary\PSoC5\GCC\libemf32noslfn.a(FAT_Format.o)
 .ARM.attributes
                0x0000071c       0x31 ..\emFile_V322c\emFile_V322c\LinkLibrary\PSoC5\GCC\libemf32noslfn.a(FAT_Read.o)
 .ARM.attributes
                0x0000074d       0x31 ..\emFile_V322c\emFile_V322c\LinkLibrary\PSoC5\GCC\libemf32noslfn.a(FAT_SetEndOfFile.o)
 .ARM.attributes
                0x0000077e       0x31 ..\emFile_V322c\emFile_V322c\LinkLibrary\PSoC5\GCC\libemf32noslfn.a(FAT_VolumeLabel.o)
 .ARM.attributes
                0x000007af       0x31 ..\emFile_V322c\emFile_V322c\LinkLibrary\PSoC5\GCC\libemf32noslfn.a(FS_Attrib.o)
 .ARM.attributes
                0x000007e0       0x31 ..\emFile_V322c\emFile_V322c\LinkLibrary\PSoC5\GCC\libemf32noslfn.a(FS_Partition.o)
 .ARM.attributes
                0x00000811       0x33 .\CortexM3\ARM_GCC_541\Debug\SDCard.a(emFile_ConfigMMC_SPI.o)
 .ARM.attributes
                0x00000844       0x31 ..\emFile_V322c\emFile_V322c\LinkLibrary\PSoC5\GCC\libemf32noslfn.a(MMC_Drv.o)
 .ARM.attributes
                0x00000875       0x31 ..\emFile_V322c\emFile_V322c\LinkLibrary\PSoC5\GCC\libemf32noslfn.a(FS_CRC16.o)
 .ARM.attributes
                0x000008a6       0x33 .\CortexM3\ARM_GCC_541\Debug\SDCard.a(emFile_MMC_HW_SPI.o)
 .ARM.attributes
                0x000008d9       0x33 .\CortexM3\ARM_GCC_541\Debug\SDCard.a(emFile_SPI0.o)
 .ARM.attributes
                0x0000090c       0x33 .\CortexM3\ARM_GCC_541\Debug\SDCard.a(emFile_Clock_1.o)
 .ARM.attributes
                0x0000093f       0x33 .\CortexM3\ARM_GCC_541\Debug\SDCard.a(emFile_SPI0_CS.o)
 .ARM.attributes
                0x00000972       0x2d c:/program files (x86)/cypress/psoc creator/4.2/psoc creator/import/gnu/arm/5.4.1/bin/../lib/gcc/arm-none-eabi/5.4.1/../../../../arm-none-eabi/lib/armv7-m\libg_nano.a(lib_a-errno.o)
 .ARM.attributes
                0x0000099f       0x2d c:/program files (x86)/cypress/psoc creator/4.2/psoc creator/import/gnu/arm/5.4.1/bin/../lib/gcc/arm-none-eabi/5.4.1/../../../../arm-none-eabi/lib/armv7-m\libg_nano.a(lib_a-exit.o)
 .ARM.attributes
                0x000009cc       0x2d c:/program files (x86)/cypress/psoc creator/4.2/psoc creator/import/gnu/arm/5.4.1/bin/../lib/gcc/arm-none-eabi/5.4.1/../../../../arm-none-eabi/lib/armv7-m\libg_nano.a(lib_a-impure.o)
 .ARM.attributes
                0x000009f9       0x2d c:/program files (x86)/cypress/psoc creator/4.2/psoc creator/import/gnu/arm/5.4.1/bin/../lib/gcc/arm-none-eabi/5.4.1/../../../../arm-none-eabi/lib/armv7-m\libg_nano.a(lib_a-init.o)
 .ARM.attributes
                0x00000a26       0x2d c:/program files (x86)/cypress/psoc creator/4.2/psoc creator/import/gnu/arm/5.4.1/bin/../lib/gcc/arm-none-eabi/5.4.1/../../../../arm-none-eabi/lib/armv7-m\libg_nano.a(lib_a-memcmp.o)
 .ARM.attributes
                0x00000a53       0x2d c:/program files (x86)/cypress/psoc creator/4.2/psoc creator/import/gnu/arm/5.4.1/bin/../lib/gcc/arm-none-eabi/5.4.1/../../../../arm-none-eabi/lib/armv7-m\libg_nano.a(lib_a-memcpy-stub.o)
 .ARM.attributes
                0x00000a80       0x2d c:/program files (x86)/cypress/psoc creator/4.2/psoc creator/import/gnu/arm/5.4.1/bin/../lib/gcc/arm-none-eabi/5.4.1/../../../../arm-none-eabi/lib/armv7-m\libg_nano.a(lib_a-memset.o)
 .ARM.attributes
                0x00000aad       0x17 c:/program files (x86)/cypress/psoc creator/4.2/psoc creator/import/gnu/arm/5.4.1/bin/../lib/gcc/arm-none-eabi/5.4.1/../../../../arm-none-eabi/lib/armv7-m\libg_nano.a(lib_a-strlen.o)
 .ARM.attributes
                0x00000ac4       0x2d c:/program files (x86)/cypress/psoc creator/4.2/psoc creator/import/gnu/arm/5.4.1/bin/../lib/gcc/arm-none-eabi/5.4.1/armv7-m/crtend.o
 .ARM.attributes
                0x00000af1       0x1d c:/program files (x86)/cypress/psoc creator/4.2/psoc creator/import/gnu/arm/5.4.1/bin/../lib/gcc/arm-none-eabi/5.4.1/armv7-m/crtn.o

/DISCARD/
 *(.note.GNU-stack)
OUTPUT(C:\Users\Albert Sandager\Documents\GitHub\P4-ViewCare\PSoC\SDCard\SDCard.cydsn\CortexM3\ARM_GCC_541\Debug\SDCard.elf elf32-littlearm)
